Component: ARM Compiler 5.06 update 6 (build 750) Tool: armlink [4d35ed]

==============================================================================

Section Cross References

    startup_stm32h743xx.o(RESET) refers to startup_stm32h743xx.o(STACK) for __initial_sp
    startup_stm32h743xx.o(RESET) refers to startup_stm32h743xx.o(.text) for Reset_Handler
    startup_stm32h743xx.o(RESET) refers to stm32h7xx_it.o(i.NMI_Handler) for NMI_Handler
    startup_stm32h743xx.o(RESET) refers to stm32h7xx_it.o(i.HardFault_Handler) for HardFault_Handler
    startup_stm32h743xx.o(RESET) refers to stm32h7xx_it.o(i.MemManage_Handler) for MemManage_Handler
    startup_stm32h743xx.o(RESET) refers to stm32h7xx_it.o(i.BusFault_Handler) for BusFault_Handler
    startup_stm32h743xx.o(RESET) refers to stm32h7xx_it.o(i.UsageFault_Handler) for UsageFault_Handler
    startup_stm32h743xx.o(RESET) refers to port.o(.emb_text) for SVC_Handler
    startup_stm32h743xx.o(RESET) refers to stm32h7xx_it.o(i.DebugMon_Handler) for DebugMon_Handler
    startup_stm32h743xx.o(RESET) refers to port.o(i.SysTick_Handler) for SysTick_Handler
    startup_stm32h743xx.o(RESET) refers to stm32h7xx_it.o(i.EXTI0_IRQHandler) for EXTI0_IRQHandler
    startup_stm32h743xx.o(RESET) refers to stm32h7xx_it.o(i.EXTI2_IRQHandler) for EXTI2_IRQHandler
    startup_stm32h743xx.o(RESET) refers to stm32h7xx_it.o(i.EXTI9_5_IRQHandler) for EXTI9_5_IRQHandler
    startup_stm32h743xx.o(RESET) refers to stm32h7xx_it.o(i.TIM1_UP_IRQHandler) for TIM1_UP_IRQHandler
    startup_stm32h743xx.o(RESET) refers to stm32h7xx_it.o(i.USART3_IRQHandler) for USART3_IRQHandler
    startup_stm32h743xx.o(RESET) refers to stm32h7xx_it.o(i.EXTI15_10_IRQHandler) for EXTI15_10_IRQHandler
    startup_stm32h743xx.o(.text) refers to system_stm32h7xx.o(i.SystemInit) for SystemInit
    startup_stm32h743xx.o(.text) refers to entry.o(.ARM.Collect$$$$00000000) for __main
    led_task.o(i.led_task) refers to messaging.o(i.MSG_Printf) for MSG_Printf
    led_task.o(i.led_task) refers to stm32h7xx_hal_gpio.o(i.HAL_GPIO_TogglePin) for HAL_GPIO_TogglePin
    led_task.o(i.led_task) refers to tasks.o(i.vTaskDelay) for vTaskDelay
    led_task.o(i.led_task_init) refers to tasks.o(i.xTaskCreate) for xTaskCreate
    led_task.o(i.led_task_init) refers to led_task.o(.bss) for .bss
    led_task.o(i.led_task_init) refers to led_task.o(.data) for .data
    led_task.o(i.led_task_init) refers to led_task.o(i.led_task) for led_task
    led_task.o(i.led_toggle) refers to stm32h7xx_hal_gpio.o(i.HAL_GPIO_TogglePin) for HAL_GPIO_TogglePin
    led_task.o(.data) refers to led_task.o(.conststring) for .conststring
    messaging.o(i.MSG_Printf) refers to printfa.o(i.__0vsnprintf) for vsnprintf
    messaging.o(i.MSG_Printf) refers to queue.o(i.xQueueGenericSend) for xQueueGenericSend
    messaging.o(i.MSG_Printf) refers to messaging.o(.data) for .data
    messaging.o(i.MessageRxTask) refers to stm32h7xx_hal_uart.o(i.HAL_UART_Receive) for HAL_UART_Receive
    messaging.o(i.MessageRxTask) refers to stm32h7xx_hal_uart.o(i.HAL_UART_Transmit) for HAL_UART_Transmit
    messaging.o(i.MessageRxTask) refers to strlen.o(.text) for strlen
    messaging.o(i.MessageRxTask) refers to main.o(.bss) for huart3
    messaging.o(i.MessageTxTask) refers to queue.o(i.xQueueReceive) for xQueueReceive
    messaging.o(i.MessageTxTask) refers to strlen.o(.text) for strlen
    messaging.o(i.MessageTxTask) refers to stm32h7xx_hal_uart.o(i.HAL_UART_Transmit) for HAL_UART_Transmit
    messaging.o(i.MessageTxTask) refers to tasks.o(i.vTaskDelay) for vTaskDelay
    messaging.o(i.MessageTxTask) refers to messaging.o(.data) for .data
    messaging.o(i.MessageTxTask) refers to main.o(.bss) for huart3
    messaging.o(i.MessagingTaskInit) refers to queue.o(i.xQueueGenericCreate) for xQueueGenericCreate
    messaging.o(i.MessagingTaskInit) refers to tasks.o(i.xTaskCreate) for xTaskCreate
    messaging.o(i.MessagingTaskInit) refers to messaging.o(.data) for .data
    messaging.o(i.MessagingTaskInit) refers to messaging.o(i.MessageTxTask) for MessageTxTask
    stepperdriver.o(i.MyFlagInterruptHandler) refers to x_nucleo_ihmxx.o(i.BSP_MotorControl_CmdGetStatus) for BSP_MotorControl_CmdGetStatus
    stepperdriver.o(i.StepperTask) refers to messaging.o(i.MSG_Printf) for MSG_Printf
    stepperdriver.o(i.StepperTask) refers to x_nucleo_ihmxx.o(i.BSP_MotorControl_SetNbDevices) for BSP_MotorControl_SetNbDevices
    stepperdriver.o(i.StepperTask) refers to x_nucleo_ihmxx.o(i.BSP_MotorControl_Init) for BSP_MotorControl_Init
    stepperdriver.o(i.StepperTask) refers to x_nucleo_ihmxx.o(i.BSP_MotorControl_AttachFlagInterrupt) for BSP_MotorControl_AttachFlagInterrupt
    stepperdriver.o(i.StepperTask) refers to x_nucleo_ihmxx.o(i.BSP_MotorControl_AttachErrorHandler) for BSP_MotorControl_AttachErrorHandler
    stepperdriver.o(i.StepperTask) refers to x_nucleo_ihmxx.o(i.BSP_MotorControl_Move) for BSP_MotorControl_Move
[...]
    DFSDM1_FLT0_IRQHandler                   0x08000387   Thumb Code     0  startup_stm32h743xx.o(.text)
    DFSDM1_FLT1_IRQHandler                   0x08000387   Thumb Code     0  startup_stm32h743xx.o(.text)
    DFSDM1_FLT2_IRQHandler                   0x08000387   Thumb Code     0  startup_stm32h743xx.o(.text)
    DFSDM1_FLT3_IRQHandler                   0x08000387   Thumb Code     0  startup_stm32h743xx.o(.text)
    DMA1_Stream0_IRQHandler                  0x08000387   Thumb Code     0  startup_stm32h743xx.o(.text)
    DMA1_Stream1_IRQHandler                  0x08000387   Thumb Code     0  startup_stm32h743xx.o(.text)
    DMA1_Stream2_IRQHandler                  0x08000387   Thumb Code     0  startup_stm32h743xx.o(.text)
    DMA1_Stream3_IRQHandler                  0x08000387   Thumb Code     0  startup_stm32h743xx.o(.text)
    DMA1_Stream4_IRQHandler                  0x08000387   Thumb Code     0  startup_stm32h743xx.o(.text)
    DMA1_Stream5_IRQHandler                  0x08000387   Thumb Code     0  startup_stm32h743xx.o(.text)
    DMA1_Stream6_IRQHandler                  0x08000387   Thumb Code     0  startup_stm32h743xx.o(.text)
    DMA1_Stream7_IRQHandler                  0x08000387   Thumb Code     0  startup_stm32h743xx.o(.text)
    DMA2D_IRQHandler                         0x08000387   Thumb Code     0  startup_stm32h743xx.o(.text)
    DMA2_Stream0_IRQHandler                  0x08000387   Thumb Code     0  startup_stm32h743xx.o(.text)
    DMA2_Stream1_IRQHandler                  0x08000387   Thumb Code     0  startup_stm32h743xx.o(.text)
    DMA2_Stream2_IRQHandler                  0x08000387   Thumb Code     0  startup_stm32h743xx.o(.text)
    DMA2_Stream3_IRQHandler                  0x08000387   Thumb Code     0  startup_stm32h743xx.o(.text)
    DMA2_Stream4_IRQHandler                  0x08000387   Thumb Code     0  startup_stm32h743xx.o(.text)
    DMA2_Stream5_IRQHandler                  0x08000387   Thumb Code     0  startup_stm32h743xx.o(.text)
    DMA2_Stream6_IRQHandler                  0x08000387   Thumb Code     0  startup_stm32h743xx.o(.text)
    DMA2_Stream7_IRQHandler                  0x08000387   Thumb Code     0  startup_stm32h743xx.o(.text)
    DMAMUX1_OVR_IRQHandler                   0x08000387   Thumb Code     0  startup_stm32h743xx.o(.text)
    DMAMUX2_OVR_IRQHandler                   0x08000387   Thumb Code     0  startup_stm32h743xx.o(.text)
    ECC_IRQHandler                           0x08000387   Thumb Code     0  startup_stm32h743xx.o(.text)
    ETH_IRQHandler                           0x08000387   Thumb Code     0  startup_stm32h743xx.o(.text)
    ETH_WKUP_IRQHandler                      0x08000387   Thumb Code     0  startup_stm32h743xx.o(.text)
    EXTI1_IRQHandler                         0x08000387   Thumb Code     0  startup_stm32h743xx.o(.text)
    EXTI3_IRQHandler                         0x08000387   Thumb Code     0  startup_stm32h743xx.o(.text)
    EXTI4_IRQHandler                         0x08000387   Thumb Code     0  startup_stm32h743xx.o(.text)
    FDCAN1_IT0_IRQHandler                    0x08000387   Thumb Code     0  startup_stm32h743xx.o(.text)
    FDCAN1_IT1_IRQHandler                    0x08000387   Thumb Code     0  startup_stm32h743xx.o(.text)
    FDCAN2_IT0_IRQHandler                    0x08000387   Thumb Code     0  startup_stm32h743xx.o(.text)
    FDCAN2_IT1_IRQHandler                    0x08000387   Thumb Code     0  startup_stm32h743xx.o(.text)
    FDCAN_CAL_IRQHandler                     0x08000387   Thumb Code     0  startup_stm32h743xx.o(.text)
    FLASH_IRQHandler                         0x08000387   Thumb Code     0  startup_stm32h743xx.o(.text)
    FMC_IRQHandler                           0x08000387   Thumb Code     0  startup_stm32h743xx.o(.text)
    FPU_IRQHandler                           0x08000387   Thumb Code     0  startup_stm32h743xx.o(.text)
    HRTIM1_FLT_IRQHandler                    0x08000387   Thumb Code     0  startup_stm32h743xx.o(.text)
    HRTIM1_Master_IRQHandler                 0x08000387   Thumb Code     0  startup_stm32h743xx.o(.text)
    HRTIM1_TIMA_IRQHandler                   0x08000387   Thumb Code     0  startup_stm32h743xx.o(.text)
    HRTIM1_TIMB_IRQHandler                   0x08000387   Thumb Code     0  startup_stm32h743xx.o(.text)
    HRTIM1_TIMC_IRQHandler                   0x08000387   Thumb Code     0  startup_stm32h743xx.o(.text)
    HRTIM1_TIMD_IRQHandler                   0x08000387   Thumb Code     0  startup_stm32h743xx.o(.text)
    HRTIM1_TIME_IRQHandler                   0x08000387   Thumb Code     0  startup_stm32h743xx.o(.text)
    HSEM1_IRQHandler                         0x08000387   Thumb Code     0  startup_stm32h743xx.o(.text)
    I2C1_ER_IRQHandler                       0x08000387   Thumb Code     0  startup_stm32h743xx.o(.text)
    I2C1_EV_IRQHandler                       0x08000387   Thumb Code     0  startup_stm32h743xx.o(.text)
    I2C2_ER_IRQHandler                       0x08000387   Thumb Code     0  startup_stm32h743xx.o(.text)
    I2C2_EV_IRQHandler                       0x08000387   Thumb Code     0  startup_stm32h743xx.o(.text)
    I2C3_ER_IRQHandler                       0x08000387   Thumb Code     0  startup_stm32h743xx.o(.text)
    I2C3_EV_IRQHandler                       0x08000387   Thumb Code     0  startup_stm32h743xx.o(.text)
    I2C4_ER_IRQHandler                       0x08000387   Thumb Code     0  startup_stm32h743xx.o(.text)
    I2C4_EV_IRQHandler                       0x08000387   Thumb Code     0  startup_stm32h743xx.o(.text)
    JPEG_IRQHandler                          0x08000387   Thumb Code     0  startup_stm32h743xx.o(.text)
    LPTIM1_IRQHandler                        0x08000387   Thumb Code     0  startup_stm32h743xx.o(.text)
    LPTIM2_IRQHandler                        0x08000387   Thumb Code     0  startup_stm32h743xx.o(.text)
    LPTIM3_IRQHandler                        0x08000387   Thumb Code     0  startup_stm32h743xx.o(.text)
    LPTIM4_IRQHandler                        0x08000387   Thumb Code     0  startup_stm32h743xx.o(.text)
    LPTIM5_IRQHandler                        0x08000387   Thumb Code     0  startup_stm32h743xx.o(.text)
    LPUART1_IRQHandler                       0x08000387   Thumb Code     0  startup_stm32h743xx.o(.text)
    LTDC_ER_IRQHandler                       0x08000387   Thumb Code     0  startup_stm32h743xx.o(.text)
    LTDC_IRQHandler                          0x08000387   Thumb Code     0  startup_stm32h743xx.o(.text)
    MDIOS_IRQHandler                         0x08000387   Thumb Code     0  startup_stm32h743xx.o(.text)
    MDIOS_WKUP_IRQHandler                    0x08000387   Thumb Code     0  startup_stm32h743xx.o(.text)
    MDMA_IRQHandler                          0x08000387   Thumb Code     0  startup_stm32h743xx.o(.text)
    OTG_FS_EP1_IN_IRQHandler                 0x08000387   Thumb Code     0  startup_stm32h743xx.o(.text)
    OTG_FS_EP1_OUT_IRQHandler                0x08000387   Thumb Code     0  startup_stm32h743xx.o(.text)
    OTG_FS_IRQHandler                        0x08000387   Thumb Code     0  startup_stm32h743xx.o(.text)
    OTG_FS_WKUP_IRQHandler                   0x08000387   Thumb Code     0  startup_stm32h743xx.o(.text)
    OTG_HS_EP1_IN_IRQHandler                 0x08000387   Thumb Code     0  startup_stm32h743xx.o(.text)
    OTG_HS_EP1_OUT_IRQHandler                0x08000387   Thumb Code     0  startup_stm32h743xx.o(.text)
    OTG_HS_IRQHandler                        0x08000387   Thumb Code     0  startup_stm32h743xx.o(.text)
    OTG_HS_WKUP_IRQHandler                   0x08000387   Thumb Code     0  startup_stm32h743xx.o(.text)
    PVD_AVD_IRQHandler                       0x08000387   Thumb Code     0  startup_stm32h743xx.o(.text)
    QUADSPI_IRQHandler                       0x08000387   Thumb Code     0  startup_stm32h743xx.o(.text)
    RCC_IRQHandler                           0x08000387   Thumb Code     0  startup_stm32h743xx.o(.text)
    RNG_IRQHandler                           0x08000387   Thumb Code     0  startup_stm32h743xx.o(.text)
    RTC_Alarm_IRQHandler                     0x08000387   Thumb Code     0  startup_stm32h743xx.o(.text)
    RTC_WKUP_IRQHandler                      0x08000387   Thumb Code     0  startup_stm32h743xx.o(.text)
    SAI1_IRQHandler                          0x08000387   Thumb Code     0  startup_stm32h743xx.o(.text)
    SAI2_IRQHandler                          0x08000387   Thumb Code     0  startup_stm32h743xx.o(.text)
    SAI3_IRQHandler                          0x08000387   Thumb Code     0  startup_stm32h743xx.o(.text)
    SAI4_IRQHandler                          0x08000387   Thumb Code     0  startup_stm32h743xx.o(.text)
    SDMMC1_IRQHandler                        0x08000387   Thumb Code     0  startup_stm32h743xx.o(.text)
    SDMMC2_IRQHandler                        0x08000387   Thumb Code     0  startup_stm32h743xx.o(.text)
    SPDIF_RX_IRQHandler                      0x08000387   Thumb Code     0  startup_stm32h743xx.o(.text)
    SPI1_IRQHandler                          0x08000387   Thumb Code     0  startup_stm32h743xx.o(.text)
    SPI2_IRQHandler                          0x08000387   Thumb Code     0  startup_stm32h743xx.o(.text)
    SPI3_IRQHandler                          0x08000387   Thumb Code     0  startup_stm32h743xx.o(.text)
    SPI4_IRQHandler                          0x08000387   Thumb Code     0  startup_stm32h743xx.o(.text)
    SPI5_IRQHandler                          0x08000387   Thumb Code     0  startup_stm32h743xx.o(.text)
    SPI6_IRQHandler                          0x08000387   Thumb Code     0  startup_stm32h743xx.o(.text)
    SWPMI1_IRQHandler                        0x08000387   Thumb Code     0  startup_stm32h743xx.o(.text)
    TAMP_STAMP_IRQHandler                    0x08000387   Thumb Code     0  startup_stm32h743xx.o(.text)
    TIM15_IRQHandler                         0x08000387   Thumb Code     0  startup_stm32h743xx.o(.text)
    TIM16_IRQHandler                         0x08000387   Thumb Code     0  startup_stm32h743xx.o(.text)
    TIM17_IRQHandler                         0x08000387   Thumb Code     0  startup_stm32h743xx.o(.text)
    TIM1_BRK_IRQHandler                      0x08000387   Thumb Code     0  startup_stm32h743xx.o(.text)
    TIM1_CC_IRQHandler                       0x08000387   Thumb Code     0  startup_stm32h743xx.o(.text)
    TIM1_TRG_COM_IRQHandler                  0x08000387   Thumb Code     0  startup_stm32h743xx.o(.text)
    TIM2_IRQHandler                          0x08000387   Thumb Code     0  startup_stm32h743xx.o(.text)
    TIM3_IRQHandler                          0x08000387   Thumb Code     0  startup_stm32h743xx.o(.text)
    TIM4_IRQHandler                          0x08000387   Thumb Code     0  startup_stm32h743xx.o(.text)
    TIM5_IRQHandler                          0x08000387   Thumb Code     0  startup_stm32h743xx.o(.text)
    TIM6_DAC_IRQHandler                      0x08000387   Thumb Code     0  startup_stm32h743xx.o(.text)
    TIM7_IRQHandler                          0x08000387   Thumb Code     0  startup_stm32h743xx.o(.text)
    TIM8_BRK_TIM12_IRQHandler                0x08000387   Thumb Code     0  startup_stm32h743xx.o(.text)
    TIM8_CC_IRQHandler                       0x08000387   Thumb Code     0  startup_stm32h743xx.o(.text)
    TIM8_TRG_COM_TIM14_IRQHandler            0x08000387   Thumb Code     0  startup_stm32h743xx.o(.text)
    TIM8_UP_TIM13_IRQHandler                 0x08000387   Thumb Code     0  startup_stm32h743xx.o(.text)
    UART4_IRQHandler                         0x08000387   Thumb Code     0  startup_stm32h743xx.o(.text)
    UART5_IRQHandler                         0x08000387   Thumb Code     0  startup_stm32h743xx.o(.text)
    UART7_IRQHandler                         0x08000387   Thumb Code     0  startup_stm32h743xx.o(.text)
    UART8_IRQHandler                         0x08000387   Thumb Code     0  startup_stm32h743xx.o(.text)
    USART1_IRQHandler                        0x08000387   Thumb Code     0  startup_stm32h743xx.o(.text)
    USART2_IRQHandler                        0x08000387   Thumb Code     0  startup_stm32h743xx.o(.text)
    USART6_IRQHandler                        0x08000387   Thumb Code     0  startup_stm32h743xx.o(.text)
    WAKEUP_PIN_IRQHandler                    0x08000387   Thumb Code     0  startup_stm32h743xx.o(.text)
    WWDG_IRQHandler                          0x08000387   Thumb Code     0  startup_stm32h743xx.o(.text)
    __aeabi_uldivmod                         0x08000391   Thumb Code    98  uldiv.o(.text)
    __aeabi_memcpy                           0x080003f3   Thumb Code    36  memcpya.o(.text)
    __aeabi_memcpy4                          0x080003f3   Thumb Code     0  memcpya.o(.text)
    __aeabi_memcpy8                          0x080003f3   Thumb Code     0  memcpya.o(.text)
    __aeabi_memset                           0x08000417   Thumb Code    14  memseta.o(.text)
    __aeabi_memset4                          0x08000417   Thumb Code     0  memseta.o(.text)
    __aeabi_memset8                          0x08000417   Thumb Code     0  memseta.o(.text)
    __aeabi_memclr                           0x08000425   Thumb Code     4  memseta.o(.text)
    __aeabi_memclr4                          0x08000425   Thumb Code     0  memseta.o(.text)
    __aeabi_memclr8                          0x08000425   Thumb Code     0  memseta.o(.text)
    memset                                   0x08000429   Thumb Code    18  memseta.o(.text)
    strlen                                   0x0800043b   Thumb Code    14  strlen.o(.text)
    __aeabi_uidiv                            0x08000449   Thumb Code     0  uidiv.o(.text)
    __aeabi_uidivmod                         0x08000449   Thumb Code    44  uidiv.o(.text)
    __aeabi_llsl                             0x08000475   Thumb Code    30  llshl.o(.text)
    _ll_shift_l                              0x08000475   Thumb Code     0  llshl.o(.text)
    __aeabi_llsr                             0x08000493   Thumb Code    32  llushr.o(.text)
    _ll_ushift_r                             0x08000493   Thumb Code     0  llushr.o(.text)
    __I$use$fp                               0x080004b3   Thumb Code     0  iusefp.o(.text)
    __aeabi_dadd                             0x080004b3   Thumb Code   322  dadd.o(.text)
    __aeabi_dsub                             0x080005f5   Thumb Code     6  dadd.o(.text)
    __aeabi_drsub                            0x080005fb   Thumb Code     6  dadd.o(.text)
    __aeabi_dmul                             0x08000601   Thumb Code   228  dmul.o(.text)
    __aeabi_ddiv                             0x080006e5   Thumb Code   222  ddiv.o(.text)
    __aeabi_d2ulz                            0x080007c3   Thumb Code    48  dfixul.o(.text)
    __aeabi_cdrcmple                         0x080007f5   Thumb Code    48  cdrcmple.o(.text)
    __scatterload                            0x08000825   Thumb Code    28  init.o(.text)
    __scatterload_rt2                        0x08000825   Thumb Code     0  init.o(.text)
    __aeabi_lasr                             0x08000849   Thumb Code    36  llsshr.o(.text)
    _ll_sshift_r                             0x08000849   Thumb Code     0  llsshr.o(.text)
    _double_round                            0x0800086d   Thumb Code    30  depilogue.o(.text)
    _double_epilogue                         0x0800088b   Thumb Code   156  depilogue.o(.text)
    __decompress                             0x08000927   Thumb Code     0  __dczerorl2.o(.text)
    __decompress1                            0x08000927   Thumb Code    86  __dczerorl2.o(.text)
    BSP_MotorControl_AttachErrorHandler      0x0800097d   Thumb Code    20  x_nucleo_ihmxx.o(i.BSP_MotorControl_AttachErrorHandler)
    BSP_MotorControl_AttachFlagInterrupt     0x08000995   Thumb Code    20  x_nucleo_ihmxx.o(i.BSP_MotorControl_AttachFlagInterrupt)
    BSP_MotorControl_CmdDisable              0x080009ad   Thumb Code    20  x_nucleo_ihmxx.o(i.BSP_MotorControl_CmdDisable)
    BSP_MotorControl_CmdGetParam             0x080009c5   Thumb Code    38  x_nucleo_ihmxx.o(i.BSP_MotorControl_CmdGetParam)
    BSP_MotorControl_CmdGetStatus            0x080009f1   Thumb Code    38  x_nucleo_ihmxx.o(i.BSP_MotorControl_CmdGetStatus)
    BSP_MotorControl_ErrorHandler            0x08000a1d   Thumb Code    16  x_nucleo_ihmxx.o(i.BSP_MotorControl_ErrorHandler)
    BSP_MotorControl_GetCurrentSpeed         0x08000a31   Thumb Code    36  x_nucleo_ihmxx.o(i.BSP_MotorControl_GetCurrentSpeed)
    BSP_MotorControl_GetPosition             0x08000a59   Thumb Code    36  x_nucleo_ihmxx.o(i.BSP_MotorControl_GetPosition)
    BSP_MotorControl_GoHome                  0x08000a81   Thumb Code    20  x_nucleo_ihmxx.o(i.BSP_MotorControl_GoHome)
    BSP_MotorControl_GoMark                  0x08000a99   Thumb Code    20  x_nucleo_ihmxx.o(i.BSP_MotorControl_GoMark)
    BSP_MotorControl_GoTo                    0x08000ab1   Thumb Code    20  x_nucleo_ihmxx.o(i.BSP_MotorControl_GoTo)
    BSP_MotorControl_HardStop                0x08000ac9   Thumb Code    20  x_nucleo_ihmxx.o(i.BSP_MotorControl_HardStop)
    BSP_MotorControl_Init                    0x08000ae1   Thumb Code    22  x_nucleo_ihmxx.o(i.BSP_MotorControl_Init)
    BSP_MotorControl_Move                    0x08000afd   Thumb Code    20  x_nucleo_ihmxx.o(i.BSP_MotorControl_Move)
    BSP_MotorControl_Run                     0x08000b15   Thumb Code    20  x_nucleo_ihmxx.o(i.BSP_MotorControl_Run)
    BSP_MotorControl_SelectStepMode          0x08000b2d   Thumb Code    38  x_nucleo_ihmxx.o(i.BSP_MotorControl_SelectStepMode)
    BSP_MotorControl_SetAcceleration         0x08000b59   Thumb Code    36  x_nucleo_ihmxx.o(i.BSP_MotorControl_SetAcceleration)
    BSP_MotorControl_SetDeceleration         0x08000b81   Thumb Code    36  x_nucleo_ihmxx.o(i.BSP_MotorControl_SetDeceleration)
    BSP_MotorControl_SetHome                 0x08000ba9   Thumb Code    20  x_nucleo_ihmxx.o(i.BSP_MotorControl_SetHome)
    BSP_MotorControl_SetMark                 0x08000bc1   Thumb Code    20  x_nucleo_ihmxx.o(i.BSP_MotorControl_SetMark)
    BSP_MotorControl_SetMaxSpeed             0x08000bd9   Thumb Code    36  x_nucleo_ihmxx.o(i.BSP_MotorControl_SetMaxSpeed)
    BSP_MotorControl_SetMinSpeed             0x08000c01   Thumb Code    36  x_nucleo_ihmxx.o(i.BSP_MotorControl_SetMinSpeed)
    BSP_MotorControl_SetNbDevices            0x08000c29   Thumb Code   156  x_nucleo_ihmxx.o(i.BSP_MotorControl_SetNbDevices)
    BSP_MotorControl_SoftStop                0x08000cc9   Thumb Code    36  x_nucleo_ihmxx.o(i.BSP_MotorControl_SoftStop)
    BSP_MotorControl_WaitWhileActive         0x08000cf1   Thumb Code    20  x_nucleo_ihmxx.o(i.BSP_MotorControl_WaitWhileActive)
    BusFault_Handler                         0x08000d09   Thumb Code     2  stm32h7xx_it.o(i.BusFault_Handler)
    DebugMon_Handler                         0x08000d0b   Thumb Code     2  stm32h7xx_it.o(i.DebugMon_Handler)
    EXTI0_IRQHandler                         0x08000d0d   Thumb Code     6  stm32h7xx_it.o(i.EXTI0_IRQHandler)
    EXTI15_10_IRQHandler                     0x08000d13   Thumb Code     8  stm32h7xx_it.o(i.EXTI15_10_IRQHandler)
    EXTI2_IRQHandler                         0x08000d1b   Thumb Code     6  stm32h7xx_it.o(i.EXTI2_IRQHandler)
    EXTI9_5_IRQHandler                       0x08000d21   Thumb Code     6  stm32h7xx_it.o(i.EXTI9_5_IRQHandler)
    HAL_DMA_Abort_IT                         0x08000d29   Thumb Code   422  stm32h7xx_hal_dma.o(i.HAL_DMA_Abort_IT)
    HAL_Delay                                0x08000ef5   Thumb Code    32  stm32h7xx_hal.o(i.HAL_Delay)
    HAL_GPIO_EXTI_Callback                   0x08000f19   Thumb Code     2  stm32h7xx_hal_gpio.o(i.HAL_GPIO_EXTI_Callback)
    HAL_GPIO_EXTI_IRQHandler                 0x08000f1b   Thumb Code    24  stm32h7xx_hal_gpio.o(i.HAL_GPIO_EXTI_IRQHandler)
    HAL_GPIO_Init                            0x08000f35   Thumb Code   458  stm32h7xx_hal_gpio.o(i.HAL_GPIO_Init)
    HAL_GPIO_TogglePin                       0x08001131   Thumb Code    14  stm32h7xx_hal_gpio.o(i.HAL_GPIO_TogglePin)
    HAL_GPIO_WritePin                        0x0800113f   Thumb Code    10  stm32h7xx_hal_gpio.o(i.HAL_GPIO_WritePin)
    HAL_GetREVID                             0x08001149   Thumb Code     8  stm32h7xx_hal.o(i.HAL_GetREVID)
    HAL_GetTick                              0x08001155   Thumb Code     6  stm32h7xx_hal.o(i.HAL_GetTick)
    HAL_IncTick                              0x08001161   Thumb Code    12  stm32h7xx_hal.o(i.HAL_IncTick)
    HAL_Init                                 0x08001171   Thumb Code    72  stm32h7xx_hal.o(i.HAL_Init)
    HAL_InitTick                             0x080011c9   Thumb Code   100  stm32h7xx_hal_timebase_tim.o(i.HAL_InitTick)
    HAL_MspInit                              0x0800123d   Thumb Code    32  stm32h7xx_hal_msp.o(i.HAL_MspInit)
    HAL_NVIC_EnableIRQ                       0x08001261   Thumb Code    26  stm32h7xx_hal_cortex.o(i.HAL_NVIC_EnableIRQ)
    HAL_NVIC_SetPriority                     0x0800127d   Thumb Code    60  stm32h7xx_hal_cortex.o(i.HAL_NVIC_SetPriority)
    HAL_NVIC_SetPriorityGrouping             0x080012bd   Thumb Code    28  stm32h7xx_hal_cortex.o(i.HAL_NVIC_SetPriorityGrouping)
    HAL_PWREx_ConfigSupply                   0x080012e1   Thumb Code    76  stm32h7xx_hal_pwr_ex.o(i.HAL_PWREx_ConfigSupply)
    HAL_RCCEx_GetD1SysClockFreq              0x08001331   Thumb Code    30  stm32h7xx_hal_rcc_ex.o(i.HAL_RCCEx_GetD1SysClockFreq)
    HAL_RCCEx_GetD3PCLK1Freq                 0x0800135d   Thumb Code    26  stm32h7xx_hal_rcc_ex.o(i.HAL_RCCEx_GetD3PCLK1Freq)
    HAL_RCCEx_GetPLL2ClockFreq               0x08001381   Thumb Code   296  stm32h7xx_hal_rcc_ex.o(i.HAL_RCCEx_GetPLL2ClockFreq)
    HAL_RCCEx_GetPLL3ClockFreq               0x080014c5   Thumb Code   296  stm32h7xx_hal_rcc_ex.o(i.HAL_RCCEx_GetPLL3ClockFreq)
    HAL_RCCEx_PeriphCLKConfig                0x08001609   Thumb Code  2230  stm32h7xx_hal_rcc_ex.o(i.HAL_RCCEx_PeriphCLKConfig)
    HAL_RCC_ClockConfig                      0x08001ec1   Thumb Code   560  stm32h7xx_hal_rcc.o(i.HAL_RCC_ClockConfig)
    HAL_RCC_GetClockConfig                   0x08002105   Thumb Code    84  stm32h7xx_hal_rcc.o(i.HAL_RCC_GetClockConfig)
    HAL_RCC_GetHCLKFreq                      0x08002161   Thumb Code    30  stm32h7xx_hal_rcc.o(i.HAL_RCC_GetHCLKFreq)
    HAL_RCC_GetPCLK1Freq                     0x0800218d   Thumb Code    26  stm32h7xx_hal_rcc.o(i.HAL_RCC_GetPCLK1Freq)
    HAL_RCC_GetPCLK2Freq                     0x080021b1   Thumb Code    26  stm32h7xx_hal_rcc.o(i.HAL_RCC_GetPCLK2Freq)
    HAL_RCC_GetSysClockFreq                  0x080021d5   Thumb Code   278  stm32h7xx_hal_rcc.o(i.HAL_RCC_GetSysClockFreq)
    HAL_RCC_OscConfig                        0x0800230d   Thumb Code  1206  stm32h7xx_hal_rcc.o(i.HAL_RCC_OscConfig)
    HAL_SPI_Init                             0x080027c5   Thumb Code   308  stm32h7xx_hal_spi.o(i.HAL_SPI_Init)
    HAL_SPI_MspInit                          0x08002905   Thumb Code   126  stm32h7xx_hal_msp.o(i.HAL_SPI_MspInit)
    HAL_SPI_TransmitReceive                  0x08002995   Thumb Code   802  stm32h7xx_hal_spi.o(i.HAL_SPI_TransmitReceive)
    HAL_TIMEx_Break2Callback                 0x08002cb7   Thumb Code     2  stm32h7xx_hal_tim_ex.o(i.HAL_TIMEx_Break2Callback)
    HAL_TIMEx_BreakCallback                  0x08002cb9   Thumb Code     2  stm32h7xx_hal_tim_ex.o(i.HAL_TIMEx_BreakCallback)
    HAL_TIMEx_CommutCallback                 0x08002cbb   Thumb Code     2  stm32h7xx_hal_tim_ex.o(i.HAL_TIMEx_CommutCallback)
    HAL_TIMEx_MasterConfigSynchronization    0x08002cbd   Thumb Code    88  stm32h7xx_hal_tim_ex.o(i.HAL_TIMEx_MasterConfigSynchronization)
    HAL_TIM_Base_Init                        0x08002d1d   Thumb Code    54  stm32h7xx_hal_tim.o(i.HAL_TIM_Base_Init)
    HAL_TIM_Base_MspInit                     0x08002d55   Thumb Code    52  stm32h7xx_hal_msp.o(i.HAL_TIM_Base_MspInit)
    HAL_TIM_Base_Start_IT                    0x08002d91   Thumb Code    40  stm32h7xx_hal_tim.o(i.HAL_TIM_Base_Start_IT)
    HAL_TIM_ConfigClockSource                0x08002dbd   Thumb Code   242  stm32h7xx_hal_tim.o(i.HAL_TIM_ConfigClockSource)
    HAL_TIM_IC_CaptureCallback               0x08002eb5   Thumb Code     2  stm32h7xx_hal_tim.o(i.HAL_TIM_IC_CaptureCallback)
    HAL_TIM_IRQHandler                       0x08002eb7   Thumb Code   386  stm32h7xx_hal_tim.o(i.HAL_TIM_IRQHandler)
    HAL_TIM_MspPostInit                      0x08003039   Thumb Code    68  stm32h7xx_hal_msp.o(i.HAL_TIM_MspPostInit)
    HAL_TIM_OC_DelayElapsedCallback          0x08003089   Thumb Code     2  stm32h7xx_hal_tim.o(i.HAL_TIM_OC_DelayElapsedCallback)
    HAL_TIM_PWM_ConfigChannel                0x0800308b   Thumb Code   296  stm32h7xx_hal_tim.o(i.HAL_TIM_PWM_ConfigChannel)
    HAL_TIM_PWM_Init                         0x080031b3   Thumb Code    54  stm32h7xx_hal_tim.o(i.HAL_TIM_PWM_Init)
    HAL_TIM_PWM_MspInit                      0x080031e9   Thumb Code     2  stm32h7xx_hal_tim.o(i.HAL_TIM_PWM_MspInit)
    HAL_TIM_PWM_PulseFinishedCallback        0x080031eb   Thumb Code     2  stm32h7xx_hal_tim.o(i.HAL_TIM_PWM_PulseFinishedCallback)
    HAL_TIM_PWM_Start_IT                     0x080031ed   Thumb Code   132  stm32h7xx_hal_tim.o(i.HAL_TIM_PWM_Start_IT)
    HAL_TIM_PWM_Stop                         0x08003289   Thumb Code   102  stm32h7xx_hal_tim.o(i.HAL_TIM_PWM_Stop)
    HAL_TIM_PeriodElapsedCallback            0x08003305   Thumb Code    14  main.o(i.HAL_TIM_PeriodElapsedCallback)
    HAL_TIM_SlaveConfigSynchro               0x08003319   Thumb Code    86  stm32h7xx_hal_tim.o(i.HAL_TIM_SlaveConfigSynchro)
    HAL_TIM_TriggerCallback                  0x0800336f   Thumb Code     2  stm32h7xx_hal_tim.o(i.HAL_TIM_TriggerCallback)
    HAL_UARTEx_DisableFifoMode               0x08003371   Thumb Code    64  stm32h7xx_hal_uart_ex.o(i.HAL_UARTEx_DisableFifoMode)
    HAL_UARTEx_RxFifoFullCallback            0x080033b1   Thumb Code     2  stm32h7xx_hal_uart_ex.o(i.HAL_UARTEx_RxFifoFullCallback)
    HAL_UARTEx_SetRxFifoThreshold            0x080033b3   Thumb Code    76  stm32h7xx_hal_uart_ex.o(i.HAL_UARTEx_SetRxFifoThreshold)
    HAL_UARTEx_SetTxFifoThreshold            0x080033ff   Thumb Code    76  stm32h7xx_hal_uart_ex.o(i.HAL_UARTEx_SetTxFifoThreshold)
    HAL_UARTEx_TxFifoEmptyCallback           0x0800344b   Thumb Code     2  stm32h7xx_hal_uart_ex.o(i.HAL_UARTEx_TxFifoEmptyCallback)
    HAL_UARTEx_WakeupCallback                0x0800344d   Thumb Code     2  stm32h7xx_hal_uart_ex.o(i.HAL_UARTEx_WakeupCallback)
    HAL_UART_ErrorCallback                   0x0800344f   Thumb Code     2  stm32h7xx_hal_uart.o(i.HAL_UART_ErrorCallback)
    HAL_UART_IRQHandler                      0x08003451   Thumb Code   436  stm32h7xx_hal_uart.o(i.HAL_UART_IRQHandler)
    HAL_UART_Init                            0x08003611   Thumb Code   106  stm32h7xx_hal_uart.o(i.HAL_UART_Init)
    HAL_UART_MspInit                         0x0800367d   Thumb Code   104  stm32h7xx_hal_msp.o(i.HAL_UART_MspInit)
    HAL_UART_Transmit                        0x080036f1   Thumb Code   190  stm32h7xx_hal_uart.o(i.HAL_UART_Transmit)
    HAL_UART_TxCpltCallback                  0x080037af   Thumb Code     2  stm32h7xx_hal_uart.o(i.HAL_UART_TxCpltCallback)
    HardFault_Handler                        0x080037b1   Thumb Code     2  stm32h7xx_it.o(i.HardFault_Handler)
    L6206_GetMotorHandle                     0x080037b3   Thumb Code     4  x_nucleo_ihmxx.o(i.L6206_GetMotorHandle)
    L6208_GetMotorHandle                     0x080037b7   Thumb Code     4  x_nucleo_ihmxx.o(i.L6208_GetMotorHandle)
    L6474_ApplySpeed                         0x080037bd   Thumb Code    60  l6474.o(i.L6474_ApplySpeed)
    L6474_AttachErrorHandler                 0x080037fd   Thumb Code     6  l6474.o(i.L6474_AttachErrorHandler)
    L6474_AttachFlagInterrupt                0x08003809   Thumb Code     6  l6474.o(i.L6474_AttachFlagInterrupt)
    L6474_Board_Delay                        0x08003815   Thumb Code     4  x_nucleo_ihm01a1_stm32h7xx.o(i.L6474_Board_Delay)
    L6474_Board_DisableIrq                   0x08003819   Thumb Code     4  x_nucleo_ihm01a1_stm32h7xx.o(i.L6474_Board_DisableIrq)
    L6474_Board_EnableIrq                    0x0800381d   Thumb Code     4  x_nucleo_ihm01a1_stm32h7xx.o(i.L6474_Board_EnableIrq)
    L6474_Board_GpioInit                     0x08003821   Thumb Code   216  x_nucleo_ihm01a1_stm32h7xx.o(i.L6474_Board_GpioInit)
    L6474_Board_Pwm1SetFreq                  0x08003911   Thumb Code    42  x_nucleo_ihm01a1_stm32h7xx.o(i.L6474_Board_Pwm1SetFreq)
    L6474_Board_Pwm2SetFreq                  0x08003941   Thumb Code    42  x_nucleo_ihm01a1_stm32h7xx.o(i.L6474_Board_Pwm2SetFreq)
    L6474_Board_Pwm3SetFreq                  0x08003971   Thumb Code    42  x_nucleo_ihm01a1_stm32h7xx.o(i.L6474_Board_Pwm3SetFreq)
    L6474_Board_PwmInit                      0x080039a1   Thumb Code    96  x_nucleo_ihm01a1_stm32h7xx.o(i.L6474_Board_PwmInit)
    L6474_Board_PwmStop                      0x08003a0d   Thumb Code    38  x_nucleo_ihm01a1_stm32h7xx.o(i.L6474_Board_PwmStop)
    L6474_Board_ReleaseReset                 0x08003a39   Thumb Code    10  x_nucleo_ihm01a1_stm32h7xx.o(i.L6474_Board_ReleaseReset)
    L6474_Board_Reset                        0x08003a49   Thumb Code    12  x_nucleo_ihm01a1_stm32h7xx.o(i.L6474_Board_Reset)
    L6474_Board_SetDirectionGpio             0x08003a59   Thumb Code    42  x_nucleo_ihm01a1_stm32h7xx.o(i.L6474_Board_SetDirectionGpio)
    L6474_Board_SpiInit                      0x08003a8d   Thumb Code    52  x_nucleo_ihm01a1_stm32h7xx.o(i.L6474_Board_SpiInit)
    L6474_Board_SpiWriteBytes                0x08003ac9   Thumb Code    94  x_nucleo_ihm01a1_stm32h7xx.o(i.L6474_Board_SpiWriteBytes)
    L6474_CmdDisable                         0x08003b49   Thumb Code     6  l6474.o(i.L6474_CmdDisable)
    L6474_CmdEnable                          0x08003b4f   Thumb Code     6  l6474.o(i.L6474_CmdEnable)
    L6474_CmdGetParam                        0x08003b55   Thumb Code   206  l6474.o(i.L6474_CmdGetParam)
    L6474_CmdGetStatus                       0x08003c2d   Thumb Code   118  l6474.o(i.L6474_CmdGetStatus)
    L6474_CmdNop                             0x08003cad   Thumb Code     6  l6474.o(i.L6474_CmdNop)
    L6474_CmdSetParam                        0x08003cb5   Thumb Code   178  l6474.o(i.L6474_CmdSetParam)
    L6474_ComputeSpeedProfile                0x08003d71   Thumb Code    88  l6474.o(i.L6474_ComputeSpeedProfile)
    L6474_ConvertPosition                    0x08003dcd   Thumb Code    16  l6474.o(i.L6474_ConvertPosition)
    L6474_ErrorHandler                       0x08003ddd   Thumb Code    10  l6474.o(i.L6474_ErrorHandler)
    L6474_FlagInterruptHandler               0x08003ded   Thumb Code    22  l6474.o(i.L6474_FlagInterruptHandler)
    L6474_GetAcceleration                    0x08003e09   Thumb Code    14  l6474.o(i.L6474_GetAcceleration)
    L6474_GetAnalogValue                     0x08003e1d   Thumb Code    90  l6474.o(i.L6474_GetAnalogValue)
    L6474_GetCurrentSpeed                    0x08003e79   Thumb Code    14  l6474.o(i.L6474_GetCurrentSpeed)
    L6474_GetDeceleration                    0x08003e8d   Thumb Code    14  l6474.o(i.L6474_GetDeceleration)
    L6474_GetDeviceState                     0x08003ea1   Thumb Code    16  l6474.o(i.L6474_GetDeviceState)
    L6474_GetDirection                       0x08003eb5   Thumb Code    16  l6474.o(i.L6474_GetDirection)
    L6474_GetFwVersion                       0x08003ec9   Thumb Code     6  l6474.o(i.L6474_GetFwVersion)
    L6474_GetMark                            0x08003ecf   Thumb Code    16  l6474.o(i.L6474_GetMark)
    L6474_GetMaxSpeed                        0x08003ee1   Thumb Code    14  l6474.o(i.L6474_GetMaxSpeed)
    L6474_GetMinSpeed                        0x08003ef5   Thumb Code    14  l6474.o(i.L6474_GetMinSpeed)
    L6474_GetMotorHandle                     0x08003f09   Thumb Code     4  l6474.o(i.L6474_GetMotorHandle)
    L6474_GetNbDevices                       0x08003f11   Thumb Code     6  l6474.o(i.L6474_GetNbDevices)
    L6474_GetPosition                        0x08003f1d   Thumb Code    16  l6474.o(i.L6474_GetPosition)
    L6474_GetStepMode                        0x08003f2d   Thumb Code    56  l6474.o(i.L6474_GetStepMode)
    L6474_GetStopMode                        0x08003f65   Thumb Code    16  l6474.o(i.L6474_GetStopMode)
    L6474_GoHome                             0x08003f79   Thumb Code     6  l6474.o(i.L6474_GoHome)
    L6474_GoMark                             0x08003f7f   Thumb Code    26  l6474.o(i.L6474_GoMark)
    L6474_GoTo                               0x08003f99   Thumb Code   104  l6474.o(i.L6474_GoTo)
    L6474_HardStop                           0x08004005   Thumb Code    54  l6474.o(i.L6474_HardStop)
    L6474_HizStop                            0x08004041   Thumb Code    48  l6474.o(i.L6474_HizStop)
    L6474_Init                               0x08004075   Thumb Code    80  l6474.o(i.L6474_Init)
    L6474_Move                               0x080040c9   Thumb Code    90  l6474.o(i.L6474_Move)
    L6474_Ocd_Par_to_Th                      0x08004129   Thumb Code    20  l6474.o(i.L6474_Ocd_Par_to_Th)
    L6474_Ocd_Th_to_Par                      0x08004141   Thumb Code    32  l6474.o(i.L6474_Ocd_Th_to_Par)
    L6474_ReadId                             0x08004169   Thumb Code     6  l6474.o(i.L6474_ReadId)
    L6474_ReadStatusRegister                 0x08004175   Thumb Code    12  l6474.o(i.L6474_ReadStatusRegister)
    L6474_ReleaseReset                       0x08004181   Thumb Code     4  l6474.o(i.L6474_ReleaseReset)
    L6474_Reset                              0x08004185   Thumb Code     4  l6474.o(i.L6474_Reset)
    L6474_ResetAllDevices                    0x08004189   Thumb Code    50  l6474.o(i.L6474_ResetAllDevices)
    L6474_Run                                0x080041c1   Thumb Code    54  l6474.o(i.L6474_Run)
    L6474_SelectStepMode                     0x080041fd   Thumb Code    76  l6474.o(i.L6474_SelectStepMode)
    L6474_SendCommand                        0x08004249   Thumb Code    84  l6474.o(i.L6474_SendCommand)
    L6474_SetAcceleration                    0x080042a5   Thumb Code    42  l6474.o(i.L6474_SetAcceleration)
    L6474_SetAnalogValue                     0x080042d5   Thumb Code   286  l6474.o(i.L6474_SetAnalogValue)
    L6474_SetDeceleration                    0x08004405   Thumb Code    42  l6474.o(i.L6474_SetDeceleration)
    L6474_SetDeviceParamsToGivenValues       0x08004435   Thumb Code    70  l6474.o(i.L6474_SetDeviceParamsToGivenValues)
    L6474_SetDeviceParamsToPredefinedValues  0x08004481   Thumb Code    70  l6474.o(i.L6474_SetDeviceParamsToPredefinedValues)
    L6474_SetDirection                       0x080044cd   Thumb Code    28  l6474.o(i.L6474_SetDirection)
    L6474_SetHome                            0x080044ed   Thumb Code    48  l6474.o(i.L6474_SetHome)
    L6474_SetMark                            0x0800451d   Thumb Code    26  l6474.o(i.L6474_SetMark)
    L6474_SetMaxSpeed                        0x08004539   Thumb Code    54  l6474.o(i.L6474_SetMaxSpeed)
    L6474_SetMinSpeed                        0x08004575   Thumb Code    54  l6474.o(i.L6474_SetMinSpeed)
    L6474_SetNbDevices                       0x080045b1   Thumb Code    20  l6474.o(i.L6474_SetNbDevices)
    L6474_SetRegisterToGivenValues           0x080045c9   Thumb Code   152  l6474.o(i.L6474_SetRegisterToGivenValues)
    L6474_SetRegisterToPredefinedValues      0x08004661   Thumb Code   164  l6474.o(i.L6474_SetRegisterToPredefinedValues)
    L6474_SetStopMode                        0x08004709   Thumb Code    16  l6474.o(i.L6474_SetStopMode)
    L6474_SoftStop                           0x0800471d   Thumb Code    30  l6474.o(i.L6474_SoftStop)
    L6474_StartMovement                      0x08004741   Thumb Code    54  l6474.o(i.L6474_StartMovement)
    L6474_StepClockHandler                   0x0800477d   Thumb Code   398  l6474.o(i.L6474_StepClockHandler)
    L6474_Tmin_Par_to_Time                   0x08004915   Thumb Code    20  l6474.o(i.L6474_Tmin_Par_to_Time)
    L6474_Tmin_Time_to_Par                   0x08004929   Thumb Code    28  l6474.o(i.L6474_Tmin_Time_to_Par)
    L6474_Tval_Current_to_Par                0x08004945   Thumb Code    32  l6474.o(i.L6474_Tval_Current_to_Par)
    L6474_Tval_Par_to_Current                0x0800496d   Thumb Code    20  l6474.o(i.L6474_Tval_Par_to_Current)
    L6474_WaitWhileActive                    0x08004985   Thumb Code    16  l6474.o(i.L6474_WaitWhileActive)
    L6474_WriteBytes                         0x08004995   Thumb Code    32  l6474.o(i.L6474_WriteBytes)
    MSG_Printf                               0x080049b9   Thumb Code    38  messaging.o(i.MSG_Printf)
    MemManage_Handler                        0x08004d59   Thumb Code     2  stm32h7xx_it.o(i.MemManage_Handler)
    MessageTxTask                            0x08004d5d   Thumb Code    44  messaging.o(i.MessageTxTask)
    MessagingTaskInit                        0x08004d91   Thumb Code    36  messaging.o(i.MessagingTaskInit)
    NMI_Handler                              0x08004dd5   Thumb Code     2  stm32h7xx_it.o(i.NMI_Handler)
    Powerstep01_GetMotorHandle               0x08004dd7   Thumb Code     4  x_nucleo_ihmxx.o(i.Powerstep01_GetMotorHandle)
    StartDefaultTask                         0x0800511b   Thumb Code     8  main.o(i.StartDefaultTask)
    StepperTask                              0x08005125   Thumb Code   670  stepperdriver.o(i.StepperTask)
    StepperTaskInit                          0x08005479   Thumb Code    54  stepperdriver.o(i.StepperTaskInit)
    Stepper_Error_Handler                    0x080054bd   Thumb Code     6  stepperdriver.o(i.Stepper_Error_Handler)
    Stspin220_GetMotorHandle                 0x080054c9   Thumb Code     4  x_nucleo_ihmxx.o(i.Stspin220_GetMotorHandle)
    Stspin240_250_GetMotorHandle             0x080054cd   Thumb Code     4  x_nucleo_ihmxx.o(i.Stspin240_250_GetMotorHandle)
    SysTick_Handler                          0x080054d1   Thumb Code    38  port.o(i.SysTick_Handler)
    SystemClock_Config                       0x080054fd   Thumb Code   170  main.o(i.SystemClock_Config)
    SystemInit                               0x080055b1   Thumb Code   134  system_stm32h7xx.o(i.SystemInit)
    TIM1_UP_IRQHandler                       0x0800564d   Thumb Code     6  stm32h7xx_it.o(i.TIM1_UP_IRQHandler)
    TIM_Base_SetConfig                       0x08005659   Thumb Code   162  stm32h7xx_hal_tim.o(i.TIM_Base_SetConfig)
    TIM_CCxChannelCmd                        0x0800571d   Thumb Code    26  stm32h7xx_hal_tim.o(i.TIM_CCxChannelCmd)
    TIM_ETR_SetConfig                        0x08005737   Thumb Code    18  stm32h7xx_hal_tim.o(i.TIM_ETR_SetConfig)
    TIM_OC2_SetConfig                        0x08005805   Thumb Code   126  stm32h7xx_hal_tim.o(i.TIM_OC2_SetConfig)
    UART_AdvFeatureConfig                    0x08005bb5   Thumb Code   200  stm32h7xx_hal_uart.o(i.UART_AdvFeatureConfig)
    UART_CheckIdleState                      0x08005c7d   Thumb Code    94  stm32h7xx_hal_uart.o(i.UART_CheckIdleState)
    UART_SetConfig                           0x08005d19   Thumb Code  3084  stm32h7xx_hal_uart.o(i.UART_SetConfig)
    UART_WaitOnFlagUntilTimeout              0x08006929   Thumb Code   164  stm32h7xx_hal_uart.o(i.UART_WaitOnFlagUntilTimeout)
    USART3_IRQHandler                        0x080069cd   Thumb Code     6  stm32h7xx_it.o(i.USART3_IRQHandler)
    UsageFault_Handler                       0x080069d9   Thumb Code     2  stm32h7xx_it.o(i.UsageFault_Handler)
    __0sprintf                               0x080069dd   Thumb Code    34  printfa.o(i.__0sprintf)
    __1sprintf                               0x080069dd   Thumb Code     0  printfa.o(i.__0sprintf)
    __2sprintf                               0x080069dd   Thumb Code     0  printfa.o(i.__0sprintf)
    __c89sprintf                             0x080069dd   Thumb Code     0  printfa.o(i.__0sprintf)
    sprintf                                  0x080069dd   Thumb Code     0  printfa.o(i.__0sprintf)
    __0vsnprintf                             0x08006a05   Thumb Code    40  printfa.o(i.__0vsnprintf)
    __1vsnprintf                             0x08006a05   Thumb Code     0  printfa.o(i.__0vsnprintf)
    __2vsnprintf                             0x08006a05   Thumb Code     0  printfa.o(i.__0vsnprintf)
    __c89vsnprintf                           0x08006a05   Thumb Code     0  printfa.o(i.__0vsnprintf)
    vsnprintf                                0x08006a05   Thumb Code     0  printfa.o(i.__0vsnprintf)
    __scatterload_copy                       0x08006a53   Thumb Code    14  handlers.o(i.__scatterload_copy)
    __scatterload_null                       0x08006a61   Thumb Code     2  handlers.o(i.__scatterload_null)
    __scatterload_zeroinit                   0x08006a63   Thumb Code    14  handlers.o(i.__scatterload_zeroinit)
    l647x_GetMotorHandle                     0x08007343   Thumb Code     4  x_nucleo_ihmxx.o(i.l647x_GetMotorHandle)
    l648x_GetMotorHandle                     0x08007347   Thumb Code     4  x_nucleo_ihmxx.o(i.l648x_GetMotorHandle)
    led_task                                 0x0800734d   Thumb Code    26  led_task.o(i.led_task)
    led_task_init                            0x0800737d   Thumb Code   100  led_task.o(i.led_task_init)
    main                                     0x080073f5   Thumb Code   226  main.o(i.main)
    osDelay                                  0x08007507   Thumb Code    14  cmsis_os.o(i.osDelay)
    osKernelStart                            0x08007515   Thumb Code    10  cmsis_os.o(i.osKernelStart)
    osThreadCreate                           0x0800751f   Thumb Code    84  cmsis_os.o(i.osThreadCreate)
    pvPortMalloc                             0x080079e9   Thumb Code   210  heap_4.o(i.pvPortMalloc)
    pxPortInitialiseStack                    0x08007ac1   Thumb Code    42  port.o(i.pxPortInitialiseStack)
    uxListRemove                             0x08007af1   Thumb Code    38  list.o(i.uxListRemove)
    vApplicationGetIdleTaskMemory            0x08007b19   Thumb Code    18  freertos.o(i.vApplicationGetIdleTaskMemory)
    vListInitialise                          0x08007b31   Thumb Code    22  list.o(i.vListInitialise)
    vListInitialiseItem                      0x08007b47   Thumb Code     6  list.o(i.vListInitialiseItem)
    vListInsert                              0x08007b4d   Thumb Code    48  list.o(i.vListInsert)
    vListInsertEnd                           0x08007b7d   Thumb Code    24  list.o(i.vListInsertEnd)
    vPortEnterCritical                       0x08007b95   Thumb Code    54  port.o(i.vPortEnterCritical)
    vPortExitCritical                        0x08007bd5   Thumb Code    34  port.o(i.vPortExitCritical)
    vPortFree                                0x08007bfd   Thumb Code    88  heap_4.o(i.vPortFree)
    vPortSetupTimerInterrupt                 0x08007c59   Thumb Code    32  port.o(i.vPortSetupTimerInterrupt)
    vTaskDelay                               0x08007c7d   Thumb Code    66  tasks.o(i.vTaskDelay)
    vTaskInternalSetTimeOutState             0x08007cc9   Thumb Code    12  tasks.o(i.vTaskInternalSetTimeOutState)
    vTaskMissedYield                         0x08007cd9   Thumb Code     8  tasks.o(i.vTaskMissedYield)
    vTaskPlaceOnEventList                    0x08007ce5   Thumb Code    44  tasks.o(i.vTaskPlaceOnEventList)
    vTaskStartScheduler                      0x08007d15   Thumb Code    90  tasks.o(i.vTaskStartScheduler)
    vTaskSuspendAll                          0x08007d81   Thumb Code    10  tasks.o(i.vTaskSuspendAll)
    vTaskSwitchContext                       0x08007d91   Thumb Code    82  tasks.o(i.vTaskSwitchContext)
    xPortStartScheduler                      0x08007ded   Thumb Code   222  port.o(i.xPortStartScheduler)
    xQueueGenericCreate                      0x08007ee1   Thumb Code    72  queue.o(i.xQueueGenericCreate)
    xQueueGenericReset                       0x08007f29   Thumb Code   144  queue.o(i.xQueueGenericReset)
    xQueueGenericSend                        0x08007fbd   Thumb Code   346  queue.o(i.xQueueGenericSend)
    xQueueReceive                            0x0800811d   Thumb Code   310  queue.o(i.xQueueReceive)
    xTaskCheckForTimeOut                     0x08008259   Thumb Code   116  tasks.o(i.xTaskCheckForTimeOut)
    xTaskCreate                              0x080082d1   Thumb Code    90  tasks.o(i.xTaskCreate)
    xTaskCreateStatic                        0x0800832b   Thumb Code    86  tasks.o(i.xTaskCreateStatic)
    xTaskGetSchedulerState                   0x08008381   Thumb Code    22  tasks.o(i.xTaskGetSchedulerState)
    xTaskIncrementTick                       0x0800839d   Thumb Code   192  tasks.o(i.xTaskIncrementTick)
    xTaskPriorityDisinherit                  0x08008465   Thumb Code   150  tasks.o(i.xTaskPriorityDisinherit)
    xTaskRemoveFromEventList                 0x08008505   Thumb Code   108  tasks.o(i.xTaskRemoveFromEventList)
    xTaskResumeAll                           0x08008579   Thumb Code   184  tasks.o(i.xTaskResumeAll)
    D1CorePrescTable                         0x08008658   Data          16  system_stm32h7xx.o(.constdata)
    Region$$Table$$Base                      0x08008698   Number         0  anon$$obj.o(Region$$Table)
    Region$$Table$$Limit                     0x080086b8   Number         0  anon$$obj.o(Region$$Table)
    LED_NAMES                                0x20000000   Data          12  led_task.o(.data)
    MessageTxQueueHandle                     0x20000010   Data           4  messaging.o(.data)
    gL6474InitParams                         0x2000001c   Data          44  stepperdriver.o(.data)
    defaultTaskHandle                        0x20000048   Data           4  main.o(.data)
    flagInterruptCallback                    0x20000054   Data           4  l6474.o(.data)
    errorHandlerCallback                     0x20000058   Data           4  l6474.o(.data)
    l6474Drv                                 0x2000005c   Data         356  l6474.o(.data)
    uwTickFreq                               0x200001c8   Data           1  stm32h7xx_hal.o(.data)
    uwTickPrio                               0x200001cc   Data           4  stm32h7xx_hal.o(.data)
    uwTick                                   0x200001d0   Data           4  stm32h7xx_hal.o(.data)
    SystemCoreClock                          0x200001d4   Data           4  system_stm32h7xx.o(.data)
    SystemD2Clock                            0x200001d8   Data           4  system_stm32h7xx.o(.data)
    pxCurrentTCB                             0x200001dc   Data           4  tasks.o(.data)
    led_params                               0x2000023c   Data          40  led_task.o(.bss)
    hspi1                                    0x200002ac   Data         136  main.o(.bss)
    htim2                                    0x20000334   Data          64  main.o(.bss)
    htim4                                    0x20000374   Data          64  main.o(.bss)
    huart3                                   0x200003b4   Data         140  main.o(.bss)
    htim1                                    0x20000694   Data          64  stm32h7xx_hal_timebase_tim.o(.bss)
    devicePrm                                0x200006ec   Data         120  l6474.o(.bss)
    hTimPwm1                                 0x200007ec   Data          64  x_nucleo_ihm01a1_stm32h7xx.o(.bss)
    hTimPwm2                                 0x2000082c   Data          64  x_nucleo_ihm01a1_stm32h7xx.o(.bss)
    hTimPwm3                                 0x2000086c   Data          64  x_nucleo_ihm01a1_stm32h7xx.o(.bss)
    __initial_sp                             0x20010da0   Data           0  startup_stm32h743xx.o(STACK)



==============================================================================

Memory Map of the image

  Image Entry point : 0x08000299

  Load Region LR_IROM1 (Base: 0x08000000, Size: 0x000088f4, Max: 0x00200000, ABSOLUTE, COMPRESSED[0x000087a4])

    Execution Region ER_IROM1 (Exec base: 0x08000000, Load base: 0x08000000, Size: 0x000086b8, Max: 0x00200000, ABSOLUTE)

    Exec Addr    Load Addr    Size         Type   Attr      Idx    E Section Name        Object

    0x08000000   0x08000000   0x00000298   Data   RO            3    RESET               startup_stm32h743xx.o
    0x08000298   0x08000298   0x00000000   Code   RO         7455  * .ARM.Collect$$$$00000000  mc_w.l(entry.o)
    0x08000298   0x08000298   0x00000004   Code   RO         7731    .ARM.Collect$$$$00000001  mc_w.l(entry2.o)
    0x0800029c   0x0800029c   0x00000004   Code   RO         7734    .ARM.Collect$$$$00000004  mc_w.l(entry5.o)
    0x080002a0   0x080002a0   0x00000000   Code   RO         7736    .ARM.Collect$$$$00000008  mc_w.l(entry7b.o)
    0x080002a0   0x080002a0   0x00000000   Code   RO         7738    .ARM.Collect$$$$0000000A  mc_w.l(entry8b.o)
    0x080002a0   0x080002a0   0x00000008   Code   RO         7739    .ARM.Collect$$$$0000000B  mc_w.l(entry9a.o)
    0x080002a8   0x080002a8   0x00000000   Code   RO         7741    .ARM.Collect$$$$0000000D  mc_w.l(entry10a.o)
    0x080002a8   0x080002a8   0x00000000   Code   RO         7743    .ARM.Collect$$$$0000000F  mc_w.l(entry11a.o)
    0x080002a8   0x080002a8   0x00000004   Code   RO         7732    .ARM.Collect$$$$00002712  mc_w.l(entry2.o)
    0x080002ac   0x080002ac   0x000000be   Code   RO         7208    .emb_text           port.o
    0x0800036a   0x0800036a   0x00000002   PAD
    0x0800036c   0x0800036c   0x00000024   Code   RO            4    .text               startup_stm32h743xx.o
    0x08000390   0x08000390   0x00000062   Code   RO         7458    .text               mc_w.l(uldiv.o)
    0x080003f2   0x080003f2   0x00000024   Code   RO         7460    .text               mc_w.l(memcpya.o)
    0x08000416   0x08000416   0x00000024   Code   RO         7464    .text               mc_w.l(memseta.o)
    0x0800043a   0x0800043a   0x0000000e   Code   RO         7466    .text               mc_w.l(strlen.o)
    0x08000448   0x08000448   0x0000002c   Code   RO         7748    .text               mc_w.l(uidiv.o)
    0x08000474   0x08000474   0x0000001e   Code   RO         7750    .text               mc_w.l(llshl.o)
    0x08000492   0x08000492   0x00000020   Code   RO         7752    .text               mc_w.l(llushr.o)
    0x080004b2   0x080004b2   0x00000000   Code   RO         7754    .text               mc_w.l(iusefp.o)
    0x080004b2   0x080004b2   0x0000014e   Code   RO         7755    .text               mf_w.l(dadd.o)
    0x08000600   0x08000600   0x000000e4   Code   RO         7757    .text               mf_w.l(dmul.o)
    0x080006e4   0x080006e4   0x000000de   Code   RO         7759    .text               mf_w.l(ddiv.o)
    0x080007c2   0x080007c2   0x00000030   Code   RO         7761    .text               mf_w.l(dfixul.o)
    0x080007f2   0x080007f2   0x00000002   PAD
    0x080007f4   0x080007f4   0x00000030   Code   RO         7763    .text               mf_w.l(cdrcmple.o)
    0x08000824   0x08000824   0x00000024   Code   RO         7765    .text               mc_w.l(init.o)
    0x08000848   0x08000848   0x00000024   Code   RO         7768    .text               mc_w.l(llsshr.o)
    0x0800086c   0x0800086c   0x000000ba   Code   RO         7771    .text               mf_w.l(depilogue.o)
    0x08000926   0x08000926   0x00000056   Code   RO         7781    .text               mc_w.l(__dczerorl2.o)
    0x0800097c   0x0800097c   0x00000018   Code   RO         1212    i.BSP_MotorControl_AttachErrorHandler  x_nucleo_ihmxx.o
    0x08000994   0x08000994   0x00000018   Code   RO         1213    i.BSP_MotorControl_AttachFlagInterrupt  x_nucleo_ihmxx.o
    0x080009ac   0x080009ac   0x00000018   Code   RO         1217    i.BSP_MotorControl_CmdDisable  x_nucleo_ihmxx.o
    0x080009c4   0x080009c4   0x0000002c   Code   RO         1219    i.BSP_MotorControl_CmdGetParam  x_nucleo_ihmxx.o
    0x080009f0   0x080009f0   0x0000002c   Code   RO         1220    i.BSP_MotorControl_CmdGetStatus  x_nucleo_ihmxx.o
    0x08000a1c   0x08000a1c   0x00000014   Code   RO         1233    i.BSP_MotorControl_ErrorHandler  x_nucleo_ihmxx.o
    0x08000a30   0x08000a30   0x00000028   Code   RO         1241    i.BSP_MotorControl_GetCurrentSpeed  x_nucleo_ihmxx.o
    0x08000a58   0x08000a58   0x00000028   Code   RO         1253    i.BSP_MotorControl_GetPosition  x_nucleo_ihmxx.o
    0x08000a80   0x08000a80   0x00000018   Code   RO         1261    i.BSP_MotorControl_GoHome  x_nucleo_ihmxx.o
    0x08000a98   0x08000a98   0x00000018   Code   RO         1262    i.BSP_MotorControl_GoMark  x_nucleo_ihmxx.o
    0x08000ab0   0x08000ab0   0x00000018   Code   RO         1263    i.BSP_MotorControl_GoTo  x_nucleo_ihmxx.o
    0x08000ac8   0x08000ac8   0x00000018   Code   RO         1264    i.BSP_MotorControl_HardStop  x_nucleo_ihmxx.o
    0x08000ae0   0x08000ae0   0x0000001c   Code   RO         1265    i.BSP_MotorControl_Init  x_nucleo_ihmxx.o
    0x08000afc   0x08000afc   0x00000018   Code   RO         1267    i.BSP_MotorControl_Move  x_nucleo_ihmxx.o
    0x08000b14   0x08000b14   0x00000018   Code   RO         1273    i.BSP_MotorControl_Run  x_nucleo_ihmxx.o
    0x08000b2c   0x08000b2c   0x0000002c   Code   RO         1274    i.BSP_MotorControl_SelectStepMode  x_nucleo_ihmxx.o
    0x08000b58   0x08000b58   0x00000028   Code   RO         1276    i.BSP_MotorControl_SetAcceleration  x_nucleo_ihmxx.o
    0x08000b80   0x08000b80   0x00000028   Code   RO         1280    i.BSP_MotorControl_SetDeceleration  x_nucleo_ihmxx.o
    0x08000ba8   0x08000ba8   0x00000018   Code   RO         1283    i.BSP_MotorControl_SetHome  x_nucleo_ihmxx.o
    0x08000bc0   0x08000bc0   0x00000018   Code   RO         1284    i.BSP_MotorControl_SetMark  x_nucleo_ihmxx.o
    0x08000bd8   0x08000bd8   0x00000028   Code   RO         1285    i.BSP_MotorControl_SetMaxSpeed  x_nucleo_ihmxx.o
    0x08000c00   0x08000c00   0x00000028   Code   RO         1286    i.BSP_MotorControl_SetMinSpeed  x_nucleo_ihmxx.o
    0x08000c28   0x08000c28   0x000000a0   Code   RO         1287    i.BSP_MotorControl_SetNbDevices  x_nucleo_ihmxx.o
    0x08000cc8   0x08000cc8   0x00000028   Code   RO         1294    i.BSP_MotorControl_SoftStop  x_nucleo_ihmxx.o
    0x08000cf0   0x08000cf0   0x00000018   Code   RO         1299    i.BSP_MotorControl_WaitWhileActive  x_nucleo_ihmxx.o
    0x08000d08   0x08000d08   0x00000002   Code   RO          472    i.BusFault_Handler  stm32h7xx_it.o
    0x08000d0a   0x08000d0a   0x00000002   Code   RO          473    i.DebugMon_Handler  stm32h7xx_it.o
    0x08000d0c   0x08000d0c   0x00000006   Code   RO          474    i.EXTI0_IRQHandler  stm32h7xx_it.o
    0x08000d12   0x08000d12   0x00000008   Code   RO          475    i.EXTI15_10_IRQHandler  stm32h7xx_it.o
    0x08000d1a   0x08000d1a   0x00000006   Code   RO          476    i.EXTI2_IRQHandler  stm32h7xx_it.o
    0x08000d20   0x08000d20   0x00000006   Code   RO          477    i.EXTI9_5_IRQHandler  stm32h7xx_it.o
    0x08000d26   0x08000d26   0x00000002   PAD
    0x08000d28   0x08000d28   0x000001cc   Code   RO         2578    i.HAL_DMA_Abort_IT  stm32h7xx_hal_dma.o
    0x08000ef4   0x08000ef4   0x00000024   Code   RO         3286    i.HAL_Delay         stm32h7xx_hal.o
    0x08000f18   0x08000f18   0x00000002   Code   RO         2423    i.HAL_GPIO_EXTI_Callback  stm32h7xx_hal_gpio.o
    0x08000f1a   0x08000f1a   0x00000018   Code   RO         2424    i.HAL_GPIO_EXTI_IRQHandler  stm32h7xx_hal_gpio.o
    0x08000f32   0x08000f32   0x00000002   PAD
    0x08000f34   0x08000f34   0x000001fc   Code   RO         2425    i.HAL_GPIO_Init     stm32h7xx_hal_gpio.o
    0x08001130   0x08001130   0x0000000e   Code   RO         2428    i.HAL_GPIO_TogglePin  stm32h7xx_hal_gpio.o
    0x0800113e   0x0800113e   0x0000000a   Code   RO         2429    i.HAL_GPIO_WritePin  stm32h7xx_hal_gpio.o
    0x08001148   0x08001148   0x0000000c   Code   RO         3301    i.HAL_GetREVID      stm32h7xx_hal.o
    0x08001154   0x08001154   0x0000000c   Code   RO         3302    i.HAL_GetTick       stm32h7xx_hal.o
    0x08001160   0x08001160   0x00000010   Code   RO         3308    i.HAL_IncTick       stm32h7xx_hal.o
    0x08001170   0x08001170   0x00000058   Code   RO         3309    i.HAL_Init          stm32h7xx_hal.o
    0x080011c8   0x080011c8   0x00000074   Code   RO          632    i.HAL_InitTick      stm32h7xx_hal_timebase_tim.o
    0x0800123c   0x0800123c   0x00000024   Code   RO          566    i.HAL_MspInit       stm32h7xx_hal_msp.o
    0x08001260   0x08001260   0x0000001a   Code   RO         1813    i.HAL_NVIC_EnableIRQ  stm32h7xx_hal_cortex.o
    0x0800127a   0x0800127a   0x00000002   PAD
    0x0800127c   0x0800127c   0x00000040   Code   RO         1819    i.HAL_NVIC_SetPriority  stm32h7xx_hal_cortex.o
    0x080012bc   0x080012bc   0x00000024   Code   RO         1820    i.HAL_NVIC_SetPriorityGrouping  stm32h7xx_hal_cortex.o
    0x080012e0   0x080012e0   0x00000050   Code   RO         3026    i.HAL_PWREx_ConfigSupply  stm32h7xx_hal_pwr_ex.o
    0x08001330   0x08001330   0x0000002c   Code   RO         2062    i.HAL_RCCEx_GetD1SysClockFreq  stm32h7xx_hal_rcc_ex.o
    0x0800135c   0x0800135c   0x00000024   Code   RO         2063    i.HAL_RCCEx_GetD3PCLK1Freq  stm32h7xx_hal_rcc_ex.o
    0x08001380   0x08001380   0x00000144   Code   RO         2065    i.HAL_RCCEx_GetPLL2ClockFreq  stm32h7xx_hal_rcc_ex.o
    0x080014c4   0x080014c4   0x00000144   Code   RO         2066    i.HAL_RCCEx_GetPLL3ClockFreq  stm32h7xx_hal_rcc_ex.o
    0x08001608   0x08001608   0x000008b6   Code   RO         2070    i.HAL_RCCEx_PeriphCLKConfig  stm32h7xx_hal_rcc_ex.o
    0x08001ebe   0x08001ebe   0x00000002   PAD
    0x08001ec0   0x08001ec0   0x00000244   Code   RO         1949    i.HAL_RCC_ClockConfig  stm32h7xx_hal_rcc.o
    0x08002104   0x08002104   0x0000005c   Code   RO         1953    i.HAL_RCC_GetClockConfig  stm32h7xx_hal_rcc.o
    0x08002160   0x08002160   0x0000002c   Code   RO         1954    i.HAL_RCC_GetHCLKFreq  stm32h7xx_hal_rcc.o
    0x0800218c   0x0800218c   0x00000024   Code   RO         1956    i.HAL_RCC_GetPCLK1Freq  stm32h7xx_hal_rcc.o
    0x080021b0   0x080021b0   0x00000024   Code   RO         1957    i.HAL_RCC_GetPCLK2Freq  stm32h7xx_hal_rcc.o
    0x080021d4   0x080021d4   0x00000138   Code   RO         1958    i.HAL_RCC_GetSysClockFreq  stm32h7xx_hal_rcc.o
    0x0800230c   0x0800230c   0x000004b6   Code   RO         1961    i.HAL_RCC_OscConfig  stm32h7xx_hal_rcc.o
    0x080027c2   0x080027c2   0x00000002   PAD
    0x080027c4   0x080027c4   0x00000140   Code   RO         4209    i.HAL_SPI_Init      stm32h7xx_hal_spi.o
    0x08002904   0x08002904   0x00000090   Code   RO          568    i.HAL_SPI_MspInit   stm32h7xx_hal_msp.o
    0x08002994   0x08002994   0x00000322   Code   RO         4218    i.HAL_SPI_TransmitReceive  stm32h7xx_hal_spi.o
    0x08002cb6   0x08002cb6   0x00000002   Code   RO         5220    i.HAL_TIMEx_Break2Callback  stm32h7xx_hal_tim_ex.o
    0x08002cb8   0x08002cb8   0x00000002   Code   RO         5221    i.HAL_TIMEx_BreakCallback  stm32h7xx_hal_tim_ex.o
    0x08002cba   0x08002cba   0x00000002   Code   RO         5222    i.HAL_TIMEx_CommutCallback  stm32h7xx_hal_tim_ex.o
    0x08002cbc   0x08002cbc   0x00000060   Code   RO         5241    i.HAL_TIMEx_MasterConfigSynchronization  stm32h7xx_hal_tim_ex.o
    0x08002d1c   0x08002d1c   0x00000036   Code   RO         4523    i.HAL_TIM_Base_Init  stm32h7xx_hal_tim.o
    0x08002d52   0x08002d52   0x00000002   PAD
    0x08002d54   0x08002d54   0x0000003c   Code   RO          570    i.HAL_TIM_Base_MspInit  stm32h7xx_hal_msp.o
    0x08002d90   0x08002d90   0x0000002c   Code   RO         4528    i.HAL_TIM_Base_Start_IT  stm32h7xx_hal_tim.o
    0x08002dbc   0x08002dbc   0x000000f8   Code   RO         4532    i.HAL_TIM_ConfigClockSource  stm32h7xx_hal_tim.o
    0x08002eb4   0x08002eb4   0x00000002   Code   RO         4554    i.HAL_TIM_IC_CaptureCallback  stm32h7xx_hal_tim.o
    0x08002eb6   0x08002eb6   0x00000182   Code   RO         4568    i.HAL_TIM_IRQHandler  stm32h7xx_hal_tim.o
    0x08003038   0x08003038   0x00000050   Code   RO          571    i.HAL_TIM_MspPostInit  stm32h7xx_hal_msp.o
    0x08003088   0x08003088   0x00000002   Code   RO         4571    i.HAL_TIM_OC_DelayElapsedCallback  stm32h7xx_hal_tim.o
    0x0800308a   0x0800308a   0x00000128   Code   RO         4592    i.HAL_TIM_PWM_ConfigChannel  stm32h7xx_hal_tim.o
    0x080031b2   0x080031b2   0x00000036   Code   RO         4595    i.HAL_TIM_PWM_Init  stm32h7xx_hal_tim.o
    0x080031e8   0x080031e8   0x00000002   Code   RO         4597    i.HAL_TIM_PWM_MspInit  stm32h7xx_hal_tim.o
    0x080031ea   0x080031ea   0x00000002   Code   RO         4598    i.HAL_TIM_PWM_PulseFinishedCallback  stm32h7xx_hal_tim.o
    0x080031ec   0x080031ec   0x0000009c   Code   RO         4602    i.HAL_TIM_PWM_Start_IT  stm32h7xx_hal_tim.o
    0x08003288   0x08003288   0x0000007c   Code   RO         4603    i.HAL_TIM_PWM_Stop  stm32h7xx_hal_tim.o
    0x08003304   0x08003304   0x00000014   Code   RO          357    i.HAL_TIM_PeriodElapsedCallback  main.o
    0x08003318   0x08003318   0x00000056   Code   RO         4609    i.HAL_TIM_SlaveConfigSynchro  stm32h7xx_hal_tim.o
    0x0800336e   0x0800336e   0x00000002   Code   RO         4611    i.HAL_TIM_TriggerCallback  stm32h7xx_hal_tim.o
    0x08003370   0x08003370   0x00000040   Code   RO         5891    i.HAL_UARTEx_DisableFifoMode  stm32h7xx_hal_uart_ex.o
    0x080033b0   0x080033b0   0x00000002   Code   RO         5895    i.HAL_UARTEx_RxFifoFullCallback  stm32h7xx_hal_uart_ex.o
    0x080033b2   0x080033b2   0x0000004c   Code   RO         5896    i.HAL_UARTEx_SetRxFifoThreshold  stm32h7xx_hal_uart_ex.o
    0x080033fe   0x080033fe   0x0000004c   Code   RO         5897    i.HAL_UARTEx_SetTxFifoThreshold  stm32h7xx_hal_uart_ex.o
    0x0800344a   0x0800344a   0x00000002   Code   RO         5899    i.HAL_UARTEx_TxFifoEmptyCallback  stm32h7xx_hal_uart_ex.o
    0x0800344c   0x0800344c   0x00000002   Code   RO         5900    i.HAL_UARTEx_WakeupCallback  stm32h7xx_hal_uart_ex.o
    0x0800344e   0x0800344e   0x00000002   Code   RO         5519    i.HAL_UART_ErrorCallback  stm32h7xx_hal_uart.o
    0x08003450   0x08003450   0x000001c0   Code   RO         5522    i.HAL_UART_IRQHandler  stm32h7xx_hal_uart.o
    0x08003610   0x08003610   0x0000006a   Code   RO         5523    i.HAL_UART_Init     stm32h7xx_hal_uart.o
    0x0800367a   0x0800367a   0x00000002   PAD
    0x0800367c   0x0800367c   0x00000074   Code   RO          573    i.HAL_UART_MspInit  stm32h7xx_hal_msp.o
    0x080036f0   0x080036f0   0x000000be   Code   RO         5532    i.HAL_UART_Transmit  stm32h7xx_hal_uart.o
    0x080037ae   0x080037ae   0x00000002   Code   RO         5535    i.HAL_UART_TxCpltCallback  stm32h7xx_hal_uart.o
    0x080037b0   0x080037b0   0x00000002   Code   RO          478    i.HardFault_Handler  stm32h7xx_it.o
    0x080037b2   0x080037b2   0x00000004   Code   RO         1300    i.L6206_GetMotorHandle  x_nucleo_ihmxx.o
    0x080037b6   0x080037b6   0x00000004   Code   RO         1301    i.L6208_GetMotorHandle  x_nucleo_ihmxx.o
    0x080037ba   0x080037ba   0x00000002   PAD
    0x080037bc   0x080037bc   0x00000040   Code   RO          668    i.L6474_ApplySpeed  l6474.o
    0x080037fc   0x080037fc   0x0000000c   Code   RO          669    i.L6474_AttachErrorHandler  l6474.o
    0x08003808   0x08003808   0x0000000c   Code   RO          670    i.L6474_AttachFlagInterrupt  l6474.o
    0x08003814   0x08003814   0x00000004   Code   RO         1100    i.L6474_Board_Delay  x_nucleo_ihm01a1_stm32h7xx.o
    0x08003818   0x08003818   0x00000004   Code   RO         1101    i.L6474_Board_DisableIrq  x_nucleo_ihm01a1_stm32h7xx.o
    0x0800381c   0x0800381c   0x00000004   Code   RO         1102    i.L6474_Board_EnableIrq  x_nucleo_ihm01a1_stm32h7xx.o
    0x08003820   0x08003820   0x000000f0   Code   RO         1103    i.L6474_Board_GpioInit  x_nucleo_ihm01a1_stm32h7xx.o
    0x08003910   0x08003910   0x00000030   Code   RO         1104    i.L6474_Board_Pwm1SetFreq  x_nucleo_ihm01a1_stm32h7xx.o
    0x08003940   0x08003940   0x00000030   Code   RO         1105    i.L6474_Board_Pwm2SetFreq  x_nucleo_ihm01a1_stm32h7xx.o
    0x08003970   0x08003970   0x00000030   Code   RO         1106    i.L6474_Board_Pwm3SetFreq  x_nucleo_ihm01a1_stm32h7xx.o
    0x080039a0   0x080039a0   0x0000006c   Code   RO         1107    i.L6474_Board_PwmInit  x_nucleo_ihm01a1_stm32h7xx.o
    0x08003a0c   0x08003a0c   0x0000002c   Code   RO         1108    i.L6474_Board_PwmStop  x_nucleo_ihm01a1_stm32h7xx.o
    0x08003a38   0x08003a38   0x00000010   Code   RO         1109    i.L6474_Board_ReleaseReset  x_nucleo_ihm01a1_stm32h7xx.o
    0x08003a48   0x08003a48   0x00000010   Code   RO         1110    i.L6474_Board_Reset  x_nucleo_ihm01a1_stm32h7xx.o
    0x08003a58   0x08003a58   0x00000034   Code   RO         1111    i.L6474_Board_SetDirectionGpio  x_nucleo_ihm01a1_stm32h7xx.o
    0x08003a8c   0x08003a8c   0x0000003c   Code   RO         1112    i.L6474_Board_SpiInit  x_nucleo_ihm01a1_stm32h7xx.o
    0x08003ac8   0x08003ac8   0x00000080   Code   RO         1113    i.L6474_Board_SpiWriteBytes  x_nucleo_ihm01a1_stm32h7xx.o
    0x08003b48   0x08003b48   0x00000006   Code   RO          671    i.L6474_CmdDisable  l6474.o
    0x08003b4e   0x08003b4e   0x00000006   Code   RO          672    i.L6474_CmdEnable   l6474.o
    0x08003b54   0x08003b54   0x000000d8   Code   RO          673    i.L6474_CmdGetParam  l6474.o
    0x08003c2c   0x08003c2c   0x00000080   Code   RO          674    i.L6474_CmdGetStatus  l6474.o
    0x08003cac   0x08003cac   0x00000006   Code   RO          675    i.L6474_CmdNop      l6474.o
    0x08003cb2   0x08003cb2   0x00000002   PAD
    0x08003cb4   0x08003cb4   0x000000bc   Code   RO          676    i.L6474_CmdSetParam  l6474.o
    0x08003d70   0x08003d70   0x0000005c   Code   RO          677    i.L6474_ComputeSpeedProfile  l6474.o
    0x08003dcc   0x08003dcc   0x00000010   Code   RO          678    i.L6474_ConvertPosition  l6474.o
    0x08003ddc   0x08003ddc   0x00000010   Code   RO          679    i.L6474_ErrorHandler  l6474.o
    0x08003dec   0x08003dec   0x0000001c   Code   RO          680    i.L6474_FlagInterruptHandler  l6474.o
    0x08003e08   0x08003e08   0x00000014   Code   RO          681    i.L6474_GetAcceleration  l6474.o
    0x08003e1c   0x08003e1c   0x0000005a   Code   RO          682    i.L6474_GetAnalogValue  l6474.o
    0x08003e76   0x08003e76   0x00000002   PAD
    0x08003e78   0x08003e78   0x00000014   Code   RO          683    i.L6474_GetCurrentSpeed  l6474.o
    0x08003e8c   0x08003e8c   0x00000014   Code   RO          684    i.L6474_GetDeceleration  l6474.o
    0x08003ea0   0x08003ea0   0x00000014   Code   RO          685    i.L6474_GetDeviceState  l6474.o
    0x08003eb4   0x08003eb4   0x00000014   Code   RO          686    i.L6474_GetDirection  l6474.o
    0x08003ec8   0x08003ec8   0x00000006   Code   RO          687    i.L6474_GetFwVersion  l6474.o
    0x08003ece   0x08003ece   0x00000010   Code   RO          688    i.L6474_GetMark     l6474.o
    0x08003ede   0x08003ede   0x00000002   PAD
    0x08003ee0   0x08003ee0   0x00000014   Code   RO          689    i.L6474_GetMaxSpeed  l6474.o
    0x08003ef4   0x08003ef4   0x00000014   Code   RO          690    i.L6474_GetMinSpeed  l6474.o
    0x08003f08   0x08003f08   0x00000008   Code   RO          691    i.L6474_GetMotorHandle  l6474.o
    0x08003f10   0x08003f10   0x0000000c   Code   RO          692    i.L6474_GetNbDevices  l6474.o
    0x08003f1c   0x08003f1c   0x00000010   Code   RO          693    i.L6474_GetPosition  l6474.o
    0x08003f2c   0x08003f2c   0x00000038   Code   RO          694    i.L6474_GetStepMode  l6474.o
    0x08003f64   0x08003f64   0x00000014   Code   RO          695    i.L6474_GetStopMode  l6474.o
    0x08003f78   0x08003f78   0x00000006   Code   RO          696    i.L6474_GoHome      l6474.o
    0x08003f7e   0x08003f7e   0x0000001a   Code   RO          697    i.L6474_GoMark      l6474.o
    0x08003f98   0x08003f98   0x0000006c   Code   RO          698    i.L6474_GoTo        l6474.o
    0x08004004   0x08004004   0x0000003c   Code   RO          699    i.L6474_HardStop    l6474.o
    0x08004040   0x08004040   0x00000034   Code   RO          700    i.L6474_HizStop     l6474.o
    0x08004074   0x08004074   0x00000054   Code   RO          701    i.L6474_Init        l6474.o
    0x080040c8   0x080040c8   0x00000060   Code   RO          702    i.L6474_Move        l6474.o
    0x08004128   0x08004128   0x00000018   Code   RO         1059    i.L6474_Ocd_Par_to_Th  l6474.o
    0x08004140   0x08004140   0x00000028   Code   RO         1044    i.L6474_Ocd_Th_to_Par  l6474.o
    0x08004168   0x08004168   0x0000000c   Code   RO          703    i.L6474_ReadId      l6474.o
    0x08004174   0x08004174   0x0000000c   Code   RO          704    i.L6474_ReadStatusRegister  l6474.o
    0x08004180   0x08004180   0x00000004   Code   RO          705    i.L6474_ReleaseReset  l6474.o
    0x08004184   0x08004184   0x00000004   Code   RO          706    i.L6474_Reset       l6474.o
    0x08004188   0x08004188   0x00000038   Code   RO          707    i.L6474_ResetAllDevices  l6474.o
    0x080041c0   0x080041c0   0x0000003c   Code   RO          708    i.L6474_Run         l6474.o
    0x080041fc   0x080041fc   0x0000004c   Code   RO          709    i.L6474_SelectStepMode  l6474.o
    0x08004248   0x08004248   0x0000005c   Code   RO          710    i.L6474_SendCommand  l6474.o
    0x080042a4   0x080042a4   0x00000030   Code   RO          711    i.L6474_SetAcceleration  l6474.o
    0x080042d4   0x080042d4   0x00000130   Code   RO          712    i.L6474_SetAnalogValue  l6474.o
    0x08004404   0x08004404   0x00000030   Code   RO          713    i.L6474_SetDeceleration  l6474.o
    0x08004434   0x08004434   0x0000004c   Code   RO          714    i.L6474_SetDeviceParamsToGivenValues  l6474.o
    0x08004480   0x08004480   0x0000004c   Code   RO          715    i.L6474_SetDeviceParamsToPredefinedValues  l6474.o
    0x080044cc   0x080044cc   0x00000020   Code   RO          716    i.L6474_SetDirection  l6474.o
    0x080044ec   0x080044ec   0x00000030   Code   RO          717    i.L6474_SetHome     l6474.o
    0x0800451c   0x0800451c   0x0000001a   Code   RO          718    i.L6474_SetMark     l6474.o
    0x08004536   0x08004536   0x00000002   PAD
    0x08004538   0x08004538   0x0000003c   Code   RO          719    i.L6474_SetMaxSpeed  l6474.o
    0x08004574   0x08004574   0x0000003c   Code   RO          720    i.L6474_SetMinSpeed  l6474.o
    0x080045b0   0x080045b0   0x00000018   Code   RO          721    i.L6474_SetNbDevices  l6474.o
    0x080045c8   0x080045c8   0x00000098   Code   RO          722    i.L6474_SetRegisterToGivenValues  l6474.o
    0x08004660   0x08004660   0x000000a8   Code   RO          723    i.L6474_SetRegisterToPredefinedValues  l6474.o
    0x08004708   0x08004708   0x00000014   Code   RO          724    i.L6474_SetStopMode  l6474.o
    0x0800471c   0x0800471c   0x00000024   Code   RO          725    i.L6474_SoftStop    l6474.o
    0x08004740   0x08004740   0x0000003c   Code   RO          726    i.L6474_StartMovement  l6474.o
    0x0800477c   0x0800477c   0x00000198   Code   RO          727    i.L6474_StepClockHandler  l6474.o
    0x08004914   0x08004914   0x00000014   Code   RO         1054    i.L6474_Tmin_Par_to_Time  l6474.o
    0x08004928   0x08004928   0x0000001c   Code   RO         1039    i.L6474_Tmin_Time_to_Par  l6474.o
    0x08004944   0x08004944   0x00000028   Code   RO         1049    i.L6474_Tval_Current_to_Par  l6474.o
    0x0800496c   0x0800496c   0x00000018   Code   RO         1064    i.L6474_Tval_Par_to_Current  l6474.o
    0x08004984   0x08004984   0x00000010   Code   RO          728    i.L6474_WaitWhileActive  l6474.o
    0x08004994   0x08004994   0x00000024   Code   RO          729    i.L6474_WriteBytes  l6474.o
    0x080049b8   0x080049b8   0x0000002c   Code   RO          232    i.MSG_Printf        messaging.o
    0x080049e4   0x080049e4   0x000001f8   Code   RO          358    i.MX_GPIO_Init      main.o
    0x08004bdc   0x08004bdc   0x00000050   Code   RO          359    i.MX_SPI1_Init      main.o
    0x08004c2c   0x08004c2c   0x00000068   Code   RO          360    i.MX_TIM2_Init      main.o
    0x08004c94   0x08004c94   0x00000078   Code   RO          361    i.MX_TIM4_Init      main.o
    0x08004d0c   0x08004d0c   0x0000004c   Code   RO          362    i.MX_USART3_UART_Init  main.o
    0x08004d58   0x08004d58   0x00000002   Code   RO          479    i.MemManage_Handler  stm32h7xx_it.o
    0x08004d5a   0x08004d5a   0x00000002   PAD
    0x08004d5c   0x08004d5c   0x00000034   Code   RO          234    i.MessageTxTask     messaging.o
    0x08004d90   0x08004d90   0x0000003c   Code   RO          235    i.MessagingTaskInit  messaging.o
    0x08004dcc   0x08004dcc   0x00000008   Code   RO          288    i.MyFlagInterruptHandler  stepperdriver.o
    0x08004dd4   0x08004dd4   0x00000002   Code   RO          480    i.NMI_Handler       stm32h7xx_it.o
    0x08004dd6   0x08004dd6   0x00000004   Code   RO         1303    i.Powerstep01_GetMotorHandle  x_nucleo_ihmxx.o
    0x08004dda   0x08004dda   0x00000002   PAD
    0x08004ddc   0x08004ddc   0x00000120   Code   RO         2073    i.RCCEx_PLL2_Config  stm32h7xx_hal_rcc_ex.o
    0x08004efc   0x08004efc   0x00000120   Code   RO         2074    i.RCCEx_PLL3_Config  stm32h7xx_hal_rcc_ex.o
    0x0800501c   0x0800501c   0x000000bc   Code   RO         4228    i.SPI_CloseTransfer  stm32h7xx_hal_spi.o
    0x080050d8   0x080050d8   0x00000042   Code   RO         4245    i.SPI_WaitOnFlagUntilTimeout  stm32h7xx_hal_spi.o
    0x0800511a   0x0800511a   0x00000008   Code   RO          363    i.StartDefaultTask  main.o
    0x08005122   0x08005122   0x00000002   PAD
    0x08005124   0x08005124   0x00000354   Code   RO          289    i.StepperTask       stepperdriver.o
    0x08005478   0x08005478   0x00000044   Code   RO          290    i.StepperTaskInit   stepperdriver.o
    0x080054bc   0x080054bc   0x0000000c   Code   RO          291    i.Stepper_Error_Handler  stepperdriver.o
    0x080054c8   0x080054c8   0x00000004   Code   RO         1304    i.Stspin220_GetMotorHandle  x_nucleo_ihmxx.o
    0x080054cc   0x080054cc   0x00000004   Code   RO         1305    i.Stspin240_250_GetMotorHandle  x_nucleo_ihmxx.o
    0x080054d0   0x080054d0   0x0000002c   Code   RO         7209    i.SysTick_Handler   port.o
    0x080054fc   0x080054fc   0x000000b4   Code   RO          364    i.SystemClock_Config  main.o
    0x080055b0   0x080055b0   0x0000009c   Code   RO         5985    i.SystemInit        system_stm32h7xx.o
    0x0800564c   0x0800564c   0x0000000c   Code   RO          481    i.TIM1_UP_IRQHandler  stm32h7xx_it.o
    0x08005658   0x08005658   0x000000c4   Code   RO         4613    i.TIM_Base_SetConfig  stm32h7xx_hal_tim.o
    0x0800571c   0x0800571c   0x0000001a   Code   RO         4614    i.TIM_CCxChannelCmd  stm32h7xx_hal_tim.o
    0x08005736   0x08005736   0x00000012   Code   RO         4624    i.TIM_ETR_SetConfig  stm32h7xx_hal_tim.o
    0x08005748   0x08005748   0x00000014   Code   RO         4625    i.TIM_ITRx_SetConfig  stm32h7xx_hal_tim.o
    0x0800575c   0x0800575c   0x000000a8   Code   RO         4626    i.TIM_OC1_SetConfig  stm32h7xx_hal_tim.o
    0x08005804   0x08005804   0x00000098   Code   RO         4627    i.TIM_OC2_SetConfig  stm32h7xx_hal_tim.o
    0x0800589c   0x0800589c   0x0000008c   Code   RO         4628    i.TIM_OC3_SetConfig  stm32h7xx_hal_tim.o
    0x08005928   0x08005928   0x0000006c   Code   RO         4629    i.TIM_OC4_SetConfig  stm32h7xx_hal_tim.o
    0x08005994   0x08005994   0x0000006c   Code   RO         4630    i.TIM_OC5_SetConfig  stm32h7xx_hal_tim.o
    0x08005a00   0x08005a00   0x0000006c   Code   RO         4631    i.TIM_OC6_SetConfig  stm32h7xx_hal_tim.o
    0x08005a6c   0x08005a6c   0x0000009c   Code   RO         4632    i.TIM_SlaveTimer_SetConfig  stm32h7xx_hal_tim.o
    0x08005b08   0x08005b08   0x00000022   Code   RO         4633    i.TIM_TI1_ConfigInputStage  stm32h7xx_hal_tim.o
    0x08005b2a   0x08005b2a   0x00000024   Code   RO         4635    i.TIM_TI2_ConfigInputStage  stm32h7xx_hal_tim.o
    0x08005b4e   0x08005b4e   0x00000002   PAD
    0x08005b50   0x08005b50   0x00000064   Code   RO         5901    i.UARTEx_SetNbDataToProcess  stm32h7xx_hal_uart_ex.o
    0x08005bb4   0x08005bb4   0x000000c8   Code   RO         5537    i.UART_AdvFeatureConfig  stm32h7xx_hal_uart.o
    0x08005c7c   0x08005c7c   0x0000005e   Code   RO         5538    i.UART_CheckIdleState  stm32h7xx_hal_uart.o
    0x08005cda   0x08005cda   0x00000014   Code   RO         5539    i.UART_DMAAbortOnError  stm32h7xx_hal_uart.o
    0x08005cee   0x08005cee   0x00000002   PAD
    0x08005cf0   0x08005cf0   0x00000028   Code   RO         5549    i.UART_EndRxTransfer  stm32h7xx_hal_uart.o
    0x08005d18   0x08005d18   0x00000c10   Code   RO         5555    i.UART_SetConfig    stm32h7xx_hal_uart.o
    0x08006928   0x08006928   0x000000a4   Code   RO         5560    i.UART_WaitOnFlagUntilTimeout  stm32h7xx_hal_uart.o
    0x080069cc   0x080069cc   0x0000000c   Code   RO          482    i.USART3_IRQHandler  stm32h7xx_it.o
    0x080069d8   0x080069d8   0x00000002   Code   RO          483    i.UsageFault_Handler  stm32h7xx_it.o
    0x080069da   0x080069da   0x00000002   PAD
    0x080069dc   0x080069dc   0x00000028   Code   RO         7705    i.__0sprintf        mc_w.l(printfa.o)
    0x08006a04   0x08006a04   0x0000002c   Code   RO         7708    i.__0vsnprintf      mc_w.l(printfa.o)
    0x08006a30   0x08006a30   0x00000022   Code   RO         1826    i.__NVIC_SetPriority  stm32h7xx_hal_cortex.o
    0x08006a52   0x08006a52   0x0000000e   Code   RO         7775    i.__scatterload_copy  mc_w.l(handlers.o)
    0x08006a60   0x08006a60   0x00000002   Code   RO         7776    i.__scatterload_null  mc_w.l(handlers.o)
    0x08006a62   0x08006a62   0x0000000e   Code   RO         7777    i.__scatterload_zeroinit  mc_w.l(handlers.o)
    0x08006a70   0x08006a70   0x00000184   Code   RO         7710    i._fp_digits        mc_w.l(printfa.o)
    0x08006bf4   0x08006bf4   0x000006dc   Code   RO         7711    i._printf_core      mc_w.l(printfa.o)
    0x080072d0   0x080072d0   0x00000024   Code   RO         7712    i._printf_post_padding  mc_w.l(printfa.o)
    0x080072f4   0x080072f4   0x0000002e   Code   RO         7713    i._printf_pre_padding  mc_w.l(printfa.o)
    0x08007322   0x08007322   0x00000016   Code   RO         7714    i._snputc           mc_w.l(printfa.o)
    0x08007338   0x08007338   0x0000000a   Code   RO         7715    i._sputc            mc_w.l(printfa.o)
    0x08007342   0x08007342   0x00000004   Code   RO         1306    i.l647x_GetMotorHandle  x_nucleo_ihmxx.o
    0x08007346   0x08007346   0x00000004   Code   RO         1307    i.l648x_GetMotorHandle  x_nucleo_ihmxx.o
    0x0800734a   0x0800734a   0x00000002   PAD
    0x0800734c   0x0800734c   0x00000030   Code   RO           13    i.led_task          led_task.o
    0x0800737c   0x0800737c   0x00000078   Code   RO           14    i.led_task_init     led_task.o
    0x080073f4   0x080073f4   0x00000104   Code   RO          365    i.main              main.o
    0x080074f8   0x080074f8   0x0000000e   Code   RO         6780    i.makeFreeRtosPriority  cmsis_os.o
    0x08007506   0x08007506   0x0000000e   Code   RO         6782    i.osDelay           cmsis_os.o
    0x08007514   0x08007514   0x0000000a   Code   RO         6785    i.osKernelStart     cmsis_os.o
    0x0800751e   0x0800751e   0x00000054   Code   RO         6819    i.osThreadCreate    cmsis_os.o
    0x08007572   0x08007572   0x00000002   PAD
    0x08007574   0x08007574   0x00000070   Code   RO         6477    i.prvAddCurrentTaskToDelayedList  tasks.o
    0x080075e4   0x080075e4   0x000000d0   Code   RO         6478    i.prvAddNewTaskToReadyList  tasks.o
    0x080076b4   0x080076b4   0x00000026   Code   RO         6162    i.prvCopyDataFromQueue  queue.o
    0x080076da   0x080076da   0x0000006c   Code   RO         6163    i.prvCopyDataToQueue  queue.o
    0x08007746   0x08007746   0x00000034   Code   RO         6479    i.prvDeleteTCB      tasks.o
    0x0800777a   0x0800777a   0x00000002   PAD
    0x0800777c   0x0800777c   0x0000004c   Code   RO         7147    i.prvHeapInit       heap_4.o
    0x080077c8   0x080077c8   0x00000060   Code   RO         6480    i.prvIdleTask       tasks.o
    0x08007828   0x08007828   0x00000016   Code   RO         6165    i.prvInitialiseNewQueue  queue.o
    0x0800783e   0x0800783e   0x0000008e   Code   RO         6481    i.prvInitialiseNewTask  tasks.o
    0x080078cc   0x080078cc   0x0000004c   Code   RO         7148    i.prvInsertBlockIntoFreeList  heap_4.o
    0x08007918   0x08007918   0x0000001c   Code   RO         6166    i.prvIsQueueEmpty   queue.o
    0x08007934   0x08007934   0x00000020   Code   RO         6482    i.prvResetNextTaskUnblockTime  tasks.o
    0x08007954   0x08007954   0x00000028   Code   RO         7210    i.prvTaskExitError  port.o
    0x0800797c   0x0800797c   0x0000006a   Code   RO         6167    i.prvUnlockQueue    queue.o
    0x080079e6   0x080079e6   0x00000002   PAD
    0x080079e8   0x080079e8   0x000000d8   Code   RO         7149    i.pvPortMalloc      heap_4.o
    0x08007ac0   0x08007ac0   0x00000030   Code   RO         7211    i.pxPortInitialiseStack  port.o
    0x08007af0   0x08007af0   0x00000026   Code   RO         6122    i.uxListRemove      list.o
    0x08007b16   0x08007b16   0x00000002   PAD
    0x08007b18   0x08007b18   0x00000018   Code   RO          446    i.vApplicationGetIdleTaskMemory  freertos.o
    0x08007b30   0x08007b30   0x00000016   Code   RO         6123    i.vListInitialise   list.o
    0x08007b46   0x08007b46   0x00000006   Code   RO         6124    i.vListInitialiseItem  list.o
    0x08007b4c   0x08007b4c   0x00000030   Code   RO         6125    i.vListInsert       list.o
    0x08007b7c   0x08007b7c   0x00000018   Code   RO         6126    i.vListInsertEnd    list.o
    0x08007b94   0x08007b94   0x00000040   Code   RO         7213    i.vPortEnterCritical  port.o
    0x08007bd4   0x08007bd4   0x00000028   Code   RO         7214    i.vPortExitCritical  port.o
    0x08007bfc   0x08007bfc   0x0000005c   Code   RO         7150    i.vPortFree         heap_4.o
    0x08007c58   0x08007c58   0x00000024   Code   RO         7215    i.vPortSetupTimerInterrupt  port.o
    0x08007c7c   0x08007c7c   0x0000004c   Code   RO         6490    i.vTaskDelay        tasks.o
    0x08007cc8   0x08007cc8   0x00000010   Code   RO         6493    i.vTaskInternalSetTimeOutState  tasks.o
    0x08007cd8   0x08007cd8   0x0000000c   Code   RO         6494    i.vTaskMissedYield  tasks.o
    0x08007ce4   0x08007ce4   0x00000030   Code   RO         6496    i.vTaskPlaceOnEventList  tasks.o
    0x08007d14   0x08007d14   0x0000006c   Code   RO         6503    i.vTaskStartScheduler  tasks.o
    0x08007d80   0x08007d80   0x00000010   Code   RO         6505    i.vTaskSuspendAll   tasks.o
    0x08007d90   0x08007d90   0x0000005c   Code   RO         6506    i.vTaskSwitchContext  tasks.o
    0x08007dec   0x08007dec   0x000000f4   Code   RO         7217    i.xPortStartScheduler  port.o
    0x08007ee0   0x08007ee0   0x00000048   Code   RO         6176    i.xQueueGenericCreate  queue.o
    0x08007f28   0x08007f28   0x00000094   Code   RO         6178    i.xQueueGenericReset  queue.o
    0x08007fbc   0x08007fbc   0x00000160   Code   RO         6179    i.xQueueGenericSend  queue.o
    0x0800811c   0x0800811c   0x0000013c   Code   RO         6186    i.xQueueReceive     queue.o
    0x08008258   0x08008258   0x00000078   Code   RO         6507    i.xTaskCheckForTimeOut  tasks.o
    0x080082d0   0x080082d0   0x0000005a   Code   RO         6508    i.xTaskCreate       tasks.o
    0x0800832a   0x0800832a   0x00000056   Code   RO         6509    i.xTaskCreateStatic  tasks.o
    0x08008380   0x08008380   0x0000001c   Code   RO         6513    i.xTaskGetSchedulerState  tasks.o
    0x0800839c   0x0800839c   0x000000c8   Code   RO         6516    i.xTaskIncrementTick  tasks.o
    0x08008464   0x08008464   0x000000a0   Code   RO         6519    i.xTaskPriorityDisinherit  tasks.o
    0x08008504   0x08008504   0x00000074   Code   RO         6521    i.xTaskRemoveFromEventList  tasks.o
    0x08008578   0x08008578   0x000000c4   Code   RO         6522    i.xTaskResumeAll    tasks.o
    0x0800863c   0x0800863c   0x0000001c   Data   RO          367    .constdata          main.o
    0x08008658   0x08008658   0x00000010   Data   RO         5986    .constdata          system_stm32h7xx.o
    0x08008668   0x08008668   0x00000012   Data   RO           18    .conststring        led_task.o
    0x0800867a   0x0800867a   0x00000002   PAD
    0x0800867c   0x0800867c   0x00000010   Data   RO          293    .conststring        stepperdriver.o
    0x0800868c   0x0800868c   0x0000000c   Data   RO          368    .conststring        main.o
    0x08008698   0x08008698   0x00000020   Data   RO         7773    Region$$Table       anon$$obj.o


    Execution Region RW_IRAM1 (Exec base: 0x20000000, Load base: 0x080086b8, Size: 0x00010da0, Max: 0x00020000, ABSOLUTE, COMPRESSED[0x000000ec])

    Exec Addr    Load Addr    Size         Type   Attr      Idx    E Section Name        Object

    0x20000000   COMPRESSED   0x0000000c   Data   RW           19    .data               led_task.o
    0x2000000c   COMPRESSED   0x00000008   Data   RW          236    .data               messaging.o
    0x20000014   COMPRESSED   0x00000034   Data   RW          294    .data               stepperdriver.o
    0x20000048   COMPRESSED   0x00000004   Data   RW          369    .data               main.o
    0x2000004c   COMPRESSED   0x00000174   Data   RW          731    .data               l6474.o
    0x200001c0   COMPRESSED   0x00000008   Data   RW         1308    .data               x_nucleo_ihmxx.o
    0x200001c8   COMPRESSED   0x0000000c   Data   RW         3331    .data               stm32h7xx_hal.o
    0x200001d4   COMPRESSED   0x00000008   Data   RW         5987    .data               system_stm32h7xx.o
    0x200001dc   COMPRESSED   0x0000003c   Data   RW         6525    .data               tasks.o
    0x20000218   COMPRESSED   0x00000018   Data   RW         7155    .data               heap_4.o
    0x20000230   COMPRESSED   0x0000000c   Data   RW         7218    .data               port.o
    0x2000023c        -       0x00000028   Zero   RW           16    .bss                led_task.o
    0x20000264        -       0x00000048   Zero   RW          292    .bss                stepperdriver.o
    0x200002ac        -       0x00000194   Zero   RW          366    .bss                main.o
    0x20000440        -       0x00000254   Zero   RW          447    .bss                freertos.o
    0x20000694        -       0x00000040   Zero   RW          635    .bss                stm32h7xx_hal_timebase_tim.o
    0x200006d4        -       0x00000090   Zero   RW          730    .bss                l6474.o
    0x20000764        -       0x00000148   Zero   RW         1114    .bss                x_nucleo_ihm01a1_stm32h7xx.o
    0x200008ac        -       0x000000f0   Zero   RW         6524    .bss                tasks.o
    0x2000099c        -       0x0000fffe   Zero   RW         7154    .bss                heap_4.o
    0x2001099a   COMPRESSED   0x00000006   PAD
    0x200109a0        -       0x00000400   Zero   RW            1    STACK               startup_stm32h743xx.o


==============================================================================

Image component sizes


      Code (inc. data)   RO Data    RW Data    ZI Data      Debug   Object Name

       122          0          0          0          0      22309   cmsis_os.o
         0          0          0          0          0      18080   event_groups.o
        24          6          0          0        596       1192   freertos.o
       460         22          0         24      65534       7267   heap_4.o
      3776        290          0        372        144      53413   l6474.o
       168         42         18         12         40    1303718   led_task.o
       138          0          0          0          0       3482   list.o
      1352        122         40          4        404      41683   main.o
       156         38          0          8          0       2448   messaging.o
       706         74          0         12          0      10964   port.o
      1190         16          0          0          0      11095   queue.o
        36          8        664          0       1024        824   startup_stm32h743xx.o
       940        202         16         52         72      21131   stepperdriver.o
       164         34          0         12          0      22069   stm32h7xx_hal.o
       160         12          0          0          0      38138   stm32h7xx_hal_cortex.o
       460         38          0          0          0       2211   stm32h7xx_hal_dma.o
       558         50          0          0          0       4309   stm32h7xx_hal_gpio.o
       436         54          0          0          0       3520   stm32h7xx_hal_msp.o
        80          4          0          0          0        793   stm32h7xx_hal_pwr_ex.o
      2306        106          0          0          0       7329   stm32h7xx_hal_rcc.o
      3534        126          0          0          0       8291   stm32h7xx_hal_rcc_ex.o
      1376         12          0          0          0       5229   stm32h7xx_hal_spi.o
      2728        248          0          0          0      20329   stm32h7xx_hal_tim.o
       102          8          0          0          0       2988   stm32h7xx_hal_tim_ex.o
       116         16          0          0         64       1367   stm32h7xx_hal_timebase_tim.o
      4354        134          0          0          0      12130   stm32h7xx_hal_uart.o
       322         18          0          0          0       5282   stm32h7xx_hal_uart_ex.o
        62         12          0          0          0       5340   stm32h7xx_it.o
         0          0          0          0          0        392   stream_buffer.o
       156         22         16          8          0       1326   system_stm32h7xx.o
      2006        148          0         60        240      21926   tasks.o
       820        122          0          0        328      10087   x_nucleo_ihm01a1_stm32h7xx.o
       936        108          0          8          0      20597   x_nucleo_ihmxx.o

    ----------------------------------------------------------------------
     29792       2092        788        572      68452    1691259   Object Totals
         0          0         32          0          0          0   (incl. Generated)
        48          0          2          0          6          0   (incl. Padding)

    ----------------------------------------------------------------------

      Code (inc. data)   RO Data    RW Data    ZI Data      Debug   Library Member Name

        86          0          0          0          0          0   __dczerorl2.o
         0          0          0          0          0          0   entry.o
         0          0          0          0          0          0   entry10a.o
         0          0          0          0          0          0   entry11a.o
         8          4          0          0          0          0   entry2.o
         4          0          0          0          0          0   entry5.o
         0          0          0          0          0          0   entry7b.o
         0          0          0          0          0          0   entry8b.o
         8          4          0          0          0          0   entry9a.o
        30          0          0          0          0          0   handlers.o
        36          8          0          0          0         68   init.o
         0          0          0          0          0          0   iusefp.o
        30          0          0          0          0         68   llshl.o
        36          0          0          0          0         68   llsshr.o
        32          0          0          0          0         68   llushr.o
        36          0          0          0          0         68   memcpya.o
        36          0          0          0          0        108   memseta.o
      2342         90          0          0          0        668   printfa.o
        14          0          0          0          0         68   strlen.o
        44          0          0          0          0         80   uidiv.o
        98          0          0          0          0         92   uldiv.o
        48          0          0          0          0         68   cdrcmple.o
       334          0          0          0          0        148   dadd.o
       222          0          0          0          0        100   ddiv.o
       186          0          0          0          0        176   depilogue.o
        48          0          0          0          0         68   dfixul.o
       228          0          0          0          0         96   dmul.o

    ----------------------------------------------------------------------
      3908        106          0          0          0       2012   Library Totals
         2          0          0          0          0          0   (incl. Padding)

    ----------------------------------------------------------------------

      Code (inc. data)   RO Data    RW Data    ZI Data      Debug   Library Name

      2840        106          0          0          0       1356   mc_w.l
      1066          0          0          0          0        656   mf_w.l

    ----------------------------------------------------------------------
      3908        106          0          0          0       2012   Library Totals

    ----------------------------------------------------------------------

==============================================================================


      Code (inc. data)   RO Data    RW Data    ZI Data      Debug   

     33700       2198        788        572      68452    1664815   Grand Totals
     33700       2198        788        236      68452    1664815   ELF Image Totals (compressed)
     33700       2198        788        236          0          0   ROM Totals

==============================================================================

    Total RO  Size (Code + RO Data)                34488 (  33.68kB)
    Total RW  Size (RW Data + ZI Data)             69024 (  67.41kB)
    Total ROM Size (Code + RO Data + RW Data)      34724 (  33.91kB)

==============================================================================

