<html>
<body>
<pre>
<h1>µVision Build Log</h1>
<h2>Tool Versions:</h2>
IDE-Version: µVision V5.27.1.0
Copyright (C) 2019 ARM Ltd and ARM Germany GmbH. All rights reserved.
License Information: Brandon Key, RIT, LIC=1WSEV-PJX3N-QHZ8A-1ALIN-50IQ6-VGNQ1
 
Tool Versions:
Toolchain:       MDK-ARM Professional  Version: 5.27.1.0
Toolchain Path:  C:\Keil_v5\ARM\ARMCC\Bin
C Compiler:      Armcc.exe V5.06 update 6 (build 750)
Assembler:       Armasm.exe V5.06 update 6 (build 750)
Linker/Locator:  ArmLink.exe V5.06 update 6 (build 750)
Library Manager: ArmAr.exe V5.06 update 6 (build 750)
Hex Converter:   FromElf.exe V5.06 update 6 (build 750)
CPU DLL:         SARMCM3.DLL V5.27.1.0
Dialog DLL:      DCM.DLL V1.17.2.0
Target DLL:      STLink\ST-LINKIII-KEIL_SWO.dll V3.0.6.0
Dialog DLL:      TCM.DLL V1.36.1.0
 
<h2>Project:</h2>
D:\Documents\BraidyBunch\MDK-ARM\BraidyBunch.uvprojx
Project File Date:  01/25/2020

<h2>Output:</h2>
*** Using Compiler 'V5.06 update 6 (build 750)', folder: 'C:\Keil_v5\ARM\ARMCC\Bin'
Rebuild target 'BraidyBunch'
assembling startup_stm32h743xx.s...
compiling stm32h7xx_hal_timebase_tim.c...
compiling l6474.c...
compiling freertos.c...
compiling stm32h7xx_hal_msp.c...
compiling StepperDriver.c...
..\Src\StepperDriver.c(321): warning:  #128-D: loop is not reachable
      while(1) {
..\Src\StepperDriver.c(340): warning:  #111-D: statement is unreachable
    if ((statusRegister & L6474_STATUS_HIZ) == L6474_STATUS_HIZ)
..\Src\StepperDriver.c: 2 warnings, 0 errors
compiling led_task.c...
compiling messaging.c...
..\Src\messaging.c(14): warning:  #177-D: variable "MessageRxTaskHandle"  was declared but never referenced
  static TaskHandle_t MessageRxTaskHandle;
..\Src\messaging.c: 1 warning, 0 errors
compiling stm32h7xx_it.c...
compiling x_nucleo_ihmxx.c...
compiling main.c...
compiling stm32h7xx_hal_cortex.c...
compiling stm32h7xx_hal_gpio.c...
compiling stm32h7xx_hal_hsem.c...
compiling x_nucleo_ihm01a1_stm32h7xx.c...
..\Drivers\BSP\X-NUCLEO-IHMxx\x_nucleo_ihm01a1_stm32h7xx.c(430): warning:  #177-D: variable "str"  was declared but never referenced
      char str[32];
..\Drivers\BSP\X-NUCLEO-IHMxx\x_nucleo_ihm01a1_stm32h7xx.c: 1 warning, 0 errors
compiling stm32h7xx_hal_flash_ex.c...
compiling stm32h7xx_hal_flash.c...
compiling stm32h7xx_hal_rcc_ex.c...
compiling stm32h7xx_hal_rcc.c...
compiling stm32h7xx_hal_mdma.c...
compiling stm32h7xx_hal_i2c_ex.c...
compiling stm32h7xx_hal_pwr.c...
compiling stm32h7xx_hal_dma_ex.c...
compiling stm32h7xx_hal.c...
compiling stm32h7xx_hal_pwr_ex.c...
compiling stm32h7xx_hal_i2c.c...
compiling stm32h7xx_hal_dma.c...
compiling stm32h7xx_hal_exti.c...
compiling stm32h7xx_hal_spi_ex.c...
compiling croutine.c...
compiling list.c...
compiling event_groups.c...
compiling stm32h7xx_hal_uart_ex.c...
compiling stream_buffer.c...
compiling queue.c...
compiling timers.c...
compiling tasks.c...
compiling stm32h7xx_hal_spi.c...
compiling stm32h7xx_hal_tim_ex.c...
compiling heap_4.c...
compiling cmsis_os.c...
compiling port.c...
compiling system_stm32h7xx.c...
compiling stm32h7xx_hal_tim.c...
compiling stm32h7xx_hal_uart.c...
compiling stm32h7xx_nucleo.c...
linking...
Program Size: Code=33492 RO-data=788 RW-data=572 ZI-data=68452  
FromELF: creating hex file...
"BraidyBunch\BraidyBunch.axf" - 0 Error(s), 4 Warning(s).

<h2>Software Packages used:</h2>

Package Vendor: ARM
                http://www.keil.com/pack/ARM.CMSIS.5.6.0.pack
                ARM.CMSIS.5.6.0
                CMSIS (Cortex Microcontroller Software Interface Standard)
   * Component: CORE Version: 5.3.0

Package Vendor: Keil
                https://www.keil.com/pack/Keil.STM32H7xx_DFP.2.3.1.pack
                Keil.STM32H7xx_DFP.2.3.1
                STMicroelectronics STM32H7 Series Device Support and Examples

<h2>Collection of Component include folders:</h2>
  .\RTE\_BraidyBunch
  C:\Users\MSI LAPTOP\AppData\Local\Arm\Packs\ARM\CMSIS\5.6.0\CMSIS\Core\Include
  C:\Users\MSI LAPTOP\AppData\Local\Arm\Packs\Keil\STM32H7xx_DFP\2.3.1\Drivers\CMSIS\Device\ST\STM32H7xx\Include

<h2>Collection of Component Files used:</h2>

   * Component: ARM::CMSIS:CORE:5.3.0
Build Time Elapsed:  00:01:53
</pre>
</body>
</html>
