<html>
<body>
<pre>
<h1>µVision Build Log</h1>
<h2>Tool Versions:</h2>
IDE-Version: µVision V5.27.1.0
Copyright (C) 2019 ARM Ltd and ARM Germany GmbH. All rights reserved.
License Information: Brandon Key, RIT, LIC=1WSEV-PJX3N-QHZ8A-1ALIN-50IQ6-VGNQ1
 
Tool Versions:
Toolchain:       MDK-ARM Professional  Version: 5.27.1.0
Toolchain Path:  C:\Keil_v5\ARM\ARMCC\Bin
C Compiler:      Armcc.exe V5.06 update 6 (build 750)
Assembler:       Armasm.exe V5.06 update 6 (build 750)
Linker/Locator:  ArmLink.exe V5.06 update 6 (build 750)
Library Manager: ArmAr.exe V5.06 update 6 (build 750)
Hex Converter:   FromElf.exe V5.06 update 6 (build 750)
CPU DLL:         SARMCM3.DLL V5.27.1.0
Dialog DLL:      DARMCM1.DLL V1.19.2.0
Target DLL:      STLink\ST-LINKIII-KEIL_SWO.dll V3.0.6.0
Dialog DLL:      TARMCM1.DLL V1.14.1.0
 
<h2>Project:</h2>
D:\Downloads\en.x-cube-spn1\Projects\Multi\Examples\MotionControl\IHM01A1_ExampleFor3Motors\MDK-ARM\STM32L053R8-Nucleo\Project.uvprojx
Project File Date:  11/26/2019

<h2>Output:</h2>
*** Using Compiler 'V5.06 update 6 (build 750)', folder: 'C:\Keil_v5\ARM\ARMCC\Bin'
Build target 'STM32L053R8-Nucleo'
compiling x_nucleo_ihmxx.c...
compiling l6474.c...
compiling x_nucleo_ihm01a1_stm32l0xx.c...
compiling stm32l0xx_hal.c...
compiling system_stm32l0xx.c...
compiling stm32l0xx_hal_cortex.c...
compiling stm32l0xx_hal_flash.c...
compiling stm32l0xx_hal_flash_ex.c...
compiling stm32l0xx_nucleo.c...
compiling stm32l0xx_hal_gpio.c...
compiling stm32l0xx_hal_rcc.c...
compiling stm32l0xx_hal_tim_ex.c...
assembling startup_stm32l053xx.s...
compiling stm32l0xx_hal_adc_ex.c...
compiling stm32l0xx_hal_rcc_ex.c...
compiling stm32l0xx_hal_dma.c...
compiling stm32l0xx_hal_adc.c...
compiling stm32l0xx_hal_spi.c...
compiling stm32l0xx_hal_tim.c...
compiling main.c...
compiling stm32l0xx_it.c...
compiling stm32l0xx_hal_msp.c...
compiling clock_l0.c...
linking...
Program Size: Code=13632 RO-data=252 RW-data=392 ZI-data=2032  
FromELF: creating hex file...
After Build - User command #1: C:\Keil_v5\\ARM\ARMCC\bin\fromelf.exe --bin --output=STM32L053R8-Nucleo\STM32L053R8-Nucleo.bin STM32L053R8-Nucleo\STM32L053R8-Nucleo.axf
"STM32L053R8-Nucleo\STM32L053R8-Nucleo.axf" - 0 Error(s), 0 Warning(s).

<h2>Software Packages used:</h2>

Package Vendor: ARM
                http://www.keil.com/pack/ARM.CMSIS.5.6.0.pack
                ARM.CMSIS.5.6.0
                CMSIS (Cortex Microcontroller Software Interface Standard)
   * Component: CORE Version: 5.3.0

<h2>Collection of Component include folders:</h2>
  .\RTE\_STM32L053R8-Nucleo
  C:\Users\MSI LAPTOP\AppData\Local\Arm\Packs\ARM\CMSIS\5.6.0\CMSIS\Core\Include

<h2>Collection of Component Files used:</h2>

   * Component: ARM::CMSIS:CORE:5.3.0
Build Time Elapsed:  00:00:18
</pre>
</body>
</html>
