Archive member included to satisfy reference by file (symbol)

/usr/lib/gcc/arm-none-eabi/6.3.1/../../../arm-none-eabi/lib/thumb/v7e-m/fpv5/hard/libc_nano.a(lib_a-atexit.o)
                              /usr/lib/gcc/arm-none-eabi/6.3.1/../../../arm-none-eabi/lib/thumb/v7e-m/fpv5/hard/crt0.o (atexit)
/usr/lib/gcc/arm-none-eabi/6.3.1/../../../arm-none-eabi/lib/thumb/v7e-m/fpv5/hard/libc_nano.a(lib_a-exit.o)
                              /usr/lib/gcc/arm-none-eabi/6.3.1/../../../arm-none-eabi/lib/thumb/v7e-m/fpv5/hard/crt0.o (exit)
/usr/lib/gcc/arm-none-eabi/6.3.1/../../../arm-none-eabi/lib/thumb/v7e-m/fpv5/hard/libc_nano.a(lib_a-fini.o)
                              /usr/lib/gcc/arm-none-eabi/6.3.1/../../../arm-none-eabi/lib/thumb/v7e-m/fpv5/hard/crt0.o (__libc_fini_array)
/usr/lib/gcc/arm-none-eabi/6.3.1/../../../arm-none-eabi/lib/thumb/v7e-m/fpv5/hard/libc_nano.a(lib_a-impure.o)
                              /usr/lib/gcc/arm-none-eabi/6.3.1/../../../arm-none-eabi/lib/thumb/v7e-m/fpv5/hard/libc_nano.a(lib_a-exit.o) (_global_impure_ptr)
/usr/lib/gcc/arm-none-eabi/6.3.1/../../../arm-none-eabi/lib/thumb/v7e-m/fpv5/hard/libc_nano.a(lib_a-init.o)
                              /usr/lib/gcc/arm-none-eabi/6.3.1/../../../arm-none-eabi/lib/thumb/v7e-m/fpv5/hard/crt0.o (__libc_init_array)
/usr/lib/gcc/arm-none-eabi/6.3.1/../../../arm-none-eabi/lib/thumb/v7e-m/fpv5/hard/libc_nano.a(lib_a-memcmp.o)
                              build/ethernet.o (memcmp)
/usr/lib/gcc/arm-none-eabi/6.3.1/../../../arm-none-eabi/lib/thumb/v7e-m/fpv5/hard/libc_nano.a(lib_a-memcpy.o)
                              build/pbuf.o (memcpy)
/usr/lib/gcc/arm-none-eabi/6.3.1/../../../arm-none-eabi/lib/thumb/v7e-m/fpv5/hard/libc_nano.a(lib_a-memset.o)
                              /usr/lib/gcc/arm-none-eabi/6.3.1/../../../arm-none-eabi/lib/thumb/v7e-m/fpv5/hard/crt0.o (memset)
/usr/lib/gcc/arm-none-eabi/6.3.1/../../../arm-none-eabi/lib/thumb/v7e-m/fpv5/hard/libc_nano.a(lib_a-printf.o)
                              build/ethernetif.o (printf)
/usr/lib/gcc/arm-none-eabi/6.3.1/../../../arm-none-eabi/lib/thumb/v7e-m/fpv5/hard/libc_nano.a(lib_a-strlen.o)
                              build/def.o (strlen)
/usr/lib/gcc/arm-none-eabi/6.3.1/../../../arm-none-eabi/lib/thumb/v7e-m/fpv5/hard/libc_nano.a(lib_a-strncmp.o)
                              build/def.o (strncmp)
/usr/lib/gcc/arm-none-eabi/6.3.1/../../../arm-none-eabi/lib/thumb/v7e-m/fpv5/hard/libc_nano.a(lib_a-__atexit.o)
                              /usr/lib/gcc/arm-none-eabi/6.3.1/../../../arm-none-eabi/lib/thumb/v7e-m/fpv5/hard/libc_nano.a(lib_a-atexit.o) (__register_exitproc)
/usr/lib/gcc/arm-none-eabi/6.3.1/../../../arm-none-eabi/lib/thumb/v7e-m/fpv5/hard/libc_nano.a(lib_a-__call_atexit.o)
                              /usr/lib/gcc/arm-none-eabi/6.3.1/../../../arm-none-eabi/lib/thumb/v7e-m/fpv5/hard/libc_nano.a(lib_a-__atexit.o) (__call_exitprocs)
/usr/lib/gcc/arm-none-eabi/6.3.1/../../../arm-none-eabi/lib/thumb/v7e-m/fpv5/hard/libc_nano.a(lib_a-findfp.o)
                              /usr/lib/gcc/arm-none-eabi/6.3.1/../../../arm-none-eabi/lib/thumb/v7e-m/fpv5/hard/libc_nano.a(lib_a-printf.o) (__sinit)
/usr/lib/gcc/arm-none-eabi/6.3.1/../../../arm-none-eabi/lib/thumb/v7e-m/fpv5/hard/libc_nano.a(lib_a-fwalk.o)
                              /usr/lib/gcc/arm-none-eabi/6.3.1/../../../arm-none-eabi/lib/thumb/v7e-m/fpv5/hard/libc_nano.a(lib_a-findfp.o) (_fwalk)
/usr/lib/gcc/arm-none-eabi/6.3.1/../../../arm-none-eabi/lib/thumb/v7e-m/fpv5/hard/libc_nano.a(lib_a-nano-mallocr.o)
                              /usr/lib/gcc/arm-none-eabi/6.3.1/../../../arm-none-eabi/lib/thumb/v7e-m/fpv5/hard/libc_nano.a(lib_a-findfp.o) (_malloc_r)
/usr/lib/gcc/arm-none-eabi/6.3.1/../../../arm-none-eabi/lib/thumb/v7e-m/fpv5/hard/libc_nano.a(lib_a-nano-vfprintf.o)
                              /usr/lib/gcc/arm-none-eabi/6.3.1/../../../arm-none-eabi/lib/thumb/v7e-m/fpv5/hard/libc_nano.a(lib_a-printf.o) (_vfprintf_r)
/usr/lib/gcc/arm-none-eabi/6.3.1/../../../arm-none-eabi/lib/thumb/v7e-m/fpv5/hard/libc_nano.a(lib_a-nano-vfprintf_i.o)
                              /usr/lib/gcc/arm-none-eabi/6.3.1/../../../arm-none-eabi/lib/thumb/v7e-m/fpv5/hard/libc_nano.a(lib_a-nano-vfprintf.o) (_printf_i)
/usr/lib/gcc/arm-none-eabi/6.3.1/../../../arm-none-eabi/lib/thumb/v7e-m/fpv5/hard/libc_nano.a(lib_a-sbrkr.o)
                              /usr/lib/gcc/arm-none-eabi/6.3.1/../../../arm-none-eabi/lib/thumb/v7e-m/fpv5/hard/libc_nano.a(lib_a-nano-mallocr.o) (_sbrk_r)
/usr/lib/gcc/arm-none-eabi/6.3.1/../../../arm-none-eabi/lib/thumb/v7e-m/fpv5/hard/libc_nano.a(lib_a-stdio.o)
                              /usr/lib/gcc/arm-none-eabi/6.3.1/../../../arm-none-eabi/lib/thumb/v7e-m/fpv5/hard/libc_nano.a(lib_a-findfp.o) (__sread)
/usr/lib/gcc/arm-none-eabi/6.3.1/../../../arm-none-eabi/lib/thumb/v7e-m/fpv5/hard/libc_nano.a(lib_a-wbuf.o)
[...]
Memory Configuration

Name             Origin             Length             Attributes
DTCMRAM          0x0000000020000000 0x0000000000020000 xrw
RAM_D1           0x0000000024000000 0x0000000000080000 xrw
RAM_D2           0x0000000030000000 0x0000000000048000 xrw
RAM_D3           0x0000000038000000 0x0000000000010000 xrw
ITCMRAM          0x0000000000000000 0x0000000000010000 xrw
FLASH            0x0000000008000000 0x0000000000200000 xr
*default*        0x0000000000000000 0xffffffffffffffff

Linker script and memory map

LOAD /usr/lib/gcc/arm-none-eabi/6.3.1/thumb/v7e-m/fpv5/hard/crti.o
LOAD /usr/lib/gcc/arm-none-eabi/6.3.1/thumb/v7e-m/fpv5/hard/crtbegin.o
LOAD /usr/lib/gcc/arm-none-eabi/6.3.1/../../../arm-none-eabi/lib/thumb/v7e-m/fpv5/hard/crt0.o
LOAD build/main.o
LOAD build/lwip.o
LOAD build/ethernetif.o
LOAD build/stm32h7xx_it.o
LOAD build/stm32h7xx_hal_msp.o
LOAD build/stm32h7xx_hal_timebase_tim.o
LOAD build/lan8742.o
LOAD build/stm32h7xx_hal_eth.o
LOAD build/stm32h7xx_hal_eth_ex.o
LOAD build/stm32h7xx_hal_rcc.o
LOAD build/stm32h7xx_hal_rcc_ex.o
LOAD build/stm32h7xx_hal_flash.o
LOAD build/stm32h7xx_hal_flash_ex.o
LOAD build/stm32h7xx_hal_gpio.o
LOAD build/stm32h7xx_hal_hsem.o
LOAD build/stm32h7xx_hal_dma.o
LOAD build/stm32h7xx_hal_dma_ex.o
LOAD build/stm32h7xx_hal_mdma.o
LOAD build/stm32h7xx_hal_pwr.o
LOAD build/stm32h7xx_hal_pwr_ex.o
LOAD build/stm32h7xx_hal_cortex.o
LOAD build/stm32h7xx_hal.o
LOAD build/stm32h7xx_hal_i2c.o
LOAD build/stm32h7xx_hal_i2c_ex.o
LOAD build/stm32h7xx_hal_exti.o
LOAD build/stm32h7xx_hal_tim.o
LOAD build/stm32h7xx_hal_tim_ex.o
LOAD build/stm32h7xx_hal_pcd.o
LOAD build/stm32h7xx_hal_pcd_ex.o
LOAD build/stm32h7xx_ll_usb.o
LOAD build/system_stm32h7xx.o
LOAD build/auth.o
LOAD build/ccp.o
LOAD build/chap_ms.o
LOAD build/chap-md5.o
LOAD build/chap-new.o
LOAD build/demand.o
LOAD build/eap.o
LOAD build/eui64.o
LOAD build/fsm.o
LOAD build/ipcp.o
LOAD build/ipv6cp.o
LOAD build/lcp.o
LOAD build/magic.o
LOAD build/mppe.o
LOAD build/multilink.o
LOAD build/ppp.o
LOAD build/pppapi.o
LOAD build/pppcrypt.o
LOAD build/pppoe.o
LOAD build/pppol2tp.o
LOAD build/pppos.o
LOAD build/upap.o
LOAD build/utils.o
LOAD build/vj.o
LOAD build/ethernet.o
LOAD build/slipif.o
LOAD build/lowpan6.o
LOAD build/ecp.o
LOAD build/api_lib.o
LOAD build/api_msg.o
LOAD build/err.o
LOAD build/netbuf.o
LOAD build/netdb.o
LOAD build/netifapi.o
LOAD build/sockets.o
LOAD build/tcpip.o
LOAD build/def.o
LOAD build/dns.o
LOAD build/inet_chksum.o
LOAD build/init.o
LOAD build/ip.o
LOAD build/mem.o
LOAD build/memp.o
LOAD build/netif.o
LOAD build/pbuf.o
LOAD build/raw.o
LOAD build/stats.o
LOAD build/sys.o
LOAD build/tcp.o
LOAD build/tcp_in.o
LOAD build/tcp_out.o
LOAD build/timeouts.o
LOAD build/udp.o
LOAD build/autoip.o
LOAD build/dhcp.o
LOAD build/etharp.o
LOAD build/icmp.o
LOAD build/igmp.o
LOAD build/ip4.o
LOAD build/ip4_addr.o
LOAD build/ip4_frag.o
LOAD build/dhcp6.o
LOAD build/ethip6.o
LOAD build/icmp6.o
LOAD build/inet6.o
LOAD build/ip6.o
LOAD build/ip6_addr.o
LOAD build/ip6_frag.o
LOAD build/mld6.o
LOAD build/nd6.o
LOAD build/mqtt.o
LOAD build/startup_stm32h743xx.o
LOAD /usr/lib/gcc/arm-none-eabi/6.3.1/../../../arm-none-eabi/lib/thumb/v7e-m/fpv5/hard/libc_nano.a
LOAD /usr/lib/gcc/arm-none-eabi/6.3.1/../../../arm-none-eabi/lib/thumb/v7e-m/fpv5/hard/libm.a
LOAD /usr/lib/gcc/arm-none-eabi/6.3.1/../../../arm-none-eabi/lib/thumb/v7e-m/fpv5/hard/libnosys.a
START GROUP
LOAD /usr/lib/gcc/arm-none-eabi/6.3.1/thumb/v7e-m/fpv5/hard/libgcc.a
LOAD /usr/lib/gcc/arm-none-eabi/6.3.1/../../../arm-none-eabi/lib/thumb/v7e-m/fpv5/hard/libc_nano.a
END GROUP
START GROUP
LOAD /usr/lib/gcc/arm-none-eabi/6.3.1/thumb/v7e-m/fpv5/hard/libgcc.a
LOAD /usr/lib/gcc/arm-none-eabi/6.3.1/../../../arm-none-eabi/lib/thumb/v7e-m/fpv5/hard/libc_nano.a
END GROUP
LOAD /usr/lib/gcc/arm-none-eabi/6.3.1/thumb/v7e-m/fpv5/hard/crtend.o
LOAD /usr/lib/gcc/arm-none-eabi/6.3.1/thumb/v7e-m/fpv5/hard/crtn.o
                0x0000000020020000                _estack = 0x20020000
                0x0000000000000200                _Min_Heap_Size = 0x200
                0x0000000000000400                _Min_Stack_Size = 0x400

.isr_vector     0x0000000008000000      0x298
                0x0000000008000000                . = ALIGN (0x4)
 *(.isr_vector)
 .isr_vector    0x0000000008000000      0x298 build/startup_stm32h743xx.o
                0x0000000008000000                g_pfnVectors
                0x0000000008000298                . = ALIGN (0x4)

.text           0x00000000080002a0     0xb0d0
                0x00000000080002a0                . = ALIGN (0x4)
 *(.text)
 .text          0x00000000080002a0       0xa4 /usr/lib/gcc/arm-none-eabi/6.3.1/thumb/v7e-m/fpv5/hard/crtbegin.o
 .text          0x0000000008000344       0x50 /usr/lib/gcc/arm-none-eabi/6.3.1/../../../arm-none-eabi/lib/thumb/v7e-m/fpv5/hard/libc_nano.a(lib_a-init.o)
                0x0000000008000344                __libc_init_array
 .text          0x0000000008000394       0x60 /usr/lib/gcc/arm-none-eabi/6.3.1/../../../arm-none-eabi/lib/thumb/v7e-m/fpv5/hard/libc_nano.a(lib_a-memcmp.o)
                0x0000000008000394                memcmp
 .text          0x00000000080003f4      0x134 /usr/lib/gcc/arm-none-eabi/6.3.1/../../../arm-none-eabi/lib/thumb/v7e-m/fpv5/hard/libc_nano.a(lib_a-memcpy.o)
                0x00000000080003f4                memcpy
 .text          0x0000000008000528       0x9c /usr/lib/gcc/arm-none-eabi/6.3.1/../../../arm-none-eabi/lib/thumb/v7e-m/fpv5/hard/libc_nano.a(lib_a-memset.o)
                0x0000000008000528                memset
 .text          0x00000000080005c4       0x60 /usr/lib/gcc/arm-none-eabi/6.3.1/../../../arm-none-eabi/lib/thumb/v7e-m/fpv5/hard/libc_nano.a(lib_a-printf.o)
                0x00000000080005c4                _printf_r
                0x00000000080005c4                _iprintf_r
                0x00000000080005f0                printf
                0x00000000080005f0                iprintf
 .text          0x0000000008000624      0x230 /usr/lib/gcc/arm-none-eabi/6.3.1/../../../arm-none-eabi/lib/thumb/v7e-m/fpv5/hard/libc_nano.a(lib_a-findfp.o)
                0x0000000008000628                _cleanup_r
                0x0000000008000638                __sfmoreglue
                0x0000000008000668                __sfp
                0x0000000008000800                _cleanup
                0x0000000008000814                __sinit
                0x000000000800081c                __sfp_lock_acquire
                0x0000000008000820                __sfp_lock_release
                0x0000000008000824                __sinit_lock_acquire
                0x0000000008000828                __sinit_lock_release
                0x000000000800082c                __fp_lock_all
                0x0000000008000840                __fp_unlock_all
 .text          0x0000000008000854       0xa0 /usr/lib/gcc/arm-none-eabi/6.3.1/../../../arm-none-eabi/lib/thumb/v7e-m/fpv5/hard/libc_nano.a(lib_a-fwalk.o)
                0x0000000008000854                _fwalk
                0x00000000080008a0                _fwalk_reent
 .text          0x00000000080008f4       0xbc /usr/lib/gcc/arm-none-eabi/6.3.1/../../../arm-none-eabi/lib/thumb/v7e-m/fpv5/hard/libc_nano.a(lib_a-nano-mallocr.o)
                0x00000000080008f4                _malloc_r
 .text          0x00000000080009b0      0x2f8 /usr/lib/gcc/arm-none-eabi/6.3.1/../../../arm-none-eabi/lib/thumb/v7e-m/fpv5/hard/libc_nano.a(lib_a-nano-vfprintf.o)
                0x00000000080009e4                __sfputs_r
                0x0000000008000a10                __sprint_r
                0x0000000008000a2c                _vfiprintf_r
                0x0000000008000a2c                _vfprintf_r
                0x0000000008000c90                vfiprintf
                0x0000000008000c90                vfprintf
 .text          0x0000000008000ca8      0x3d4 /usr/lib/gcc/arm-none-eabi/6.3.1/../../../arm-none-eabi/lib/thumb/v7e-m/fpv5/hard/libc_nano.a(lib_a-nano-vfprintf_i.o)
                0x0000000008000ca8                _printf_common
                0x0000000008000ddc                _printf_i
 .text          0x000000000800107c       0x24 /usr/lib/gcc/arm-none-eabi/6.3.1/../../../arm-none-eabi/lib/thumb/v7e-m/fpv5/hard/libc_nano.a(lib_a-sbrkr.o)
                0x000000000800107c                _sbrk_r
 .text          0x00000000080010a0       0x8c /usr/lib/gcc/arm-none-eabi/6.3.1/../../../arm-none-eabi/lib/thumb/v7e-m/fpv5/hard/libc_nano.a(lib_a-stdio.o)
                0x00000000080010a0                __sread
                0x00000000080010c4                __seofread
                0x00000000080010c8                __swrite
                0x0000000008001104                __sseek
                0x0000000008001124                __sclose
 .text          0x000000000800112c       0xc4 /usr/lib/gcc/arm-none-eabi/6.3.1/../../../arm-none-eabi/lib/thumb/v7e-m/fpv5/hard/libc_nano.a(lib_a-wbuf.o)
                0x000000000800112c                __swbuf_r
                0x00000000080011e0                __swbuf
 .text          0x00000000080011f0       0x2c /usr/lib/gcc/arm-none-eabi/6.3.1/../../../arm-none-eabi/lib/thumb/v7e-m/fpv5/hard/libc_nano.a(lib_a-writer.o)
                0x00000000080011f0                _write_r
 .text          0x000000000800121c       0xf4 /usr/lib/gcc/arm-none-eabi/6.3.1/../../../arm-none-eabi/lib/thumb/v7e-m/fpv5/hard/libc_nano.a(lib_a-wsetup.o)
                0x000000000800121c                __swsetup_r
 .text          0x0000000008001310       0x24 /usr/lib/gcc/arm-none-eabi/6.3.1/../../../arm-none-eabi/lib/thumb/v7e-m/fpv5/hard/libc_nano.a(lib_a-closer.o)
                0x0000000008001310                _close_r
 .text          0x0000000008001334      0x1b0 /usr/lib/gcc/arm-none-eabi/6.3.1/../../../arm-none-eabi/lib/thumb/v7e-m/fpv5/hard/libc_nano.a(lib_a-fflush.o)
                0x0000000008001334                __sflush_r
                0x000000000800145c                _fflush_r
                0x00000000080014c0                fflush
 .text          0x00000000080014e4      0x2f0 /usr/lib/gcc/arm-none-eabi/6.3.1/../../../arm-none-eabi/lib/thumb/v7e-m/fpv5/hard/libc_nano.a(lib_a-fvwrite.o)
                0x00000000080014e4                __sfvwrite_r
 .text          0x00000000080017d4       0x2c /usr/lib/gcc/arm-none-eabi/6.3.1/../../../arm-none-eabi/lib/thumb/v7e-m/fpv5/hard/libc_nano.a(lib_a-lseekr.o)
                0x00000000080017d4                _lseek_r
 .text          0x0000000008001800       0xe4 /usr/lib/gcc/arm-none-eabi/6.3.1/../../../arm-none-eabi/lib/thumb/v7e-m/fpv5/hard/libc_nano.a(lib_a-makebuf.o)
                0x0000000008001800                __swhatbuf_r
                0x000000000800185c                __smakebuf_r
 *fill*         0x00000000080018e4        0xc 
 .text          0x00000000080018f0       0xa0 /usr/lib/gcc/arm-none-eabi/6.3.1/../../../arm-none-eabi/lib/thumb/v7e-m/fpv5/hard/libc_nano.a(lib_a-memchr.o)
                0x00000000080018f0                memchr
 .text          0x0000000008001990       0xc8 /usr/lib/gcc/arm-none-eabi/6.3.1/../../../arm-none-eabi/lib/thumb/v7e-m/fpv5/hard/libc_nano.a(lib_a-memmove.o)
                0x0000000008001990                memmove
 .text          0x0000000008001a58       0x90 /usr/lib/gcc/arm-none-eabi/6.3.1/../../../arm-none-eabi/lib/thumb/v7e-m/fpv5/hard/libc_nano.a(lib_a-nano-freer.o)
                0x0000000008001a58                _free_r
 .text          0x0000000008001ae8       0x50 /usr/lib/gcc/arm-none-eabi/6.3.1/../../../arm-none-eabi/lib/thumb/v7e-m/fpv5/hard/libc_nano.a(lib_a-nano-reallocr.o)
                0x0000000008001ae8                _realloc_r
 .text          0x0000000008001b38       0x2c /usr/lib/gcc/arm-none-eabi/6.3.1/../../../arm-none-eabi/lib/thumb/v7e-m/fpv5/hard/libc_nano.a(lib_a-readr.o)
                0x0000000008001b38                _read_r
 .text          0x0000000008001b64       0x28 /usr/lib/gcc/arm-none-eabi/6.3.1/../../../arm-none-eabi/lib/thumb/v7e-m/fpv5/hard/libc_nano.a(lib_a-fstatr.o)
                0x0000000008001b64                _fstat_r
 .text          0x0000000008001b8c       0x24 /usr/lib/gcc/arm-none-eabi/6.3.1/../../../arm-none-eabi/lib/thumb/v7e-m/fpv5/hard/libc_nano.a(lib_a-isattyr.o)
                0x0000000008001b8c                _isatty_r
 .text          0x0000000008001bb0       0x14 /usr/lib/gcc/arm-none-eabi/6.3.1/../../../arm-none-eabi/lib/thumb/v7e-m/fpv5/hard/libc_nano.a(lib_a-nano-msizer.o)
                0x0000000008001bb0                _malloc_usable_size_r
 .text          0x0000000008001bc4       0x10 /usr/lib/gcc/arm-none-eabi/6.3.1/../../../arm-none-eabi/lib/thumb/v7e-m/fpv5/hard/libnosys.a(close.o)
                0x0000000008001bc4                _close
 .text          0x0000000008001bd4       0x10 /usr/lib/gcc/arm-none-eabi/6.3.1/../../../arm-none-eabi/lib/thumb/v7e-m/fpv5/hard/libnosys.a(fstat.o)
                0x0000000008001bd4                _fstat
 .text          0x0000000008001be4       0x10 /usr/lib/gcc/arm-none-eabi/6.3.1/../../../arm-none-eabi/lib/thumb/v7e-m/fpv5/hard/libnosys.a(isatty.o)
                0x0000000008001be4                _isatty
 .text          0x0000000008001bf4       0x10 /usr/lib/gcc/arm-none-eabi/6.3.1/../../../arm-none-eabi/lib/thumb/v7e-m/fpv5/hard/libnosys.a(lseek.o)
                0x0000000008001bf4                _lseek
 .text          0x0000000008001c04       0x10 /usr/lib/gcc/arm-none-eabi/6.3.1/../../../arm-none-eabi/lib/thumb/v7e-m/fpv5/hard/libnosys.a(read.o)
                0x0000000008001c04                _read
 .text          0x0000000008001c14       0x1c /usr/lib/gcc/arm-none-eabi/6.3.1/../../../arm-none-eabi/lib/thumb/v7e-m/fpv5/hard/libnosys.a(sbrk.o)
                0x0000000008001c14                _sbrk
 .text          0x0000000008001c30       0x10 /usr/lib/gcc/arm-none-eabi/6.3.1/../../../arm-none-eabi/lib/thumb/v7e-m/fpv5/hard/libnosys.a(write.o)
                0x0000000008001c30                _write
 *(.text*)
 .text.MX_GPIO_Init
                0x0000000008001c40      0x15c build/main.o
 .text.MX_TIM2_Init
                0x0000000008001d9c       0x6c build/main.o
 .text.MX_USB_OTG_FS_PCD_Init
                0x0000000008001e08       0x30 build/main.o
 .text.SystemClock_Config
                0x0000000008001e38       0xd4 build/main.o
                0x0000000008001e38                SystemClock_Config
 .text.main     0x0000000008001f0c       0x94 build/main.o
                0x0000000008001f0c                main
 .text.HAL_TIM_PeriodElapsedCallback
                0x0000000008001fa0       0x18 build/main.o
                0x0000000008001fa0                HAL_TIM_PeriodElapsedCallback
 .text.Error_Handler
                0x0000000008001fb8        0x2 build/main.o
                0x0000000008001fb8                Error_Handler
 *fill*         0x0000000008001fba        0x2 
 .text.MX_LWIP_Init
                0x0000000008001fbc      0x110 build/lwip.o
                0x0000000008001fbc                MX_LWIP_Init
 .text.ETH_PHY_IO_DeInit
                0x00000000080020cc        0x4 build/ethernetif.o
                0x00000000080020cc                ETH_PHY_IO_DeInit
 .text.low_level_output
                0x00000000080020d0       0x94 build/ethernetif.o
 .text.ETH_PHY_IO_GetTick
                0x0000000008002164        0x8 build/ethernetif.o
                0x0000000008002164                ETH_PHY_IO_GetTick
 .text.ETH_PHY_IO_Init
                0x000000000800216c       0x10 build/ethernetif.o
                0x000000000800216c                ETH_PHY_IO_Init
 .text.ETH_PHY_IO_ReadReg
                0x000000000800217c       0x20 build/ethernetif.o
                0x000000000800217c                ETH_PHY_IO_ReadReg
 .text.ETH_PHY_IO_WriteReg
                0x000000000800219c       0x20 build/ethernetif.o
                0x000000000800219c                ETH_PHY_IO_WriteReg
 .text.HAL_ETH_MspInit
                0x00000000080021bc      0x168 build/ethernetif.o
                0x00000000080021bc                HAL_ETH_MspInit
 .text.sys_now  0x0000000008002324        0x8 build/ethernetif.o
                0x0000000008002324                sys_now
 .text.ethernet_link_check_state
                0x000000000800232c       0xa8 build/ethernetif.o
                0x000000000800232c                ethernet_link_check_state
 .text.low_level_init
                0x00000000080023d4      0x10c build/ethernetif.o
 .text.ethernetif_init
                0x00000000080024e0       0x48 build/ethernetif.o
                0x00000000080024e0                ethernetif_init
 .text.NMI_Handler
                0x0000000008002528        0x2 build/stm32h7xx_it.o
                0x0000000008002528                NMI_Handler
 .text.HardFault_Handler
                0x000000000800252a        0x2 build/stm32h7xx_it.o
                0x000000000800252a                HardFault_Handler
 .text.MemManage_Handler
                0x000000000800252c        0x2 build/stm32h7xx_it.o
                0x000000000800252c                MemManage_Handler
 .text.BusFault_Handler
                0x000000000800252e        0x2 build/stm32h7xx_it.o
                0x000000000800252e                BusFault_Handler
 .text.UsageFault_Handler
                0x0000000008002530        0x2 build/stm32h7xx_it.o
                0x0000000008002530                UsageFault_Handler
 .text.SVC_Handler
                0x0000000008002532        0x2 build/stm32h7xx_it.o
                0x0000000008002532                SVC_Handler
 .text.DebugMon_Handler
                0x0000000008002534        0x2 build/stm32h7xx_it.o
                0x0000000008002534                DebugMon_Handler
 .text.PendSV_Handler
                0x0000000008002536        0x2 build/stm32h7xx_it.o
                0x0000000008002536                PendSV_Handler
 .text.SysTick_Handler
                0x0000000008002538        0x2 build/stm32h7xx_it.o
                0x0000000008002538                SysTick_Handler
 *fill*         0x000000000800253a        0x2 
 .text.TIM1_UP_IRQHandler
                0x000000000800253c       0x10 build/stm32h7xx_it.o
                0x000000000800253c                TIM1_UP_IRQHandler
 .text.HAL_MspInit
                0x000000000800254c       0x24 build/stm32h7xx_hal_msp.o
                0x000000000800254c                HAL_MspInit
 .text.HAL_TIM_Base_MspInit
                0x0000000008002570       0x30 build/stm32h7xx_hal_msp.o
                0x0000000008002570                HAL_TIM_Base_MspInit
 .text.HAL_PCD_MspInit
                0x00000000080025a0       0x74 build/stm32h7xx_hal_msp.o
                0x00000000080025a0                HAL_PCD_MspInit
 .text.HAL_InitTick
                0x0000000008002614       0x80 build/stm32h7xx_hal_timebase_tim.o
                0x0000000008002614                HAL_InitTick
 .text.LAN8742_RegisterBusIO
                0x0000000008002694       0x3e build/lan8742.o
                0x0000000008002694                LAN8742_RegisterBusIO
 .text.LAN8742_Init
                0x00000000080026d2       0xce build/lan8742.o
                0x00000000080026d2                LAN8742_Init
 .text.LAN8742_GetLinkState
                0x00000000080027a0       0xc4 build/lan8742.o
                0x00000000080027a0                LAN8742_GetLinkState
 .text.ETH_SetMACConfig
                0x0000000008002864      0x1b0 build/stm32h7xx_hal_eth.o
 .text.ETH_SetDMAConfig
                0x0000000008002a14       0x98 build/stm32h7xx_hal_eth.o
 .text.ETH_MACDMAConfig
                0x0000000008002aac       0xdc build/stm32h7xx_hal_eth.o
 .text.ETH_DMATxDescListInit
                0x0000000008002b88       0x4c build/stm32h7xx_hal_eth.o
 .text.ETH_DMARxDescListInit
                0x0000000008002bd4       0x60 build/stm32h7xx_hal_eth.o
 .text.ETH_Prepare_Tx_Descriptors
                0x0000000008002c34      0x314 build/stm32h7xx_hal_eth.o
 .text.ETH_MAC_MDIO_ClkConfig
                0x0000000008002f48       0x78 build/stm32h7xx_hal_eth.o
 .text.HAL_ETH_Init
                0x0000000008002fc0      0x130 build/stm32h7xx_hal_eth.o
                0x0000000008002fc0                HAL_ETH_Init
 .text.HAL_ETH_DescAssignMemory
                0x00000000080030f0       0x4e build/stm32h7xx_hal_eth.o
                0x00000000080030f0                HAL_ETH_DescAssignMemory
 .text.HAL_ETH_Start
                0x000000000800313e       0x66 build/stm32h7xx_hal_eth.o
                0x000000000800313e                HAL_ETH_Start
 .text.HAL_ETH_Stop
                0x00000000080031a4       0x54 build/stm32h7xx_hal_eth.o
                0x00000000080031a4                HAL_ETH_Stop
 .text.HAL_ETH_Transmit
                0x00000000080031f8       0xb4 build/stm32h7xx_hal_eth.o
                0x00000000080031f8                HAL_ETH_Transmit
 .text.HAL_ETH_ReadPHYRegister
                0x00000000080032ac       0x60 build/stm32h7xx_hal_eth.o
                0x00000000080032ac                HAL_ETH_ReadPHYRegister
 .text.HAL_ETH_WritePHYRegister
                0x000000000800330c       0x68 build/stm32h7xx_hal_eth.o
                0x000000000800330c                HAL_ETH_WritePHYRegister
 .text.HAL_ETH_GetMACConfig
                0x0000000008003374      0x1e6 build/stm32h7xx_hal_eth.o
                0x0000000008003374                HAL_ETH_GetMACConfig
 .text.HAL_ETH_SetMACConfig
                0x000000000800355a       0x1a build/stm32h7xx_hal_eth.o
                0x000000000800355a                HAL_ETH_SetMACConfig
 .text.HAL_ETH_SetMDIOClockRange
                0x0000000008003574       0x78 build/stm32h7xx_hal_eth.o
                0x0000000008003574                HAL_ETH_SetMDIOClockRange
 .text.HAL_RCC_OscConfig
                0x00000000080035ec      0x5b0 build/stm32h7xx_hal_rcc.o
                0x00000000080035ec                HAL_RCC_OscConfig
 .text.HAL_RCC_GetSysClockFreq
                0x0000000008003b9c      0x1f0 build/stm32h7xx_hal_rcc.o
                0x0000000008003b9c                HAL_RCC_GetSysClockFreq
 .text.HAL_RCC_ClockConfig
                0x0000000008003d8c      0x278 build/stm32h7xx_hal_rcc.o
                0x0000000008003d8c                HAL_RCC_ClockConfig
 .text.HAL_RCC_GetHCLKFreq
                0x0000000008004004       0x2c build/stm32h7xx_hal_rcc.o
                0x0000000008004004                HAL_RCC_GetHCLKFreq
 .text.HAL_RCC_GetPCLK2Freq
                0x0000000008004030       0x24 build/stm32h7xx_hal_rcc.o
                0x0000000008004030                HAL_RCC_GetPCLK2Freq
 .text.HAL_RCC_GetClockConfig
                0x0000000008004054       0x54 build/stm32h7xx_hal_rcc.o
                0x0000000008004054                HAL_RCC_GetClockConfig
 .text.RCCEx_PLL2_Config
                0x00000000080040a8      0x10c build/stm32h7xx_hal_rcc_ex.o
 .text.RCCEx_PLL3_Config
                0x00000000080041b4      0x10c build/stm32h7xx_hal_rcc_ex.o
 .text.HAL_RCCEx_PeriphCLKConfig
                0x00000000080042c0      0x904 build/stm32h7xx_hal_rcc_ex.o
                0x00000000080042c0                HAL_RCCEx_PeriphCLKConfig
 .text.HAL_RCCEx_GetD1SysClockFreq
                0x0000000008004bc4       0x2c build/stm32h7xx_hal_rcc_ex.o
                0x0000000008004bc4                HAL_RCCEx_GetD1SysClockFreq
 .text.HAL_GPIO_Init
                0x0000000008004bf0      0x1e8 build/stm32h7xx_hal_gpio.o
                0x0000000008004bf0                HAL_GPIO_Init
 .text.HAL_GPIO_WritePin
                0x0000000008004dd8        0xc build/stm32h7xx_hal_gpio.o
                0x0000000008004dd8                HAL_GPIO_WritePin
 .text.HAL_PWREx_ConfigSupply
                0x0000000008004de4       0x50 build/stm32h7xx_hal_pwr_ex.o
                0x0000000008004de4                HAL_PWREx_ConfigSupply
 .text.HAL_PWREx_EnableUSBVoltageDetector
                0x0000000008004e34       0x10 build/stm32h7xx_hal_pwr_ex.o
                0x0000000008004e34                HAL_PWREx_EnableUSBVoltageDetector
 .text.HAL_NVIC_SetPriorityGrouping
                0x0000000008004e44       0x24 build/stm32h7xx_hal_cortex.o
                0x0000000008004e44                HAL_NVIC_SetPriorityGrouping
 .text.HAL_NVIC_SetPriority
                0x0000000008004e68       0x60 build/stm32h7xx_hal_cortex.o
                0x0000000008004e68                HAL_NVIC_SetPriority
 .text.HAL_NVIC_EnableIRQ
                0x0000000008004ec8       0x1c build/stm32h7xx_hal_cortex.o
                0x0000000008004ec8                HAL_NVIC_EnableIRQ
 .text.HAL_Init
                0x0000000008004ee4       0x5c build/stm32h7xx_hal.o
                0x0000000008004ee4                HAL_Init
 .text.HAL_IncTick
                0x0000000008004f40       0x18 build/stm32h7xx_hal.o
                0x0000000008004f40                HAL_IncTick
 .text.HAL_GetTick
                0x0000000008004f58        0xc build/stm32h7xx_hal.o
                0x0000000008004f58                HAL_GetTick
 .text.HAL_Delay
                0x0000000008004f64       0x28 build/stm32h7xx_hal.o
                0x0000000008004f64                HAL_Delay
 .text.HAL_GetREVID
                0x0000000008004f8c        0xc build/stm32h7xx_hal.o
                0x0000000008004f8c                HAL_GetREVID
 .text.HAL_SYSCFG_ETHInterfaceSelect
                0x0000000008004f98       0x14 build/stm32h7xx_hal.o
                0x0000000008004f98                HAL_SYSCFG_ETHInterfaceSelect
 .text.TIM_TI1_ConfigInputStage
                0x0000000008004fac       0x26 build/stm32h7xx_hal_tim.o
 .text.TIM_TI2_ConfigInputStage
                0x0000000008004fd2       0x28 build/stm32h7xx_hal_tim.o
 *fill*         0x0000000008004ffa        0x2 
 .text.TIM_ITRx_SetConfig
                0x0000000008004ffc       0x14 build/stm32h7xx_hal_tim.o
 .text.HAL_TIM_Base_Start_IT
                0x0000000008005010       0x2c build/stm32h7xx_hal_tim.o
                0x0000000008005010                HAL_TIM_Base_Start_IT
 .text.HAL_TIM_OC_DelayElapsedCallback
                0x000000000800503c        0x2 build/stm32h7xx_hal_tim.o
                0x000000000800503c                HAL_TIM_OC_DelayElapsedCallback
 .text.HAL_TIM_IC_CaptureCallback
                0x000000000800503e        0x2 build/stm32h7xx_hal_tim.o
                0x000000000800503e                HAL_TIM_IC_CaptureCallback
 .text.HAL_TIM_PWM_PulseFinishedCallback
                0x0000000008005040        0x2 build/stm32h7xx_hal_tim.o
                0x0000000008005040                HAL_TIM_PWM_PulseFinishedCallback
 .text.HAL_TIM_TriggerCallback
                0x0000000008005042        0x2 build/stm32h7xx_hal_tim.o
                0x0000000008005042                HAL_TIM_TriggerCallback
 .text.HAL_TIM_IRQHandler
                0x0000000008005044      0x19a build/stm32h7xx_hal_tim.o
                0x0000000008005044                HAL_TIM_IRQHandler
 *fill*         0x00000000080051de        0x2 
 .text.TIM_Base_SetConfig
                0x00000000080051e0      0x100 build/stm32h7xx_hal_tim.o
                0x00000000080051e0                TIM_Base_SetConfig
 .text.HAL_TIM_Base_Init
                0x00000000080052e0       0x32 build/stm32h7xx_hal_tim.o
                0x00000000080052e0                HAL_TIM_Base_Init
 .text.TIM_ETR_SetConfig
                0x0000000008005312       0x18 build/stm32h7xx_hal_tim.o
                0x0000000008005312                TIM_ETR_SetConfig
 *fill*         0x000000000800532a        0x2 
 .text.HAL_TIM_ConfigClockSource
                0x000000000800532c      0x100 build/stm32h7xx_hal_tim.o
                0x000000000800532c                HAL_TIM_ConfigClockSource
 .text.TIM_SlaveTimer_SetConfig
                0x000000000800542c       0x94 build/stm32h7xx_hal_tim.o
 .text.HAL_TIM_SlaveConfigSynchro
                0x00000000080054c0       0x58 build/stm32h7xx_hal_tim.o
                0x00000000080054c0                HAL_TIM_SlaveConfigSynchro
 .text.HAL_TIMEx_MasterConfigSynchronization
                0x0000000008005518       0x64 build/stm32h7xx_hal_tim_ex.o
                0x0000000008005518                HAL_TIMEx_MasterConfigSynchronization
 .text.HAL_TIMEx_CommutCallback
                0x000000000800557c        0x2 build/stm32h7xx_hal_tim_ex.o
                0x000000000800557c                HAL_TIMEx_CommutCallback
 .text.HAL_TIMEx_BreakCallback
                0x000000000800557e        0x2 build/stm32h7xx_hal_tim_ex.o
                0x000000000800557e                HAL_TIMEx_BreakCallback
 .text.HAL_TIMEx_Break2Callback
                0x0000000008005580        0x2 build/stm32h7xx_hal_tim_ex.o
                0x0000000008005580                HAL_TIMEx_Break2Callback
 .text.HAL_PCD_Init
                0x0000000008005582      0x130 build/stm32h7xx_hal_pcd.o
                0x0000000008005582                HAL_PCD_Init
 *fill*         0x00000000080056b2        0x2 
 .text.HAL_PCDEx_ActivateLPM
                0x00000000080056b4       0x28 build/stm32h7xx_hal_pcd_ex.o
                0x00000000080056b4                HAL_PCDEx_ActivateLPM
 .text.USB_CoreReset
                0x00000000080056dc       0x3c build/stm32h7xx_ll_usb.o
 .text.USB_CoreInit
                0x0000000008005718       0x8c build/stm32h7xx_ll_usb.o
                0x0000000008005718                USB_CoreInit
 .text.USB_DisableGlobalInt
                0x00000000080057a4        0xc build/stm32h7xx_ll_usb.o
                0x00000000080057a4                USB_DisableGlobalInt
 .text.USB_SetCurrentMode
                0x00000000080057b0       0x30 build/stm32h7xx_ll_usb.o
                0x00000000080057b0                USB_SetCurrentMode
 .text.USB_FlushTxFifo
                0x00000000080057e0       0x28 build/stm32h7xx_ll_usb.o
                0x00000000080057e0                USB_FlushTxFifo
 .text.USB_FlushRxFifo
                0x0000000008005808       0x24 build/stm32h7xx_ll_usb.o
                0x0000000008005808                USB_FlushRxFifo
 .text.USB_SetDevSpeed
                0x000000000800582c        0xe build/stm32h7xx_ll_usb.o
                0x000000000800582c                USB_SetDevSpeed
 *fill*         0x000000000800583a        0x2 
 .text.USB_DevInit
                0x000000000800583c      0x198 build/stm32h7xx_ll_usb.o
                0x000000000800583c                USB_DevInit
 .text.USB_DevDisconnect
                0x00000000080059d4       0x18 build/stm32h7xx_ll_usb.o
                0x00000000080059d4                USB_DevDisconnect
 .text.SystemInit
                0x00000000080059ec       0x7c build/system_stm32h7xx.o
                0x00000000080059ec                SystemInit
 .text.ethernet_input
                0x0000000008005a68       0xa8 build/ethernet.o
                0x0000000008005a68                ethernet_input
 .text.ethernet_output
                0x0000000008005b10       0x70 build/ethernet.o
                0x0000000008005b10                ethernet_output
 .text.lwip_htons
                0x0000000008005b80        0x6 build/def.o
                0x0000000008005b80                lwip_htons
 .text.lwip_htonl
                0x0000000008005b86       0x18 build/def.o
                0x0000000008005b86                lwip_htonl
 .text.lwip_init
                0x0000000008005b9e       0x1c build/init.o
                0x0000000008005b9e                lwip_init
 *fill*         0x0000000008005bba        0x2 
 .text.plug_holes
                0x0000000008005bbc       0xe0 build/mem.o
 .text.mem_init
                0x0000000008005c9c       0x3c build/mem.o
                0x0000000008005c9c                mem_init
 .text.mem_free
                0x0000000008005cd8       0xa4 build/mem.o
                0x0000000008005cd8                mem_free
 .text.mem_trim
                0x0000000008005d7c      0x11c build/mem.o
                0x0000000008005d7c                mem_trim
 .text.mem_malloc
                0x0000000008005e98      0x13c build/mem.o
                0x0000000008005e98                mem_malloc
 .text.do_memp_malloc_pool
                0x0000000008005fd4       0x38 build/memp.o
 .text.do_memp_free_pool
                0x000000000800600c       0x34 build/memp.o
 .text.memp_init_pool
                0x0000000008006040       0x28 build/memp.o
                0x0000000008006040                memp_init_pool
 .text.memp_init
                0x0000000008006068       0x20 build/memp.o
                0x0000000008006068                memp_init
 .text.memp_malloc
                0x0000000008006088       0x34 build/memp.o
                0x0000000008006088                memp_malloc
 .text.memp_free
                0x00000000080060bc       0x34 build/memp.o
                0x00000000080060bc                memp_free
 .text.netif_issue_reports
                0x00000000080060f0       0x22 build/netif.o
 .text.netif_init
                0x0000000008006112        0x2 build/netif.o
                0x0000000008006112                netif_init
 .text.netif_set_ipaddr
                0x0000000008006114       0x4c build/netif.o
                0x0000000008006114                netif_set_ipaddr
 .text.netif_set_gw
                0x0000000008006160        0xc build/netif.o
                0x0000000008006160                netif_set_gw
 .text.netif_set_netmask
                0x000000000800616c        0xc build/netif.o
                0x000000000800616c                netif_set_netmask
 .text.netif_set_addr
                0x0000000008006178       0x42 build/netif.o
                0x0000000008006178                netif_set_addr
 *fill*         0x00000000080061ba        0x2 
 .text.netif_add
                0x00000000080061bc       0x80 build/netif.o
                0x00000000080061bc                netif_add
 .text.netif_set_default
                0x000000000800623c        0xc build/netif.o
                0x000000000800623c                netif_set_default
 .text.netif_set_up
                0x0000000008006248       0x24 build/netif.o
                0x0000000008006248                netif_set_up
 .text.netif_set_down
                0x000000000800626c       0x22 build/netif.o
                0x000000000800626c                netif_set_down
 .text.netif_set_link_up
                0x000000000800628e       0x24 build/netif.o
                0x000000000800628e                netif_set_link_up
 .text.netif_set_link_down
                0x00000000080062b2       0x14 build/netif.o
                0x00000000080062b2                netif_set_link_down
 *fill*         0x00000000080062c6        0x2 
 .text.pbuf_pool_is_empty
                0x00000000080062c8        0xc build/pbuf.o
 .text.pbuf_header_impl
                0x00000000080062d4       0xcc build/pbuf.o
 .text.pbuf_alloced_custom
                0x00000000080063a0       0x78 build/pbuf.o
                0x00000000080063a0                pbuf_alloced_custom
 .text.pbuf_header
                0x0000000008006418        0xa build/pbuf.o
                0x0000000008006418                pbuf_header
 .text.pbuf_header_force
                0x0000000008006422        0xa build/pbuf.o
                0x0000000008006422                pbuf_header_force
 .text.pbuf_free
                0x000000000800642c       0xcc build/pbuf.o
                0x000000000800642c                pbuf_free
 .text.pbuf_alloc
                0x00000000080064f8      0x1d0 build/pbuf.o
                0x00000000080064f8                pbuf_alloc
 .text.pbuf_realloc
                0x00000000080066c8       0xe4 build/pbuf.o
                0x00000000080066c8                pbuf_realloc
 .text.pbuf_clen
                0x00000000080067ac       0x12 build/pbuf.o
                0x00000000080067ac                pbuf_clen
 *fill*         0x00000000080067be        0x2 
 .text.pbuf_ref
                0x00000000080067c0       0x30 build/pbuf.o
                0x00000000080067c0                pbuf_ref
 .text.pbuf_cat
                0x00000000080067f0       0x78 build/pbuf.o
                0x00000000080067f0                pbuf_cat
 .text.pbuf_copy
                0x0000000008006868      0x140 build/pbuf.o
                0x0000000008006868                pbuf_copy
 .text.pbuf_copy_partial
                0x00000000080069a8       0x8c build/pbuf.o
                0x00000000080069a8                pbuf_copy_partial
 .text.tcp_remove_listener
                0x0000000008006a34       0x14 build/tcp.o
 .text.tcp_listen_closed
                0x0000000008006a48       0x54 build/tcp.o
 .text.tcp_close_shutdown_fin
                0x0000000008006a9c       0x88 build/tcp.o
 .text.tcp_init
                0x0000000008006b24        0x2 build/tcp.o
                0x0000000008006b24                tcp_init
 *fill*         0x0000000008006b26        0x2 
 .text.tcp_update_rcv_ann_wnd
                0x0000000008006b28       0x60 build/tcp.o
                0x0000000008006b28                tcp_update_rcv_ann_wnd
 .text.tcp_recved
                0x0000000008006b88       0x84 build/tcp.o
                0x0000000008006b88                tcp_recved
 .text.tcp_seg_free
                0x0000000008006c0c       0x1a build/tcp.o
                0x0000000008006c0c                tcp_seg_free
 .text.tcp_segs_free
                0x0000000008006c26       0x14 build/tcp.o
                0x0000000008006c26                tcp_segs_free
 .text.tcp_seg_copy
                0x0000000008006c3a       0x28 build/tcp.o
                0x0000000008006c3a                tcp_seg_copy
 .text.tcp_pcb_purge
                0x0000000008006c62       0x44 build/tcp.o
                0x0000000008006c62                tcp_pcb_purge
 *fill*         0x0000000008006ca6        0x2 
 .text.tcp_slowtmr
                0x0000000008006ca8      0x408 build/tcp.o
                0x0000000008006ca8                tcp_slowtmr
 .text.tcp_pcb_remove
                0x00000000080070b0       0xa4 build/tcp.o
                0x00000000080070b0                tcp_pcb_remove
 .text.tcp_close_shutdown
                0x0000000008007154      0x154 build/tcp.o
 .text.tcp_close
                0x00000000080072a8       0x18 build/tcp.o
                0x00000000080072a8                tcp_close
 .text.tcp_recv_null
                0x00000000080072c0       0x24 build/tcp.o
                0x00000000080072c0                tcp_recv_null
 .text.tcp_process_refused_data
                0x00000000080072e4       0x6e build/tcp.o
                0x00000000080072e4                tcp_process_refused_data
 *fill*         0x0000000008007352        0x2 
 .text.tcp_fasttmr
                0x0000000008007354       0x80 build/tcp.o
                0x0000000008007354                tcp_fasttmr
 .text.tcp_tmr  0x00000000080073d4       0x24 build/tcp.o
                0x00000000080073d4                tcp_tmr
 .text.tcp_abandon
                0x00000000080073f8       0xf8 build/tcp.o
                0x00000000080073f8                tcp_abandon
 .text.tcp_abort
                0x00000000080074f0        0xa build/tcp.o
                0x00000000080074f0                tcp_abort
 *fill*         0x00000000080074fa        0x2 
 .text.tcp_kill_timewait
                0x00000000080074fc       0x34 build/tcp.o
 .text.tcp_kill_prio
                0x0000000008007530       0x44 build/tcp.o
 .text.tcp_netif_ip_addr_changed_pcblist
                0x0000000008007574       0x20 build/tcp.o
 .text.tcp_kill_state
                0x0000000008007594       0x60 build/tcp.o
 .text.tcp_alloc
                0x00000000080075f4       0xc0 build/tcp.o
                0x00000000080075f4                tcp_alloc
 .text.tcp_next_iss
                0x00000000080076b4       0x18 build/tcp.o
                0x00000000080076b4                tcp_next_iss
 .text.tcp_eff_send_mss_impl
                0x00000000080076cc       0x24 build/tcp.o
                0x00000000080076cc                tcp_eff_send_mss_impl
 .text.tcp_netif_ip_addr_changed
                0x00000000080076f0       0x54 build/tcp.o
                0x00000000080076f0                tcp_netif_ip_addr_changed
 .text.tcp_getoptbyte
                0x0000000008007744       0x4c build/tcp_in.o
 .text.tcp_parseopt
                0x0000000008007790       0x88 build/tcp_in.o
 .text.tcp_input_delayed_close
                0x0000000008007818       0x44 build/tcp_in.o
 .text.tcp_timewait_input
                0x000000000800785c       0x90 build/tcp_in.o
 .text.tcp_listen_input
                0x00000000080078ec      0x118 build/tcp_in.o
 .text.tcp_oos_insert_segment
                0x0000000008007a04       0x84 build/tcp_in.o
 .text.tcp_receive
                0x0000000008007a88      0xa48 build/tcp_in.o
 .text.tcp_process
                0x00000000080084d0      0x538 build/tcp_in.o
 .text.tcp_input
                0x0000000008008a08      0x534 build/tcp_in.o
                0x0000000008008a08                tcp_input
 .text.tcp_trigger_input_pcb_close
                0x0000000008008f3c       0x10 build/tcp_in.o
                0x0000000008008f3c                tcp_trigger_input_pcb_close
 .text.tcp_create_segment
                0x0000000008008f4c       0xc0 build/tcp_out.o
 .text.tcp_output_alloc_header
                0x000000000800900c       0x94 build/tcp_out.o
 .text.tcp_output_segment
                0x00000000080090a0       0xbc build/tcp_out.o
 .text.tcp_enqueue_flags
                0x000000000800915c      0x168 build/tcp_out.o
                0x000000000800915c                tcp_enqueue_flags
 .text.tcp_send_fin
                0x00000000080092c4       0x44 build/tcp_out.o
                0x00000000080092c4                tcp_send_fin
 .text.tcp_send_empty_ack
                0x0000000008009308       0x72 build/tcp_out.o
                0x0000000008009308                tcp_send_empty_ack
 *fill*         0x000000000800937a        0x2 
 .text.tcp_output
                0x000000000800937c      0x2b8 build/tcp_out.o
                0x000000000800937c                tcp_output
 .text.tcp_rst  0x0000000008009634       0xac build/tcp_out.o
                0x0000000008009634                tcp_rst
 .text.tcp_rexmit_rto
                0x00000000080096e0       0x36 build/tcp_out.o
                0x00000000080096e0                tcp_rexmit_rto
 .text.tcp_rexmit
                0x0000000008009716       0x54 build/tcp_out.o
                0x0000000008009716                tcp_rexmit
 .text.tcp_rexmit_fast
                0x000000000800976a       0x5c build/tcp_out.o
                0x000000000800976a                tcp_rexmit_fast
 .text.tcp_keepalive
                0x00000000080097c6       0x58 build/tcp_out.o
                0x00000000080097c6                tcp_keepalive
 .text.tcp_zero_window_probe
                0x000000000800981e       0xd4 build/tcp_out.o
                0x000000000800981e                tcp_zero_window_probe
 *fill*         0x00000000080098f2        0x2 
 .text.sys_timeout
                0x00000000080098f4       0xbc build/timeouts.o
                0x00000000080098f4                sys_timeout
 .text.tcp_timer_needed
                0x00000000080099b0       0x3c build/timeouts.o
                0x00000000080099b0                tcp_timer_needed
 .text.tcpip_tcp_timer
                0x00000000080099ec       0x38 build/timeouts.o
 .text.sys_timeouts_init
                0x0000000008009a24       0x34 build/timeouts.o
                0x0000000008009a24                sys_timeouts_init
 .text.cyclic_timer
                0x0000000008009a58       0x18 build/timeouts.o
 .text.udp_input_local_match
                0x0000000008009a70       0x50 build/udp.o
 .text.udp_init
                0x0000000008009ac0        0x2 build/udp.o
                0x0000000008009ac0                udp_init
 *fill*         0x0000000008009ac2        0x2 
 .text.udp_input
                0x0000000008009ac4      0x144 build/udp.o
                0x0000000008009ac4                udp_input
 .text.udp_netif_ip_addr_changed
                0x0000000008009c08       0x34 build/udp.o
                0x0000000008009c08                udp_netif_ip_addr_changed
 .text.etharp_free_entry
                0x0000000008009c3c       0x34 build/etharp.o
 .text.etharp_find_entry
                0x0000000008009c70      0x1ac build/etharp.o
 .text.etharp_update_arp_entry
                0x0000000008009e1c       0xc8 build/etharp.o
 .text.etharp_raw
                0x0000000008009ee4       0xe0 build/etharp.o
 .text.etharp_request_dst
                0x0000000008009fc4       0x28 build/etharp.o
 .text.etharp_cleanup_netif
                0x0000000008009fec       0x38 build/etharp.o
                0x0000000008009fec                etharp_cleanup_netif
 .text.etharp_input
                0x000000000800a024       0xb0 build/etharp.o
                0x000000000800a024                etharp_input
 .text.etharp_request
                0x000000000800a0d4       0x10 build/etharp.o
                0x000000000800a0d4                etharp_request
 .text.etharp_tmr
                0x000000000800a0e4       0x90 build/etharp.o
                0x000000000800a0e4                etharp_tmr
 .text.etharp_output_to_arp_index
                0x000000000800a174       0xd4 build/etharp.o
 .text.etharp_query
                0x000000000800a248      0x1b4 build/etharp.o
                0x000000000800a248                etharp_query
 .text.etharp_output
                0x000000000800a3fc      0x158 build/etharp.o
                0x000000000800a3fc                etharp_output
 .text.icmp_send_response
                0x000000000800a554       0xac build/icmp.o
 .text.icmp_input
                0x000000000800a600      0x13c build/icmp.o
                0x000000000800a600                icmp_input
 .text.icmp_dest_unreach
                0x000000000800a73c        0xc build/icmp.o
                0x000000000800a73c                icmp_dest_unreach
 .text.icmp_time_exceeded
                0x000000000800a748        0xc build/icmp.o
                0x000000000800a748                icmp_time_exceeded
 .text.ip4_route
                0x000000000800a754       0xa0 build/ip4.o
                0x000000000800a754                ip4_route
 .text.ip4_input
                0x000000000800a7f4      0x1b8 build/ip4.o
                0x000000000800a7f4                ip4_input
 .text.ip4_output_if_src
                0x000000000800a9ac       0xf4 build/ip4.o
                0x000000000800a9ac                ip4_output_if_src
 .text.ip4_output_if
                0x000000000800aaa0       0x2a build/ip4.o
                0x000000000800aaa0                ip4_output_if
 .text.ip4_addr_isbroadcast_u32
                0x000000000800aaca       0x40 build/ip4_addr.o
                0x000000000800aaca                ip4_addr_isbroadcast_u32
 *fill*         0x000000000800ab0a        0x2 
 .text.ip_reass_dequeue_datagram
                0x000000000800ab0c       0x48 build/ip4_frag.o
 .text.ip_reass_free_complete_datagram
                0x000000000800ab54      0x10c build/ip4_frag.o
 .text.ip_reass_remove_oldest_datagram
                0x000000000800ac60       0x84 build/ip4_frag.o
 .text.ip_frag_free_pbuf_custom_ref
                0x000000000800ace4       0x2c build/ip4_frag.o
 .text.ipfrag_free_pbuf_custom
                0x000000000800ad10       0x34 build/ip4_frag.o
 .text.ip_reass_chain_frag_into_datagram_and_validate
                0x000000000800ad44      0x194 build/ip4_frag.o
 .text.ip_frag_alloc_pbuf_custom_ref
                0x000000000800aed8        0xa build/ip4_frag.o
 *fill*         0x000000000800aee2        0x2 
 .text.ip_reass_enqueue_new_datagram
                0x000000000800aee4       0x60 build/ip4_frag.o
 .text.ip_reass_tmr
                0x000000000800af44       0x2c build/ip4_frag.o
                0x000000000800af44                ip_reass_tmr
 .text.ip4_reass
                0x000000000800af70      0x1a8 build/ip4_frag.o
                0x000000000800af70                ip4_reass
 .text.ip4_frag
                0x000000000800b118      0x1ec build/ip4_frag.o
                0x000000000800b118                ip4_frag
 .text.Reset_Handler
                0x000000000800b304       0x50 build/startup_stm32h743xx.o
                0x000000000800b304                Reset_Handler
 .text.Default_Handler
                0x000000000800b354        0x2 build/startup_stm32h743xx.o
                0x000000000800b354                RTC_Alarm_IRQHandler
                0x000000000800b354                EXTI2_IRQHandler
                0x000000000800b354                TIM8_CC_IRQHandler
                0x000000000800b354                HRTIM1_Master_IRQHandler
                0x000000000800b354                UART8_IRQHandler
                0x000000000800b354                SPI4_IRQHandler
                0x000000000800b354                TIM1_CC_IRQHandler
                0x000000000800b354                BDMA_Channel6_IRQHandler
                0x000000000800b354                DMA2_Stream5_IRQHandler
                0x000000000800b354                HRTIM1_FLT_IRQHandler
                0x000000000800b354                JPEG_IRQHandler
                0x000000000800b354                DMA1_Stream5_IRQHandler
                0x000000000800b354                BDMA_Channel1_IRQHandler
                0x000000000800b354                HRTIM1_TIMD_IRQHandler
                0x000000000800b354                TAMP_STAMP_IRQHandler
                0x000000000800b354                EXTI3_IRQHandler
                0x000000000800b354                LPTIM4_IRQHandler
                0x000000000800b354                TIM8_TRG_COM_TIM14_IRQHandler
                0x000000000800b354                LPTIM2_IRQHandler
                0x000000000800b354                DFSDM1_FLT1_IRQHandler
                0x000000000800b354                DMAMUX2_OVR_IRQHandler
                0x000000000800b354                TIM8_UP_TIM13_IRQHandler
                0x000000000800b354                I2C3_ER_IRQHandler
                0x000000000800b354                DFSDM1_FLT2_IRQHandler
                0x000000000800b354                MDMA_IRQHandler
                0x000000000800b354                LPTIM3_IRQHandler
                0x000000000800b354                HSEM1_IRQHandler
                0x000000000800b354                EXTI0_IRQHandler
                0x000000000800b354                I2C2_EV_IRQHandler
                0x000000000800b354                DMA1_Stream2_IRQHandler
                0x000000000800b354                FPU_IRQHandler
                0x000000000800b354                OTG_HS_WKUP_IRQHandler
                0x000000000800b354                FDCAN1_IT1_IRQHandler
                0x000000000800b354                LTDC_ER_IRQHandler
                0x000000000800b354                DMA2_Stream2_IRQHandler
                0x000000000800b354                HRTIM1_TIME_IRQHandler
                0x000000000800b354                SPI1_IRQHandler
                0x000000000800b354                TIM6_DAC_IRQHandler
                0x000000000800b354                DCMI_IRQHandler
                0x000000000800b354                HRTIM1_TIMC_IRQHandler
                0x000000000800b354                DMA2_Stream3_IRQHandler
                0x000000000800b354                SAI2_IRQHandler
                0x000000000800b354                DFSDM1_FLT3_IRQHandler
                0x000000000800b354                USART6_IRQHandler
                0x000000000800b354                TIM17_IRQHandler
                0x000000000800b354                USART3_IRQHandler
                0x000000000800b354                BDMA_Channel7_IRQHandler
                0x000000000800b354                LPTIM5_IRQHandler
                0x000000000800b354                UART5_IRQHandler
                0x000000000800b354                ADC3_IRQHandler
                0x000000000800b354                DMA2_Stream0_IRQHandler
                0x000000000800b354                TIM4_IRQHandler
                0x000000000800b354                BDMA_Channel2_IRQHandler
                0x000000000800b354                QUADSPI_IRQHandler
                0x000000000800b354                I2C1_EV_IRQHandler
                0x000000000800b354                DMA1_Stream6_IRQHandler
                0x000000000800b354                DMAMUX1_OVR_IRQHandler
                0x000000000800b354                DMA1_Stream1_IRQHandler
                0x000000000800b354                TIM16_IRQHandler
                0x000000000800b354                UART4_IRQHandler
                0x000000000800b354                BDMA_Channel5_IRQHandler
                0x000000000800b354                TIM3_IRQHandler
                0x000000000800b354                RCC_IRQHandler
                0x000000000800b354                TIM8_BRK_TIM12_IRQHandler
                0x000000000800b354                TIM1_TRG_COM_IRQHandler
                0x000000000800b354                Default_Handler
                0x000000000800b354                ECC_IRQHandler
                0x000000000800b354                CEC_IRQHandler
                0x000000000800b354                EXTI15_10_IRQHandler
                0x000000000800b354                BDMA_Channel0_IRQHandler
                0x000000000800b354                ADC_IRQHandler
                0x000000000800b354                DMA1_Stream7_IRQHandler
                0x000000000800b354                HRTIM1_TIMA_IRQHandler
                0x000000000800b354                SPI5_IRQHandler
                0x000000000800b354                TIM7_IRQHandler
                0x000000000800b354                SDMMC1_IRQHandler
                0x000000000800b354                TIM5_IRQHandler
                0x000000000800b354                DMA2_Stream7_IRQHandler
                0x000000000800b354                TIM15_IRQHandler
                0x000000000800b354                PVD_AVD_IRQHandler
                0x000000000800b354                I2C3_EV_IRQHandler
                0x000000000800b354                EXTI9_5_IRQHandler
                0x000000000800b354                RTC_WKUP_IRQHandler
                0x000000000800b354                LTDC_IRQHandler
                0x000000000800b354                SAI3_IRQHandler
                0x000000000800b354                ETH_WKUP_IRQHandler
                0x000000000800b354                SPDIF_RX_IRQHandler
                0x000000000800b354                SPI2_IRQHandler
                0x000000000800b354                OTG_HS_EP1_IN_IRQHandler
                0x000000000800b354                DMA1_Stream0_IRQHandler
                0x000000000800b354                CRS_IRQHandler
                0x000000000800b354                EXTI4_IRQHandler
                0x000000000800b354                RNG_IRQHandler
                0x000000000800b354                HRTIM1_TIMB_IRQHandler
                0x000000000800b354                FDCAN2_IT1_IRQHandler
                0x000000000800b354                ETH_IRQHandler
                0x000000000800b354                BDMA_Channel4_IRQHandler
                0x000000000800b354                OTG_HS_EP1_OUT_IRQHandler
                0x000000000800b354                WWDG_IRQHandler
                0x000000000800b354                SPI6_IRQHandler
                0x000000000800b354                MDIOS_IRQHandler
                0x000000000800b354                I2C4_EV_IRQHandler
                0x000000000800b354                FDCAN2_IT0_IRQHandler
                0x000000000800b354                LPUART1_IRQHandler
                0x000000000800b354                FDCAN1_IT0_IRQHandler
                0x000000000800b354                TIM2_IRQHandler
                0x000000000800b354                OTG_FS_WKUP_IRQHandler
                0x000000000800b354                OTG_HS_IRQHandler
                0x000000000800b354                DMA2D_IRQHandler
                0x000000000800b354                TIM1_BRK_IRQHandler
                0x000000000800b354                EXTI1_IRQHandler
                0x000000000800b354                SDMMC2_IRQHandler
                0x000000000800b354                OTG_FS_EP1_OUT_IRQHandler
                0x000000000800b354                BDMA_Channel3_IRQHandler
                0x000000000800b354                UART7_IRQHandler
                0x000000000800b354                MDIOS_WKUP_IRQHandler
                0x000000000800b354                USART2_IRQHandler
                0x000000000800b354                DFSDM1_FLT0_IRQHandler
                0x000000000800b354                SAI4_IRQHandler
                0x000000000800b354                I2C2_ER_IRQHandler
                0x000000000800b354                DMA2_Stream1_IRQHandler
                0x000000000800b354                FLASH_IRQHandler
                0x000000000800b354                DMA2_Stream4_IRQHandler
                0x000000000800b354                USART1_IRQHandler
                0x000000000800b354                OTG_FS_IRQHandler
                0x000000000800b354                SPI3_IRQHandler
                0x000000000800b354                WAKEUP_PIN_IRQHandler
                0x000000000800b354                DMA1_Stream4_IRQHandler
                0x000000000800b354                OTG_FS_EP1_IN_IRQHandler
                0x000000000800b354                I2C1_ER_IRQHandler
                0x000000000800b354                FMC_IRQHandler
                0x000000000800b354                FDCAN_CAL_IRQHandler
                0x000000000800b354                SWPMI1_IRQHandler
                0x000000000800b354                COMP1_IRQHandler
                0x000000000800b354                LPTIM1_IRQHandler
                0x000000000800b354                I2C4_ER_IRQHandler
                0x000000000800b354                DMA2_Stream6_IRQHandler
                0x000000000800b354                SAI1_IRQHandler
                0x000000000800b354                DMA1_Stream3_IRQHandler
 *(.glue_7)
 .glue_7        0x000000000800b356        0x0 linker stubs
 *(.glue_7t)
 .glue_7t       0x000000000800b356        0x0 linker stubs
 *(.eh_frame)
 *fill*         0x000000000800b356        0x2 
 .eh_frame      0x000000000800b358        0x0 /usr/lib/gcc/arm-none-eabi/6.3.1/thumb/v7e-m/fpv5/hard/crtbegin.o
 *(.init)
 .init          0x000000000800b358        0x4 /usr/lib/gcc/arm-none-eabi/6.3.1/thumb/v7e-m/fpv5/hard/crti.o
                0x000000000800b358                _init
 .init          0x000000000800b35c        0x8 /usr/lib/gcc/arm-none-eabi/6.3.1/thumb/v7e-m/fpv5/hard/crtn.o
 *(.fini)
 .fini          0x000000000800b364        0x4 /usr/lib/gcc/arm-none-eabi/6.3.1/thumb/v7e-m/fpv5/hard/crti.o
                0x000000000800b364                _fini
 .fini          0x000000000800b368        0x8 /usr/lib/gcc/arm-none-eabi/6.3.1/thumb/v7e-m/fpv5/hard/crtn.o
                0x000000000800b370                . = ALIGN (0x4)
                0x000000000800b370                _etext = .

.vfp11_veneer   0x000000000800b370        0x0
 .vfp11_veneer  0x000000000800b370        0x0 linker stubs

.v4_bx          0x000000000800b370        0x0
 .v4_bx         0x000000000800b370        0x0 linker stubs

.iplt           0x000000000800b370        0x0
 .iplt          0x000000000800b370        0x0 /usr/lib/gcc/arm-none-eabi/6.3.1/thumb/v7e-m/fpv5/hard/crtbegin.o

.rodata         0x000000000800b370     0x1680
                0x000000000800b370                . = ALIGN (0x4)
 *(.rodata)
 .rodata        0x000000000800b370        0x4 /usr/lib/gcc/arm-none-eabi/6.3.1/../../../arm-none-eabi/lib/thumb/v7e-m/fpv5/hard/libc_nano.a(lib_a-impure.o)
                0x000000000800b370                _global_impure_ptr
 .rodata        0x000000000800b374       0x60 /usr/lib/gcc/arm-none-eabi/6.3.1/../../../arm-none-eabi/lib/thumb/v7e-m/fpv5/hard/libc_nano.a(lib_a-findfp.o)
                0x000000000800b374                __sf_fake_stderr
                0x000000000800b394                __sf_fake_stdout
                0x000000000800b3b4                __sf_fake_stdin
 *(.rodata*)
 .rodata.ethernetif_init.str1.4
                0x000000000800b3d4       0x4c build/ethernetif.o
 .rodata.memp_RX_POOL
                0x000000000800b420        0xc build/ethernetif.o
                0x000000000800b420                memp_RX_POOL
 .rodata.D1CorePrescTable
                0x000000000800b42c       0x10 build/system_stm32h7xx.o
                0x000000000800b42c                D1CorePrescTable
 .rodata.ethbroadcast
                0x000000000800b43c        0x6 build/ethernet.o
                0x000000000800b43c                ethbroadcast
 *fill*         0x000000000800b442        0x2 
 .rodata.ethernet_output.str1.4
                0x000000000800b444       0x65 build/ethernet.o
                                         0x90 (size before relaxing)
 *fill*         0x000000000800b4a9        0x3 
 .rodata.ethzero
                0x000000000800b4ac        0x6 build/ethernet.o
                0x000000000800b4ac                ethzero
 *fill*         0x000000000800b4b2        0x2 
 .rodata.mem_free.str1.4
                0x000000000800b4b4       0x50 build/mem.o
 .rodata.mem_malloc.str1.4
                0x000000000800b504       0x9f build/mem.o
 *fill*         0x000000000800b5a3        0x1 
 .rodata.mem_trim.str1.4
                0x000000000800b5a4       0x38 build/mem.o
 .rodata.plug_holes.str1.4
                0x000000000800b5dc       0xa6 build/mem.o
                                         0xce (size before relaxing)
 *fill*         0x000000000800b682        0x2 
 .rodata.do_memp_free_pool.str1.4
                0x000000000800b684       0x20 build/memp.o
 .rodata.do_memp_malloc_pool.str1.4
                0x000000000800b6a4       0x53 build/memp.o
                                         0x7c (size before relaxing)
 *fill*         0x000000000800b6f7        0x1 
 .rodata.memp_FRAG_PBUF
                0x000000000800b6f8        0xc build/memp.o
                0x000000000800b6f8                memp_FRAG_PBUF
 .rodata.memp_PBUF
                0x000000000800b704        0xc build/memp.o
                0x000000000800b704                memp_PBUF
 .rodata.memp_PBUF_POOL
                0x000000000800b710        0xc build/memp.o
                0x000000000800b710                memp_PBUF_POOL
 .rodata.memp_REASSDATA
                0x000000000800b71c        0xc build/memp.o
                0x000000000800b71c                memp_REASSDATA
 .rodata.memp_SYS_TIMEOUT
                0x000000000800b728        0xc build/memp.o
                0x000000000800b728                memp_SYS_TIMEOUT
 .rodata.memp_TCP_PCB
                0x000000000800b734        0xc build/memp.o
                0x000000000800b734                memp_TCP_PCB
 .rodata.memp_TCP_PCB_LISTEN
                0x000000000800b740        0xc build/memp.o
                0x000000000800b740                memp_TCP_PCB_LISTEN
 .rodata.memp_TCP_SEG
                0x000000000800b74c        0xc build/memp.o
                0x000000000800b74c                memp_TCP_SEG
 .rodata.memp_UDP_PCB
                0x000000000800b758        0xc build/memp.o
                0x000000000800b758                memp_UDP_PCB
 .rodata.memp_free.str1.4
                0x000000000800b764       0x1b build/memp.o
 *fill*         0x000000000800b77f        0x1 
 .rodata.memp_malloc.str1.4
                0x000000000800b780       0x1d build/memp.o
 *fill*         0x000000000800b79d        0x3 
 .rodata.memp_pools
                0x000000000800b7a0       0x24 build/memp.o
                0x000000000800b7a0                memp_pools
 .rodata.netif_add.str1.4
                0x000000000800b7c4       0x47 build/netif.o
                                         0x70 (size before relaxing)
 *fill*         0x000000000800b80b        0x1 
 .rodata.pbuf_alloc.str1.4
                0x000000000800b80c       0xe3 build/pbuf.o
 *fill*         0x000000000800b8ef        0x1 
 .rodata.pbuf_alloced_custom.str1.4
                0x000000000800b8f0       0x24 build/pbuf.o
 .rodata.pbuf_cat.str1.4
                0x000000000800b914       0x78 build/pbuf.o
 .rodata.pbuf_copy.str1.4
                0x000000000800b98c       0x9e build/pbuf.o
 *fill*         0x000000000800ba2a        0x2 
 .rodata.pbuf_copy_partial.str1.4
                0x000000000800ba2c       0x43 build/pbuf.o
 *fill*         0x000000000800ba6f        0x1 
 .rodata.pbuf_free.str1.4
                0x000000000800ba70       0x51 build/pbuf.o
 *fill*         0x000000000800bac1        0x3 
 .rodata.pbuf_header_impl.str1.4
                0x000000000800bac4       0x6a build/pbuf.o
                                         0x92 (size before relaxing)
 *fill*         0x000000000800bb2e        0x2 
 .rodata.pbuf_realloc.str1.4
                0x000000000800bb30       0x7c build/pbuf.o
 .rodata.pbuf_ref.str1.4
                0x000000000800bbac       0x12 build/pbuf.o
 *fill*         0x000000000800bbbe        0x2 
 .rodata.tcp_abandon.str1.4
                0x000000000800bbc0       0x31 build/tcp.o
 *fill*         0x000000000800bbf1        0x3 
 .rodata.tcp_backoff
                0x000000000800bbf4        0xd build/tcp.o
 *fill*         0x000000000800bc01        0x3 
 .rodata.tcp_close_shutdown.str1.4
                0x000000000800bc04       0x19 build/tcp.o
 *fill*         0x000000000800bc1d        0x3 
 .rodata.tcp_kill_state.str1.4
                0x000000000800bc20        0xe build/tcp.o
 *fill*         0x000000000800bc2e        0x2 
 .rodata.tcp_listen_closed.str1.4
                0x000000000800bc30       0x4d build/tcp.o
                                         0x75 (size before relaxing)
 *fill*         0x000000000800bc7d        0x3 
 .rodata.tcp_pcb_lists
                0x000000000800bc80       0x10 build/tcp.o
                0x000000000800bc80                tcp_pcb_lists
 .rodata.tcp_pcb_remove.str1.4
                0x000000000800bc90       0x4b build/tcp.o
 *fill*         0x000000000800bcdb        0x1 
 .rodata.tcp_persist_backoff
                0x000000000800bcdc        0x7 build/tcp.o
 *fill*         0x000000000800bce3        0x1 
 .rodata.tcp_recved.str1.4
                0x000000000800bce4       0x49 build/tcp.o
 *fill*         0x000000000800bd2d        0x3 
 .rodata.tcp_slowtmr.str1.4
                0x000000000800bd30      0x15e build/tcp.o
 *fill*         0x000000000800be8e        0x2 
 .rodata.tcp_update_rcv_ann_wnd.str1.4
                0x000000000800be90       0x1a build/tcp.o
 *fill*         0x000000000800beaa        0x2 
 .rodata.tcp_input.str1.4
                0x000000000800beac      0x15a build/tcp_in.o
 *fill*         0x000000000800c006        0x2 
 .rodata.tcp_process.str1.4
                0x000000000800c008       0x6a build/tcp_in.o
 *fill*         0x000000000800c072        0x2 
 .rodata.tcp_receive.str1.4
                0x000000000800c074      0x191 build/tcp_in.o
                                        0x1b9 (size before relaxing)
 *fill*         0x000000000800c205        0x3 
 .rodata.tcp_create_segment.str1.4
                0x000000000800c208       0x15 build/tcp_out.o
 *fill*         0x000000000800c21d        0x3 
 .rodata.tcp_enqueue_flags.str1.4
                0x000000000800c220      0x100 build/tcp_out.o
 .rodata.tcp_output.str1.4
                0x000000000800c320       0x3f build/tcp_out.o
 *fill*         0x000000000800c35f        0x1 
 .rodata.tcp_output_alloc_header.str1.4
                0x000000000800c360       0x2e build/tcp_out.o
 *fill*         0x000000000800c38e        0x2 
 .rodata.tcp_write_checks.str1.4
                0x000000000800c390       0x9e build/tcp_out.o
                                         0xc6 (size before relaxing)
 *fill*         0x000000000800c42e        0x2 
 .rodata.lwip_cyclic_timers
                0x000000000800c430       0x18 build/timeouts.o
                0x000000000800c430                lwip_cyclic_timers
 .rodata.sys_timeout.str1.4
                0x000000000800c448       0x71 build/timeouts.o
                                         0x9c (size before relaxing)
 *fill*         0x000000000800c4b9        0x3 
 .rodata.udp_input.str1.4
                0x000000000800c4bc       0x40 build/udp.o
                                         0x68 (size before relaxing)
 .rodata.etharp_find_entry.str1.4
                0x000000000800c4fc       0x89 build/etharp.o
                                         0xb1 (size before relaxing)
 *fill*         0x000000000800c585        0x3 
 .rodata.etharp_get_entry.str1.4
                0x000000000800c588       0x20 build/etharp.o
 .rodata.etharp_output_to_arp_index.str1.4
                0x000000000800c5a8       0x30 build/etharp.o
 .rodata.etharp_query.str1.4
                0x000000000800c5d8       0x4e build/etharp.o
 *fill*         0x000000000800c626        0x2 
 .rodata.etharp_raw.str1.4
                0x000000000800c628       0x75 build/etharp.o
                                         0x85 (size before relaxing)
 *fill*         0x000000000800c69d        0x3 
 .rodata.etharp_update_arp_entry.str1.4
                0x000000000800c6a0       0x24 build/etharp.o
 .rodata.icmp_input.str1.4
                0x000000000800c6c4       0x6a build/icmp.o
 *fill*         0x000000000800c72e        0x2 
 .rodata.icmp_send_response.str1.4
                0x000000000800c730       0x60 build/icmp.o
                                         0x88 (size before relaxing)
 .rodata.ip4_output_if_src.str1.4
                0x000000000800c790       0x6d build/ip4.o
                                         0x95 (size before relaxing)
 *fill*         0x000000000800c7fd        0x3 
 .rodata.ip_addr_any
                0x000000000800c800        0x4 build/ip4_addr.o
                0x000000000800c800                ip_addr_any
 .rodata.ip4_frag.str1.4
                0x000000000800c804       0x64 build/ip4_frag.o
 .rodata.ip_frag_free_pbuf_custom_ref.str1.4
                0x000000000800c868        0xa build/ip4_frag.o
 .rodata.ip_reass_chain_frag_into_datagram_and_validate.str1.4
                0x000000000800c868       0x8a build/ip4_frag.o
 *fill*         0x000000000800c8f2        0x2 
 .rodata.ip_reass_dequeue_datagram.str1.4
                0x000000000800c8f4       0x51 build/ip4_frag.o
                                         0x7c (size before relaxing)
 *fill*         0x000000000800c945        0x3 
 .rodata.ip_reass_free_complete_datagram.str1.4
                0x000000000800c948       0x5b build/ip4_frag.o
 *fill*         0x000000000800c9a3        0x1 
 .rodata.ipfrag_free_pbuf_custom.str1.4
                0x000000000800c9a4        0xc build/ip4_frag.o
 .rodata.str1.4
                0x000000000800c9b0        0x2 /usr/lib/gcc/arm-none-eabi/6.3.1/../../../arm-none-eabi/lib/thumb/v7e-m/fpv5/hard/libc_nano.a(lib_a-impure.o)
 *fill*         0x000000000800c9b2        0x2 
 .rodata.str1.4
                0x000000000800c9b4       0x13 /usr/lib/gcc/arm-none-eabi/6.3.1/../../../arm-none-eabi/lib/thumb/v7e-m/fpv5/hard/libc_nano.a(lib_a-nano-vfprintf.o)
 *fill*         0x000000000800c9c7        0x1 
 .rodata.str1.4
                0x000000000800c9c8       0x28 /usr/lib/gcc/arm-none-eabi/6.3.1/../../../arm-none-eabi/lib/thumb/v7e-m/fpv5/hard/libc_nano.a(lib_a-nano-vfprintf_i.o)
                                         0x25 (size before relaxing)
                0x000000000800c9f0                . = ALIGN (0x4)

.rel.dyn        0x000000000800c9f0        0x0
 .rel.iplt      0x000000000800c9f0        0x0 /usr/lib/gcc/arm-none-eabi/6.3.1/thumb/v7e-m/fpv5/hard/crtbegin.o

.ARM.extab
 *(.ARM.extab* .gnu.linkonce.armextab.*)

.ARM            0x000000000800c9f0        0x0
                0x000000000800c9f0                __exidx_start = .
 *(.ARM.exidx*)
                0x000000000800c9f0                __exidx_end = .

.preinit_array  0x000000000800c9f0        0x0
                0x000000000800c9f0                PROVIDE (__preinit_array_start, .)
 *(.preinit_array*)
                0x000000000800c9f0                PROVIDE (__preinit_array_end, .)

.init_array     0x000000000800c9f0        0x4
                0x000000000800c9f0                PROVIDE (__init_array_start, .)
 *(SORT(.init_array.*))
 *(.init_array*)
 .init_array    0x000000000800c9f0        0x4 /usr/lib/gcc/arm-none-eabi/6.3.1/thumb/v7e-m/fpv5/hard/crtbegin.o
                0x000000000800c9f4                PROVIDE (__init_array_end, .)

.fini_array     0x000000000800c9f4        0x4
                0x000000000800c9f4                PROVIDE (__fini_array_start, .)
 *(SORT(.fini_array.*))
 *(.fini_array*)
 .fini_array    0x000000000800c9f4        0x4 /usr/lib/gcc/arm-none-eabi/6.3.1/thumb/v7e-m/fpv5/hard/crtbegin.o
                0x000000000800c9f8                PROVIDE (__fini_array_end, .)
                0x000000000800c9f8                _sidata = LOADADDR (.data)

.data           0x0000000020000000       0x8c load address 0x000000000800c9f8
                0x0000000020000000                . = ALIGN (0x4)
                0x0000000020000000                _sdata = .
 *(.data)
 .data          0x0000000020000000       0x64 /usr/lib/gcc/arm-none-eabi/6.3.1/../../../arm-none-eabi/lib/thumb/v7e-m/fpv5/hard/libc_nano.a(lib_a-impure.o)
                0x0000000020000000                _impure_ptr
 *(.data*)
 .data.LAN8742_IOCtx
                0x0000000020000064       0x14 build/ethernetif.o
                0x0000000020000064                LAN8742_IOCtx
 .data.uwTickFreq
                0x0000000020000078        0x1 build/stm32h7xx_hal.o
                0x0000000020000078                uwTickFreq
 *fill*         0x0000000020000079        0x3 
 .data.uwTickPrio
                0x000000002000007c        0x4 build/stm32h7xx_hal.o
                0x000000002000007c                uwTickPrio
 .data.SystemCoreClock
                0x0000000020000080        0x4 build/system_stm32h7xx.o
                0x0000000020000080                SystemCoreClock
 .data.SystemD2Clock
                0x0000000020000084        0x4 build/system_stm32h7xx.o
                0x0000000020000084                SystemD2Clock
 .data.iss.13467
                0x0000000020000088        0x4 build/tcp.o
                0x000000002000008c                . = ALIGN (0x4)
                0x000000002000008c                _edata = .

.jcr            0x000000002000008c        0x0 load address 0x000000000800ca84
 .jcr           0x000000002000008c        0x0 /usr/lib/gcc/arm-none-eabi/6.3.1/thumb/v7e-m/fpv5/hard/crtbegin.o

.tm_clone_table
                0x000000002000008c        0x0 load address 0x000000000800ca84
 .tm_clone_table
                0x000000002000008c        0x0 /usr/lib/gcc/arm-none-eabi/6.3.1/thumb/v7e-m/fpv5/hard/crtbegin.o
 .tm_clone_table
                0x000000002000008c        0x0 /usr/lib/gcc/arm-none-eabi/6.3.1/thumb/v7e-m/fpv5/hard/crtend.o

.igot.plt       0x000000002000008c        0x0 load address 0x000000000800ca84
 .igot.plt      0x000000002000008c        0x0 /usr/lib/gcc/arm-none-eabi/6.3.1/thumb/v7e-m/fpv5/hard/crtbegin.o

.RxArraySection
                0x000000002000008c     0x1800 load address 0x000000000800ca84
 .RxArraySection
                0x000000002000008c     0x1800 build/ethernetif.o
                0x000000002000008c                Rx_Buff

.RxDecripSection
                0x000000002000188c       0x60 load address 0x000000000800e284
 .RxDecripSection
                0x000000002000188c       0x60 build/ethernetif.o
                0x000000002000188c                DMARxDscrTab

.TxDecripSection
                0x00000000200018ec       0x60 load address 0x000000000800e2e4
 .TxDecripSection
                0x00000000200018ec       0x60 build/ethernetif.o
                0x00000000200018ec                DMATxDscrTab
                0x000000002000194c                . = ALIGN (0x4)

.bss            0x000000002000194c     0x3d58 load address 0x000000000800e344
                0x000000002000194c                _sbss = .
                0x000000002000194c                __bss_start__ = _sbss
 *(.bss)
 .bss           0x000000002000194c       0x1c /usr/lib/gcc/arm-none-eabi/6.3.1/thumb/v7e-m/fpv5/hard/crtbegin.o
 .bss           0x0000000020001968        0x8 /usr/lib/gcc/arm-none-eabi/6.3.1/../../../arm-none-eabi/lib/thumb/v7e-m/fpv5/hard/libc_nano.a(lib_a-nano-mallocr.o)
                0x0000000020001968                __malloc_free_list
                0x000000002000196c                __malloc_sbrk_start
 .bss           0x0000000020001970        0x4 /usr/lib/gcc/arm-none-eabi/6.3.1/../../../arm-none-eabi/lib/thumb/v7e-m/fpv5/hard/libnosys.a(sbrk.o)
 *(.bss*)
 .bss.memp_tab_RX_POOL
                0x0000000020001974        0x4 build/ethernetif.o
 .bss.lfree     0x0000000020001978        0x4 build/mem.o
 .bss.ram       0x000000002000197c        0x4 build/mem.o
 .bss.ram_end   0x0000000020001980        0x4 build/mem.o
 .bss.memp_tab_FRAG_PBUF
                0x0000000020001984        0x4 build/memp.o
 .bss.memp_tab_PBUF
                0x0000000020001988        0x4 build/memp.o
 .bss.memp_tab_PBUF_POOL
                0x000000002000198c        0x4 build/memp.o
 .bss.memp_tab_REASSDATA
                0x0000000020001990        0x4 build/memp.o
 .bss.memp_tab_SYS_TIMEOUT
                0x0000000020001994        0x4 build/memp.o
 .bss.memp_tab_TCP_PCB
                0x0000000020001998        0x4 build/memp.o
 .bss.memp_tab_TCP_PCB_LISTEN
                0x000000002000199c        0x4 build/memp.o
 .bss.memp_tab_TCP_SEG
                0x00000000200019a0        0x4 build/memp.o
 .bss.memp_tab_UDP_PCB
                0x00000000200019a4        0x4 build/memp.o
 .bss.netif_num
                0x00000000200019a8        0x1 build/netif.o
 .bss.tcp_timer
                0x00000000200019a9        0x1 build/tcp.o
 .bss.tcp_timer_ctr
                0x00000000200019aa        0x1 build/tcp.o
 *fill*         0x00000000200019ab        0x1 
 .bss.ackno     0x00000000200019ac        0x4 build/tcp_in.o
 .bss.flags     0x00000000200019b0        0x1 build/tcp_in.o
 *fill*         0x00000000200019b1        0x3 
 .bss.inseg     0x00000000200019b4       0x10 build/tcp_in.o
 .bss.recv_acked
                0x00000000200019c4        0x2 build/tcp_in.o
 *fill*         0x00000000200019c6        0x2 
 .bss.recv_data
                0x00000000200019c8        0x4 build/tcp_in.o
 .bss.recv_flags
                0x00000000200019cc        0x1 build/tcp_in.o
 *fill*         0x00000000200019cd        0x3 
 .bss.seqno     0x00000000200019d0        0x4 build/tcp_in.o
 .bss.tcp_optidx
                0x00000000200019d4        0x2 build/tcp_in.o
 *fill*         0x00000000200019d6        0x2 
 .bss.tcphdr    0x00000000200019d8        0x4 build/tcp_in.o
 .bss.tcphdr_opt1len
                0x00000000200019dc        0x2 build/tcp_in.o
 *fill*         0x00000000200019de        0x2 
 .bss.tcphdr_opt2
                0x00000000200019e0        0x4 build/tcp_in.o
 .bss.tcphdr_optlen
                0x00000000200019e4        0x2 build/tcp_in.o
 .bss.tcplen    0x00000000200019e6        0x2 build/tcp_in.o
 .bss.next_timeout
                0x00000000200019e8        0x4 build/timeouts.o
 .bss.tcpip_tcp_timer_active
                0x00000000200019ec        0x4 build/timeouts.o
 .bss.timeouts_last_time
                0x00000000200019f0        0x4 build/timeouts.o
 .bss.arp_table
                0x00000000200019f4       0xf0 build/etharp.o
 .bss.etharp_cached_entry
                0x0000000020001ae4        0x1 build/etharp.o
 *fill*         0x0000000020001ae5        0x1 
 .bss.ip_id     0x0000000020001ae6        0x2 build/ip4.o
 .bss.ip_reass_pbufcount
                0x0000000020001ae8        0x2 build/ip4_frag.o
 *fill*         0x0000000020001aea        0x2 
 .bss.reassdatagrams
                0x0000000020001aec        0x4 build/ip4_frag.o
 *(COMMON)
 COMMON         0x0000000020001af0      0x448 build/main.o
                0x0000000020001af0                hpcd_USB_OTG_FS
                0x0000000020001ef8                htim2
 COMMON         0x0000000020001f38       0x48 build/lwip.o
                0x0000000020001f38                GATEWAY_ADDRESS
                0x0000000020001f3c                gnetif
                0x0000000020001f6c                ipaddr
                0x0000000020001f70                NETMASK_ADDRESS
                0x0000000020001f74                IP_ADDRESS
                0x0000000020001f78                netmask
                0x0000000020001f7c                gw
 COMMON         0x0000000020001f80      0x190 build/ethernetif.o
                0x0000000020001f80                memp_memory_RX_POOL_base
                0x000000002000204c                LAN8742
                0x000000002000206c                heth
                0x00000000200020dc                TxConfig
 COMMON         0x0000000020002110       0x40 build/stm32h7xx_hal_timebase_tim.o
                0x0000000020002110                htim1
 COMMON         0x0000000020002150        0x4 build/stm32h7xx_hal.o
                0x0000000020002150                uwTick
 COMMON         0x0000000020002154       0x18 build/ip.o
                0x0000000020002154                ip_data
 COMMON         0x000000002000216c      0x653 build/mem.o
                0x000000002000216c                ram_heap
 *fill*         0x00000000200027bf        0x1 
 COMMON         0x00000000200027c0     0x2eb3 build/memp.o
                0x00000000200027c0                memp_memory_TCP_SEG_base
                0x00000000200028c4                memp_memory_PBUF_POOL_base
                0x0000000020004ec8                memp_memory_FRAG_PBUF_base
                0x0000000020005034                memp_memory_PBUF_base
                0x0000000020005138                memp_memory_TCP_PCB_LISTEN_base
                0x000000002000521c                memp_memory_REASSDATA_base
                0x00000000200052c0                memp_memory_UDP_PCB_base
                0x0000000020005344                memp_memory_TCP_PCB_base
                0x0000000020005640                memp_memory_SYS_TIMEOUT_base
 *fill*         0x0000000020005673        0x1 
 COMMON         0x0000000020005674        0x8 build/netif.o
                0x0000000020005674                netif_list
                0x0000000020005678                netif_default
 COMMON         0x000000002000567c        0x1 build/pbuf.o
                0x000000002000567c                pbuf_free_ooseq_pending
 *fill*         0x000000002000567d        0x3 
 COMMON         0x0000000020005680       0x18 build/tcp.o
                0x0000000020005680                tcp_active_pcbs_changed
                0x0000000020005684                tcp_active_pcbs
                0x0000000020005688                tcp_ticks
                0x000000002000568c                tcp_listen_pcbs
                0x0000000020005690                tcp_bound_pcbs
                0x0000000020005694                tcp_tw_pcbs
 COMMON         0x0000000020005698        0x4 build/tcp_in.o
                0x0000000020005698                tcp_input_pcb
 COMMON         0x000000002000569c        0x4 build/udp.o
                0x000000002000569c                udp_pcbs
 COMMON         0x00000000200056a0        0x4 /usr/lib/gcc/arm-none-eabi/6.3.1/../../../arm-none-eabi/lib/thumb/v7e-m/fpv5/hard/libc_nano.a(lib_a-reent.o)
                0x00000000200056a0                errno
                0x00000000200056a4                . = ALIGN (0x4)
                0x00000000200056a4                _ebss = .
                0x00000000200056a4                __bss_end__ = _ebss

._user_heap_stack
                0x00000000200056a4      0x604 load address 0x000000000800e344
                0x00000000200056a8                . = ALIGN (0x8)
 *fill*         0x00000000200056a4        0x4 
                0x00000000200056a8                PROVIDE (end, .)
                [!provide]                        PROVIDE (_end, .)
                0x00000000200058a8                . = (. + _Min_Heap_Size)
 *fill*         0x00000000200056a8      0x200 
                0x0000000020005ca8                . = (. + _Min_Stack_Size)
 *fill*         0x00000000200058a8      0x400 
                0x0000000020005ca8                . = ALIGN (0x8)

/DISCARD/
 libc.a(*)
 libm.a(*)
 libgcc.a(*)

.ARM.attributes
                0x0000000000000000       0x2e
 *(.ARM.attributes)
 .ARM.attributes
                0x0000000000000000       0x20 /usr/lib/gcc/arm-none-eabi/6.3.1/thumb/v7e-m/fpv5/hard/crti.o
 .ARM.attributes
                0x0000000000000020       0x32 /usr/lib/gcc/arm-none-eabi/6.3.1/thumb/v7e-m/fpv5/hard/crtbegin.o
 .ARM.attributes
                0x0000000000000052       0x37 build/main.o
 .ARM.attributes
                0x0000000000000089       0x37 build/lwip.o
 .ARM.attributes
                0x00000000000000c0       0x37 build/ethernetif.o
 .ARM.attributes
                0x00000000000000f7       0x37 build/stm32h7xx_it.o
 .ARM.attributes
                0x000000000000012e       0x37 build/stm32h7xx_hal_msp.o
 .ARM.attributes
                0x0000000000000165       0x37 build/stm32h7xx_hal_timebase_tim.o
 .ARM.attributes
                0x000000000000019c       0x37 build/lan8742.o
 .ARM.attributes
                0x00000000000001d3       0x37 build/stm32h7xx_hal_eth.o
 .ARM.attributes
                0x000000000000020a       0x37 build/stm32h7xx_hal_rcc.o
 .ARM.attributes
                0x0000000000000241       0x37 build/stm32h7xx_hal_rcc_ex.o
 .ARM.attributes
                0x0000000000000278       0x37 build/stm32h7xx_hal_gpio.o
 .ARM.attributes
                0x00000000000002af       0x37 build/stm32h7xx_hal_pwr_ex.o
 .ARM.attributes
                0x00000000000002e6       0x37 build/stm32h7xx_hal_cortex.o
 .ARM.attributes
                0x000000000000031d       0x37 build/stm32h7xx_hal.o
 .ARM.attributes
                0x0000000000000354       0x37 build/stm32h7xx_hal_tim.o
 .ARM.attributes
                0x000000000000038b       0x37 build/stm32h7xx_hal_tim_ex.o
 .ARM.attributes
                0x00000000000003c2       0x37 build/stm32h7xx_hal_pcd.o
 .ARM.attributes
                0x00000000000003f9       0x37 build/stm32h7xx_hal_pcd_ex.o
 .ARM.attributes
                0x0000000000000430       0x37 build/stm32h7xx_ll_usb.o
 .ARM.attributes
                0x0000000000000467       0x37 build/system_stm32h7xx.o
 .ARM.attributes
                0x000000000000049e       0x37 build/ethernet.o
 .ARM.attributes
                0x00000000000004d5       0x37 build/def.o
 .ARM.attributes
                0x000000000000050c       0x37 build/init.o
 .ARM.attributes
                0x0000000000000543       0x37 build/ip.o
 .ARM.attributes
                0x000000000000057a       0x37 build/mem.o
 .ARM.attributes
                0x00000000000005b1       0x37 build/memp.o
 .ARM.attributes
                0x00000000000005e8       0x37 build/netif.o
 .ARM.attributes
                0x000000000000061f       0x37 build/pbuf.o
 .ARM.attributes
                0x0000000000000656       0x37 build/tcp.o
 .ARM.attributes
                0x000000000000068d       0x37 build/tcp_in.o
 .ARM.attributes
                0x00000000000006c4       0x37 build/tcp_out.o
 .ARM.attributes
                0x00000000000006fb       0x37 build/timeouts.o
 .ARM.attributes
                0x0000000000000732       0x37 build/udp.o
 .ARM.attributes
                0x0000000000000769       0x37 build/etharp.o
 .ARM.attributes
                0x00000000000007a0       0x37 build/icmp.o
 .ARM.attributes
                0x00000000000007d7       0x37 build/ip4.o
 .ARM.attributes
                0x000000000000080e       0x37 build/ip4_addr.o
 .ARM.attributes
                0x0000000000000845       0x37 build/ip4_frag.o
 .ARM.attributes
                0x000000000000087c       0x21 build/startup_stm32h743xx.o
 .ARM.attributes
                0x000000000000089d       0x32 /usr/lib/gcc/arm-none-eabi/6.3.1/../../../arm-none-eabi/lib/thumb/v7e-m/fpv5/hard/libc_nano.a(lib_a-impure.o)
 .ARM.attributes
                0x00000000000008cf       0x32 /usr/lib/gcc/arm-none-eabi/6.3.1/../../../arm-none-eabi/lib/thumb/v7e-m/fpv5/hard/libc_nano.a(lib_a-init.o)
 .ARM.attributes
                0x0000000000000901       0x32 /usr/lib/gcc/arm-none-eabi/6.3.1/../../../arm-none-eabi/lib/thumb/v7e-m/fpv5/hard/libc_nano.a(lib_a-memcmp.o)
 .ARM.attributes
                0x0000000000000933       0x1e /usr/lib/gcc/arm-none-eabi/6.3.1/../../../arm-none-eabi/lib/thumb/v7e-m/fpv5/hard/libc_nano.a(lib_a-memcpy.o)
 .ARM.attributes
                0x0000000000000951       0x32 /usr/lib/gcc/arm-none-eabi/6.3.1/../../../arm-none-eabi/lib/thumb/v7e-m/fpv5/hard/libc_nano.a(lib_a-memset.o)
 .ARM.attributes
                0x0000000000000983       0x32 /usr/lib/gcc/arm-none-eabi/6.3.1/../../../arm-none-eabi/lib/thumb/v7e-m/fpv5/hard/libc_nano.a(lib_a-printf.o)
 .ARM.attributes
                0x00000000000009b5       0x32 /usr/lib/gcc/arm-none-eabi/6.3.1/../../../arm-none-eabi/lib/thumb/v7e-m/fpv5/hard/libc_nano.a(lib_a-findfp.o)
 .ARM.attributes
                0x00000000000009e7       0x32 /usr/lib/gcc/arm-none-eabi/6.3.1/../../../arm-none-eabi/lib/thumb/v7e-m/fpv5/hard/libc_nano.a(lib_a-fwalk.o)
 .ARM.attributes
                0x0000000000000a19       0x32 /usr/lib/gcc/arm-none-eabi/6.3.1/../../../arm-none-eabi/lib/thumb/v7e-m/fpv5/hard/libc_nano.a(lib_a-nano-mallocr.o)
 .ARM.attributes
                0x0000000000000a4b       0x32 /usr/lib/gcc/arm-none-eabi/6.3.1/../../../arm-none-eabi/lib/thumb/v7e-m/fpv5/hard/libc_nano.a(lib_a-nano-vfprintf.o)
 .ARM.attributes
                0x0000000000000a7d       0x32 /usr/lib/gcc/arm-none-eabi/6.3.1/../../../arm-none-eabi/lib/thumb/v7e-m/fpv5/hard/libc_nano.a(lib_a-nano-vfprintf_i.o)
 .ARM.attributes
                0x0000000000000aaf       0x32 /usr/lib/gcc/arm-none-eabi/6.3.1/../../../arm-none-eabi/lib/thumb/v7e-m/fpv5/hard/libc_nano.a(lib_a-sbrkr.o)
 .ARM.attributes
                0x0000000000000ae1       0x32 /usr/lib/gcc/arm-none-eabi/6.3.1/../../../arm-none-eabi/lib/thumb/v7e-m/fpv5/hard/libc_nano.a(lib_a-stdio.o)
 .ARM.attributes
                0x0000000000000b13       0x32 /usr/lib/gcc/arm-none-eabi/6.3.1/../../../arm-none-eabi/lib/thumb/v7e-m/fpv5/hard/libc_nano.a(lib_a-wbuf.o)
 .ARM.attributes
                0x0000000000000b45       0x32 /usr/lib/gcc/arm-none-eabi/6.3.1/../../../arm-none-eabi/lib/thumb/v7e-m/fpv5/hard/libc_nano.a(lib_a-writer.o)
 .ARM.attributes
                0x0000000000000b77       0x32 /usr/lib/gcc/arm-none-eabi/6.3.1/../../../arm-none-eabi/lib/thumb/v7e-m/fpv5/hard/libc_nano.a(lib_a-wsetup.o)
 .ARM.attributes
                0x0000000000000ba9       0x32 /usr/lib/gcc/arm-none-eabi/6.3.1/../../../arm-none-eabi/lib/thumb/v7e-m/fpv5/hard/libc_nano.a(lib_a-closer.o)
 .ARM.attributes
                0x0000000000000bdb       0x32 /usr/lib/gcc/arm-none-eabi/6.3.1/../../../arm-none-eabi/lib/thumb/v7e-m/fpv5/hard/libc_nano.a(lib_a-fflush.o)
 .ARM.attributes
                0x0000000000000c0d       0x32 /usr/lib/gcc/arm-none-eabi/6.3.1/../../../arm-none-eabi/lib/thumb/v7e-m/fpv5/hard/libc_nano.a(lib_a-fvwrite.o)
 .ARM.attributes
                0x0000000000000c3f       0x32 /usr/lib/gcc/arm-none-eabi/6.3.1/../../../arm-none-eabi/lib/thumb/v7e-m/fpv5/hard/libc_nano.a(lib_a-lseekr.o)
 .ARM.attributes
                0x0000000000000c71       0x32 /usr/lib/gcc/arm-none-eabi/6.3.1/../../../arm-none-eabi/lib/thumb/v7e-m/fpv5/hard/libc_nano.a(lib_a-makebuf.o)
 .ARM.attributes
                0x0000000000000ca3       0x1e /usr/lib/gcc/arm-none-eabi/6.3.1/../../../arm-none-eabi/lib/thumb/v7e-m/fpv5/hard/libc_nano.a(lib_a-memchr.o)
 .ARM.attributes
                0x0000000000000cc1       0x32 /usr/lib/gcc/arm-none-eabi/6.3.1/../../../arm-none-eabi/lib/thumb/v7e-m/fpv5/hard/libc_nano.a(lib_a-memmove.o)
 .ARM.attributes
                0x0000000000000cf3       0x32 /usr/lib/gcc/arm-none-eabi/6.3.1/../../../arm-none-eabi/lib/thumb/v7e-m/fpv5/hard/libc_nano.a(lib_a-nano-freer.o)
 .ARM.attributes
                0x0000000000000d25       0x32 /usr/lib/gcc/arm-none-eabi/6.3.1/../../../arm-none-eabi/lib/thumb/v7e-m/fpv5/hard/libc_nano.a(lib_a-nano-reallocr.o)
 .ARM.attributes
                0x0000000000000d57       0x32 /usr/lib/gcc/arm-none-eabi/6.3.1/../../../arm-none-eabi/lib/thumb/v7e-m/fpv5/hard/libc_nano.a(lib_a-readr.o)
 .ARM.attributes
                0x0000000000000d89       0x32 /usr/lib/gcc/arm-none-eabi/6.3.1/../../../arm-none-eabi/lib/thumb/v7e-m/fpv5/hard/libc_nano.a(lib_a-reent.o)
 .ARM.attributes
                0x0000000000000dbb       0x32 /usr/lib/gcc/arm-none-eabi/6.3.1/../../../arm-none-eabi/lib/thumb/v7e-m/fpv5/hard/libc_nano.a(lib_a-fstatr.o)
 .ARM.attributes
                0x0000000000000ded       0x32 /usr/lib/gcc/arm-none-eabi/6.3.1/../../../arm-none-eabi/lib/thumb/v7e-m/fpv5/hard/libc_nano.a(lib_a-isattyr.o)
 .ARM.attributes
                0x0000000000000e1f       0x32 /usr/lib/gcc/arm-none-eabi/6.3.1/../../../arm-none-eabi/lib/thumb/v7e-m/fpv5/hard/libc_nano.a(lib_a-nano-msizer.o)
 .ARM.attributes
                0x0000000000000e51       0x32 /usr/lib/gcc/arm-none-eabi/6.3.1/../../../arm-none-eabi/lib/thumb/v7e-m/fpv5/hard/libnosys.a(close.o)
 .ARM.attributes
                0x0000000000000e83       0x32 /usr/lib/gcc/arm-none-eabi/6.3.1/../../../arm-none-eabi/lib/thumb/v7e-m/fpv5/hard/libnosys.a(fstat.o)
 .ARM.attributes
                0x0000000000000eb5       0x32 /usr/lib/gcc/arm-none-eabi/6.3.1/../../../arm-none-eabi/lib/thumb/v7e-m/fpv5/hard/libnosys.a(isatty.o)
 .ARM.attributes
                0x0000000000000ee7       0x32 /usr/lib/gcc/arm-none-eabi/6.3.1/../../../arm-none-eabi/lib/thumb/v7e-m/fpv5/hard/libnosys.a(lseek.o)
 .ARM.attributes
                0x0000000000000f19       0x32 /usr/lib/gcc/arm-none-eabi/6.3.1/../../../arm-none-eabi/lib/thumb/v7e-m/fpv5/hard/libnosys.a(read.o)
 .ARM.attributes
                0x0000000000000f4b       0x32 /usr/lib/gcc/arm-none-eabi/6.3.1/../../../arm-none-eabi/lib/thumb/v7e-m/fpv5/hard/libnosys.a(sbrk.o)
 .ARM.attributes
                0x0000000000000f7d       0x32 /usr/lib/gcc/arm-none-eabi/6.3.1/../../../arm-none-eabi/lib/thumb/v7e-m/fpv5/hard/libnosys.a(write.o)
 .ARM.attributes
                0x0000000000000faf       0x32 /usr/lib/gcc/arm-none-eabi/6.3.1/thumb/v7e-m/fpv5/hard/crtend.o
 .ARM.attributes
                0x0000000000000fe1       0x20 /usr/lib/gcc/arm-none-eabi/6.3.1/thumb/v7e-m/fpv5/hard/crtn.o
OUTPUT(build/BraidyBunch.elf elf32-littlearm)

.comment        0x0000000000000000       0x31
 .comment       0x0000000000000000       0x31 /usr/lib/gcc/arm-none-eabi/6.3.1/thumb/v7e-m/fpv5/hard/crtbegin.o
                                         0x32 (size before relaxing)
 .comment       0x0000000000000031       0x32 build/main.o
 .comment       0x0000000000000031       0x32 build/lwip.o
 .comment       0x0000000000000031       0x32 build/ethernetif.o